[
  [ '', '0' ],
  [ 'snapshot', '1' ],
  [ 'dashlane-cli', '2' ],
  [ 'dist', '3' ],
  [ 'index.cjs', '4' ],
  [ 'package.json', '5' ],
  [ 'node_modules', '6' ],
  [ 'better-sqlite3', '7' ],
  [ 'build', '8' ],
  [ 'Release', '9' ],
  [ 'better_sqlite3.node', 'a' ],
  [ '@json2csv', 'b' ],
  [ 'plainjs', 'c' ],
  [ 'cjs', 'd' ],
  [ 'BaseParser.d.ts', 'e' ],
  [ 'BaseParser.d.ts.map', 'f' ],
  [ 'BaseParser.js', 'g' ],
  [ 'BaseParser.js.map', 'h' ],
  [ 'Parser.d.ts', 'i' ],
  [ 'Parser.d.ts.map', 'j' ],
  [ 'Parser.js', 'k' ],
  [ 'Parser.js.map', 'l' ],
  [ 'StreamParser.d.ts', 'm' ],
  [ 'StreamParser.d.ts.map', 'n' ],
  [ 'StreamParser.js', 'o' ],
  [ 'StreamParser.js.map', 'p' ],
  [ 'index.d.ts', 'q' ],
  [ 'index.d.ts.map', 'r' ],
  [ 'index.js', 's' ],
  [ 'index.js.map', 't' ],
  [ 'tsconfig.tsbuildinfo', 'u' ],
  [ 'utils.d.ts', 'v' ],
  [ 'utils.d.ts.map', 'w' ],
  [ 'utils.js', 'x' ],
  [ 'utils.js.map', 'y' ],
  [ 'mjs', 'z' ],
  [ 'types', '10' ],
  [ 'Transform.d.ts', '11' ],
  [ 'Transform.d.ts.map', '12' ],
  [ 'Transform.js', '13' ],
  [ 'Transform.js.map', '14' ],
  [ 'formatters', '15' ],
  [ 'Formatter.d.ts', '16' ],
  [ 'Formatter.d.ts.map', '17' ],
  [ 'Formatter.js', '18' ],
  [ 'Formatter.js.map', '19' ],
  [ 'default.d.ts', '1a' ],
  [ 'default.d.ts.map', '1b' ],
  [ 'default.js', '1c' ],
  [ 'default.js.map', '1d' ],
  [ 'number.d.ts', '1e' ],
  [ 'number.d.ts.map', '1f' ],
  [ 'number.js', '1g' ],
  [ 'number.js.map', '1h' ],
  [ 'object.d.ts', '1i' ],
  [ 'object.d.ts.map', '1j' ],
  [ 'object.js', '1k' ],
  [ 'object.js.map', '1l' ],
  [ 'string.d.ts', '1m' ],
  [ 'string.d.ts.map', '1n' ],
  [ 'string.js', '1o' ],
  [ 'string.js.map', '1p' ],
  [ 'stringExcel.d.ts', '1q' ],
  [ 'stringExcel.d.ts.map', '1r' ],
  [ 'stringExcel.js', '1s' ],
  [ 'stringExcel.js.map', '1t' ],
  [ 'stringQuoteOnlyIfNecessary.d.ts', '1u' ],
  [ 'stringQuoteOnlyIfNecessary.d.ts.map', '1v' ],
  [ 'stringQuoteOnlyIfNecessary.js', '1w' ],
  [ 'stringQuoteOnlyIfNecessary.js.map', '1x' ],
  [ 'symbol.d.ts', '1y' ],
  [ 'symbol.d.ts.map', '1z' ],
  [ 'symbol.js', '20' ],
  [ 'symbol.js.map', '21' ],
  [ 'transforms', '22' ],
  [ 'flatten.d.ts', '23' ],
  [ 'flatten.d.ts.map', '24' ],
  [ 'flatten.js', '25' ],
  [ 'flatten.js.map', '26' ],
  [ 'unwind.d.ts', '27' ],
  [ 'unwind.d.ts.map', '28' ],
  [ 'unwind.js', '29' ],
  [ 'unwind.js.map', '2a' ],
  [ '@streamparser', '2b' ],
  [ 'json', '2c' ],
  [ 'jsonparser.d.ts', '2d' ],
  [ 'jsonparser.d.ts.map', '2e' ],
  [ 'jsonparser.js', '2f' ],
  [ 'jsonparser.js.map', '2g' ],
  [ 'tokenizer.d.ts', '2h' ],
  [ 'tokenizer.d.ts.map', '2i' ],
  [ 'tokenizer.js', '2j' ],
  [ 'tokenizer.js.map', '2k' ],
  [ 'tokenparser.d.ts', '2l' ],
  [ 'tokenparser.d.ts.map', '2m' ],
  [ 'tokenparser.js', '2n' ],
  [ 'tokenparser.js.map', '2o' ],
  [ 'deno', '2p' ],
  [ 'README.md', '2q' ],
  [ 'index.ts', '2r' ],
  ... 1464 more items
]
------------------------------- virtual file system
/snapshot
  dashlane-cli                             24.2 MB 
    package.json                            3.8 KB 
    dist                                    1.8 MB 
      index.cjs                             1.8 MB 
    node_modules                           22.4 MB 
      ajv                                 992.1 KB 
        package.json                        4.4 KB 
        .runkit_example.js               496 Bytes 
        dist                              660.0 KB 
          ajv.js                            2.8 KB 
          2019.d.ts                         1.2 KB 
          2019.js                           3.1 KB 
          2019.js.map                       1.6 KB 
          2020.d.ts                         1.2 KB 
          2020.js                           2.8 KB 
          2020.js.map                       1.4 KB 
          ajv.d.ts                          1.2 KB 
          ajv.js.map                        1.4 KB 
          core.d.ts                         8.1 KB 
          core.js                          24.6 KB 
          core.js.map                      21.1 KB 
          jtd.d.ts                          2.2 KB 
          jtd.js                            3.3 KB 
          jtd.js.map                        2.0 KB 
          compile                         277.0 KB 
            errors.d.ts                  826 Bytes 
            errors.js                       5.6 KB 
            errors.js.map                   5.9 KB 
            index.d.ts                      2.8 KB 
            index.js                        9.8 KB 
            index.js.map                    9.1 KB 
            names.d.ts                   398 Bytes 
            names.js                        1.4 KB 
            names.js.map                 974 Bytes 
            ref_error.d.ts               252 Bytes 
            ref_error.js                 543 Bytes 
            ref_error.js.map             474 Bytes 
            resolve.d.ts                 755 Bytes 
            resolve.js                      4.9 KB 
            resolve.js.map                  4.7 KB 
            rules.d.ts                   809 Bytes 
            rules.js                     918 Bytes 
            rules.js.map                    1.0 KB 
            util.d.ts                       2.2 KB 
            util.js                         6.9 KB 
            util.js.map                     6.9 KB 
            codegen                        72.8 KB 
              code.d.ts                     1.6 KB 
              code.js                       4.5 KB 
              code.js.map                   5.2 KB 
              index.d.ts                    3.2 KB 
              index.js                     22.6 KB 
              index.js.map                 23.3 KB 
              scope.d.ts                    2.3 KB 
              scope.js                      5.1 KB 
              scope.js.map                  5.1 KB 
            jtd                            48.8 KB 
              parse.d.ts                 217 Bytes 
              parse.js                     13.4 KB 
              parse.js.map                 15.4 KB 
              serialize.d.ts             221 Bytes 
              serialize.js                  8.8 KB 
              serialize.js.map             10.0 KB 
              types.d.ts                 309 Bytes 
              types.js                   291 Bytes 
              types.js.map               236 Bytes 
            validate                       88.2 KB 
              applicability.d.ts         456 Bytes 
              applicability.js           853 Bytes 
              applicability.js.map       775 Bytes 
              boolSchema.d.ts            216 Bytes 
              boolSchema.js                 1.5 KB 
              boolSchema.js.map             1.3 KB 
              dataType.d.ts              884 Bytes 
              dataType.js                   8.2 KB 
              dataType.js.map               7.6 KB 
              defaults.d.ts              117 Bytes 
              defaults.js                   1.4 KB 
              defaults.js.map               1.3 KB 
              index.d.ts                    2.0 KB 
              index.js                     20.1 KB 
              index.js.map                 20.9 KB 
              keyword.d.ts               679 Bytes 
              keyword.js                    5.6 KB 
              keyword.js.map                5.9 KB 
              subschema.d.ts                1.7 KB 
              subschema.js                  3.8 KB 
              subschema.js.map              3.1 KB 
          refs                             36.4 KB 
            data.json                    409 Bytes 
            json-schema-draft-06.json       3.4 KB 
            json-schema-draft-07.json       3.7 KB 
            json-schema-secure.json         2.5 KB 
            jtd-schema.d.ts              114 Bytes 
            jtd-schema.js                   2.8 KB 
            jtd-schema.js.map               2.8 KB 
            json-schema-2019-09             9.8 KB 
              index.d.ts                 111 Bytes 
              index.js                   938 Bytes 
              index.js.map               726 Bytes 
              schema.json                   1.5 KB 
              meta                          6.6 KB 
                applicator.json             1.5 KB 
                content.json             477 Bytes 
                core.json                   1.2 KB 
                format.json              375 Bytes 
                meta-data.json           758 Bytes 
                validation.json             2.2 KB 
            json-schema-2020-12            11.0 KB 
              index.d.ts                 111 Bytes 
              index.js                      1.0 KB 
              index.js.map               751 Bytes 
              schema.json                   2.1 KB 
              meta                          7.0 KB 
                applicator.json             1.4 KB 
                content.json             479 Bytes 
                core.json                   1.3 KB 
                format-annotation.json   420 Bytes 
                meta-data.json           758 Bytes 
                unevaluated.json         472 Bytes 
                validation.json             2.2 KB 
          runtime                          20.8 KB 
            equal.d.ts                   149 Bytes 
            equal.js                     286 Bytes 
            equal.js.map                 199 Bytes 
            parseJson.d.ts               642 Bytes 
            parseJson.js                    5.3 KB 
            parseJson.js.map                5.2 KB 
            quote.d.ts                   115 Bytes 
            quote.js                     943 Bytes 
            quote.js.map                 877 Bytes 
            re2.d.ts                     129 Bytes 
            re2.js                       213 Bytes 
            re2.js.map                   182 Bytes 
            timestamp.d.ts               165 Bytes 
            timestamp.js                    1.5 KB 
            timestamp.js.map                1.9 KB 
            ucs2length.d.ts              132 Bytes 
            ucs2length.js                808 Bytes 
            ucs2length.js.map            728 Bytes 
            uri.d.ts                     132 Bytes 
            uri.js                       216 Bytes 
            uri.js.map                   182 Bytes 
            validation_error.d.ts        249 Bytes 
            validation_error.js          337 Bytes 
            validation_error.js.map      332 Bytes 
          standalone                       11.3 KB 
            index.d.ts                   243 Bytes 
            index.js                        4.4 KB 
            index.js.map                    4.0 KB 
            instance.d.ts                633 Bytes 
            instance.js                 1015 Bytes 
            instance.js.map                 1.1 KB 
          types                            18.7 KB 
            index.d.ts                      6.2 KB 
            index.js                     110 Bytes 
            index.js.map                 111 Bytes 
            json-schema.d.ts                4.9 KB 
            json-schema.js               116 Bytes 
            json-schema.js.map           123 Bytes 
            jtd-schema.d.ts                 6.9 KB 
            jtd-schema.js                115 Bytes 
            jtd-schema.js.map            121 Bytes 
          vocabularies                    217.8 KB 
            code.d.ts                       1.4 KB 
            code.js                         6.1 KB 
            code.js.map                     5.9 KB 
            draft2020.d.ts               133 Bytes 
            draft2020.js                 762 Bytes 
            draft2020.js.map             419 Bytes 
            draft7.d.ts                  127 Bytes 
            draft7.js                    557 Bytes 
            draft7.js.map                328 Bytes 
            errors.d.ts                  737 Bytes 
            errors.js                    111 Bytes 
            errors.js.map                120 Bytes 
            metadata.d.ts                149 Bytes 
            metadata.js                  427 Bytes 
            metadata.js.map              299 Bytes 
            next.d.ts                     97 Bytes 
            next.js                      433 Bytes 
            next.js.map                  243 Bytes 
            applicator                     65.8 KB 
              additionalItems.d.ts       396 Bytes 
              additionalItems.js            1.9 KB 
              additionalItems.js.map        2.0 KB 
              additionalProperties.d.ts  318 Bytes 
              additionalProperties.js       4.2 KB 
              additionalProperties.js.map    3.7 KB 
              allOf.d.ts                 120 Bytes 
              allOf.js                   756 Bytes 
              allOf.js.map               812 Bytes 
              anyOf.d.ts                 208 Bytes 
              anyOf.js                   343 Bytes 
              anyOf.js.map               327 Bytes 
              contains.d.ts              264 Bytes 
              contains.js                   3.6 KB 
              contains.js.map               3.8 KB 
              dependencies.d.ts          839 Bytes 
              dependencies.js               3.1 KB 
              dependencies.js.map           3.1 KB 
              dependentSchemas.d.ts      120 Bytes 
              dependentSchemas.js        354 Bytes 
              dependentSchemas.js.map    353 Bytes 
              if.d.ts                    236 Bytes 
              if.js                         2.4 KB 
              if.js.map                     2.4 KB 
              index.d.ts                 858 Bytes 
              index.js                      1.5 KB 
              index.js.map               766 Bytes 
              items.d.ts                 293 Bytes 
              items.js                      1.9 KB 
              items.js.map                  2.0 KB 
              items2020.d.ts             226 Bytes 
              items2020.js                  1.0 KB 
              items2020.js.map           947 Bytes 
              not.d.ts                   209 Bytes 
              not.js                     773 Bytes 
              not.js.map                 831 Bytes 
              oneOf.d.ts                 254 Bytes 
              oneOf.js                      2.2 KB 
              oneOf.js.map                  2.0 KB 
              patternProperties.d.ts     120 Bytes 
              patternProperties.js          3.2 KB 
              patternProperties.js.map      2.7 KB 
              prefixItems.d.ts           120 Bytes 
              prefixItems.js             354 Bytes 
              prefixItems.js.map         381 Bytes 
              properties.d.ts            120 Bytes 
              properties.js                 2.1 KB 
              properties.js.map             2.0 KB 
              propertyNames.d.ts         249 Bytes 
              propertyNames.js              1.2 KB 
              propertyNames.js.map          1.2 KB 
              thenElse.d.ts              120 Bytes 
              thenElse.js                446 Bytes 
              thenElse.js.map            442 Bytes 
            core                           11.9 KB 
              id.d.ts                    120 Bytes 
              id.js                      267 Bytes 
              id.js.map                  257 Bytes 
              index.d.ts                 100 Bytes 
              index.js                   357 Bytes 
              index.js.map               306 Bytes 
              ref.d.ts                   443 Bytes 
              ref.js                        5.1 KB 
              ref.js.map                    5.0 KB 
            discriminator                  10.0 KB 
              index.d.ts                 288 Bytes 
              index.js                      4.7 KB 
              index.js.map                  4.1 KB 
              types.d.ts                 271 Bytes 
              types.js                   308 Bytes 
              types.js.map               239 Bytes 
            dynamic                         9.3 KB 
              dynamicAnchor.d.ts         256 Bytes 
              dynamicAnchor.js              1.2 KB 
              dynamicAnchor.js.map          1.3 KB 
              dynamicRef.d.ts            250 Bytes 
              dynamicRef.js                 1.9 KB 
              dynamicRef.js.map             1.6 KB 
              index.d.ts                 106 Bytes 
              index.js                   457 Bytes 
              index.js.map               278 Bytes 
              recursiveAnchor.d.ts       120 Bytes 
              recursiveAnchor.js         522 Bytes 
              recursiveAnchor.js.map     435 Bytes 
              recursiveRef.d.ts          120 Bytes 
              recursiveRef.js            325 Bytes 
              recursiveRef.js.map        339 Bytes 
            format                          8.7 KB 
              format.d.ts                240 Bytes 
              format.js                     4.2 KB 
              format.js.map                 3.7 KB 
              index.d.ts                 104 Bytes 
              index.js                   209 Bytes 
              index.js.map               205 Bytes 
            jtd                            48.3 KB 
              discriminator.d.ts         383 Bytes 
              discriminator.js              2.7 KB 
              discriminator.js.map          2.6 KB 
              elements.d.ts              256 Bytes 
              elements.js                949 Bytes 
              elements.js.map            908 Bytes 
              enum.d.ts                  225 Bytes 
              enum.js                       1.7 KB 
              enum.js.map                   1.7 KB 
              error.d.ts                 521 Bytes 
              error.js                   893 Bytes 
              error.js.map               716 Bytes 
              index.d.ts                 533 Bytes 
              index.js                   962 Bytes 
              index.js.map               530 Bytes 
              metadata.d.ts              254 Bytes 
              metadata.js                810 Bytes 
              metadata.js.map            797 Bytes 
              nullable.d.ts              305 Bytes 
              nullable.js                859 Bytes 
              nullable.js.map            821 Bytes 
              optionalProperties.d.ts    120 Bytes 
              optionalProperties.js      436 Bytes 
              optionalProperties.js.map  398 Bytes 
              properties.d.ts            879 Bytes 
              properties.js                 6.2 KB 
              properties.js.map             5.7 KB 
              ref.d.ts                   203 Bytes 
              ref.js                        2.6 KB 
              ref.js.map                    2.4 KB 
              type.d.ts                  485 Bytes 
              type.js                       2.6 KB 
              type.js.map                   2.6 KB 
              union.d.ts                 120 Bytes 
              union.js                   343 Bytes 
              union.js.map               320 Bytes 
              values.d.ts                253 Bytes 
              values.js                     1.8 KB 
              values.js.map                 1.7 KB 
            unevaluated                     9.5 KB 
              index.d.ts                 114 Bytes 
              index.js                   350 Bytes 
              index.js.map               236 Bytes 
              unevaluatedItems.d.ts      248 Bytes 
              unevaluatedItems.js           1.6 KB 
              unevaluatedItems.js.map       1.8 KB 
              unevaluatedProperties.d.ts 272 Bytes 
              unevaluatedProperties.js      2.5 KB 
              unevaluatedProperties.js.map    2.5 KB 
            validation                     36.1 KB 
              const.d.ts                 208 Bytes 
              const.js                   852 Bytes 
              const.js.map               819 Bytes 
              dependentRequired.d.ts     343 Bytes 
              dependentRequired.js       403 Bytes 
              dependentRequired.js.map   376 Bytes 
              enum.d.ts                  241 Bytes 
              enum.js                       1.9 KB 
              enum.js.map                   2.0 KB 
              index.d.ts                 771 Bytes 
              index.js                      1.0 KB 
              index.js.map               595 Bytes 
              limitContains.d.ts         120 Bytes 
              limitContains.js           495 Bytes 
              limitContains.js.map       473 Bytes 
              limitItems.d.ts            120 Bytes 
              limitItems.js              852 Bytes 
              limitItems.js.map          905 Bytes 
              limitLength.d.ts           120 Bytes 
              limitLength.js                1.1 KB 
              limitLength.js.map            1.1 KB 
              limitNumber.d.ts           386 Bytes 
              limitNumber.js                1.0 KB 
              limitNumber.js.map            1.3 KB 
              limitProperties.d.ts       120 Bytes 
              limitProperties.js         896 Bytes 
              limitProperties.js.map     915 Bytes 
              multipleOf.d.ts            252 Bytes 
              multipleOf.js             1023 Bytes 
              multipleOf.js.map          986 Bytes 
              pattern.d.ts               243 Bytes 
              pattern.js                 905 Bytes 
              pattern.js.map             933 Bytes 
              required.d.ts              255 Bytes 
              required.js                   3.1 KB 
              required.js.map               2.9 KB 
              uniqueItems.d.ts           261 Bytes 
              uniqueItems.js                3.0 KB 
              uniqueItems.js.map            3.3 KB 
        lib                               327.2 KB 
          2019.ts                           2.4 KB 
          2020.ts                           2.2 KB 
          ajv.ts                            2.2 KB 
          core.ts                          30.0 KB 
          jtd.ts                            4.1 KB 
          compile                         122.8 KB 
            errors.ts                       5.1 KB 
            index.ts                       12.0 KB 
            names.ts                        1.1 KB 
            ref_error.ts                 513 Bytes 
            resolve.ts                      4.6 KB 
            rules.ts                        1.4 KB 
            util.ts                         6.5 KB 
            codegen                        32.7 KB 
              code.ts                       4.3 KB 
              index.ts                     22.5 KB 
              scope.ts                      5.8 KB 
            jtd                            20.4 KB 
              parse.ts                     12.1 KB 
              serialize.ts                  8.0 KB 
              types.ts                   311 Bytes 
            validate                       38.6 KB 
              applicability.ts           739 Bytes 
              boolSchema.ts                 1.3 KB 
              dataType.ts                   6.9 KB 
              defaults.ts                   1.2 KB 
              index.ts                     19.0 KB 
              keyword.ts                    5.2 KB 
              subschema.ts                  4.3 KB 
          refs                             31.5 KB 
            data.json                    409 Bytes 
            json-schema-draft-06.json       3.4 KB 
            json-schema-draft-07.json       3.7 KB 
            json-schema-secure.json         2.5 KB 
            jtd-schema.ts                   2.5 KB 
            json-schema-2019-09             9.0 KB 
              index.ts                   899 Bytes 
              schema.json                   1.5 KB 
              meta                          6.6 KB 
                applicator.json             1.5 KB 
                content.json             477 Bytes 
                core.json                   1.2 KB 
                format.json              375 Bytes 
                meta-data.json           758 Bytes 
                validation.json             2.2 KB 
            json-schema-2020-12            10.1 KB 
              index.ts                   982 Bytes 
              schema.json                   2.1 KB 
              meta                          7.0 KB 
                applicator.json             1.4 KB 
                content.json             479 Bytes 
                core.json                   1.3 KB 
                format-annotation.json   420 Bytes 
                meta-data.json           758 Bytes 
                unevaluated.json         472 Bytes 
                validation.json             2.2 KB 
          runtime                           8.2 KB 
            equal.ts                     236 Bytes 
            parseJson.ts                    4.4 KB 
            quote.ts                     802 Bytes 
            re2.ts                       157 Bytes 
            timestamp.ts                    1.5 KB 
            ucs2length.ts                629 Bytes 
            uri.ts                       160 Bytes 
            validation_error.ts          336 Bytes 
          standalone                        5.3 KB 
            index.ts                        4.1 KB 
            instance.ts                     1.2 KB 
          types                            22.5 KB 
            index.ts                        7.1 KB 
            json-schema.ts                  6.2 KB 
            jtd-schema.ts                   9.1 KB 
          vocabularies                     96.1 KB 
            code.ts                         5.1 KB 
            draft2020.ts                 698 Bytes 
            draft7.ts                    496 Bytes 
            errors.ts                    731 Bytes 
            metadata.ts                  304 Bytes 
            next.ts                      320 Bytes 
            applicator                     29.6 KB 
              additionalItems.ts            1.8 KB 
              additionalProperties.ts       3.7 KB 
              allOf.ts                   717 Bytes 
              anyOf.ts                   380 Bytes 
              contains.ts                   3.2 KB 
              dependencies.ts               3.3 KB 
              dependentSchemas.ts        280 Bytes 
              if.ts                         2.3 KB 
              index.ts                      1.6 KB 
              items.ts                      1.8 KB 
              items2020.ts                  1.0 KB 
              not.ts                     859 Bytes 
              oneOf.ts                      2.1 KB 
              patternProperties.ts          2.8 KB 
              prefixItems.ts             292 Bytes 
              properties.ts                 1.8 KB 
              propertyNames.ts              1.2 KB 
              thenElse.ts                441 Bytes 
            core                            4.8 KB 
              id.ts                      224 Bytes 
              index.ts                   274 Bytes 
              ref.ts                        4.3 KB 
            discriminator                   4.4 KB 
              index.ts                      4.2 KB 
              types.ts                   251 Bytes 
            dynamic                         3.8 KB 
              dynamicAnchor.ts              1.1 KB 
              dynamicRef.ts                 1.8 KB 
              index.ts                   328 Bytes 
              recursiveAnchor.ts         401 Bytes 
              recursiveRef.ts            253 Bytes 
            format                          4.0 KB 
              format.ts                     3.9 KB 
              index.ts                   148 Bytes 
            jtd                            21.4 KB 
              discriminator.ts              2.6 KB 
              elements.ts                976 Bytes 
              enum.ts                       1.6 KB 
              error.ts                   746 Bytes 
              index.ts                  1007 Bytes 
              metadata.ts                716 Bytes 
              nullable.ts                649 Bytes 
              optionalProperties.ts      394 Bytes 
              properties.ts                 6.1 KB 
              ref.ts                        2.3 KB 
              type.ts                       2.5 KB 
              union.ts                   292 Bytes 
              values.ts                     1.6 KB 
            unevaluated                     4.1 KB 
              index.ts                   257 Bytes 
              unevaluatedItems.ts           1.5 KB 
              unevaluatedProperties.ts      2.4 KB 
            validation                     16.3 KB 
              const.ts                   863 Bytes 
              dependentRequired.ts       510 Bytes 
              enum.ts                       1.8 KB 
              index.ts                      1.2 KB 
              limitContains.ts           485 Bytes 
              limitItems.ts              812 Bytes 
              limitLength.ts                1.0 KB 
              limitNumber.ts                1.3 KB 
              limitProperties.ts         851 Bytes 
              multipleOf.ts                 1.0 KB 
              pattern.ts                 961 Bytes 
              required.ts                   2.9 KB 
              uniqueItems.ts                2.6 KB 
      ajv-formats                          48.4 KB 
        package.json                        1.9 KB 
        dist                               29.1 KB 
          index.js                          1.5 KB 
          formats.d.ts                   650 Bytes 
          formats.js                       12.0 KB 
          formats.js.map                    6.9 KB 
          index.d.ts                     572 Bytes 
          index.js.map                      1.5 KB 
          limit.d.ts                     468 Bytes 
          limit.js                          2.8 KB 
          limit.js.map                      2.8 KB 
        src                                17.4 KB 
          formats.ts                       12.6 KB 
          index.ts                          1.8 KB 
          limit.ts                          3.0 KB 
      better-sqlite3                       11.2 MB 
        package.json                        1.5 KB 
        binding.gyp                      943 Bytes 
        lib                                22.7 KB 
          index.js                       110 Bytes 
          database.js                       4.0 KB 
          sqlite-error.js                717 Bytes 
          util.js                        331 Bytes 
          methods                          17.6 KB 
            aggregate.js                    1.9 KB 
            backup.js                       2.3 KB 
            function.js                     1.4 KB 
            inspect.js                   174 Bytes 
            pragma.js                    536 Bytes 
            serialize.js                 625 Bytes 
            table.js                        7.0 KB 
            transaction.js                  2.6 KB 
            wrappers.js                     1.1 KB 
        src                               170.6 KB 
          better_sqlite3.cpp              127.8 KB 
          better_sqlite3.hpp               42.8 KB 
        deps                                9.3 MB 
          common.gypi                       1.5 KB 
          copy.js                        897 Bytes 
          defines.gypi                      1.1 KB 
          download.sh                       3.3 KB 
          sqlite3.gyp                       2.5 KB 
          test_extension.c               588 Bytes 
          sqlite3                           9.3 MB 
            sqlite3.c                       8.6 MB 
            sqlite3.h                     626.8 KB 
            sqlite3ext.h                   37.3 KB 
        build                               1.7 MB 
          Release                           1.7 MB 
            better_sqlite3.node             1.7 MB 
      commander                           139.2 KB 
        package.json                        2.1 KB 
        index.js                         812 Bytes 
        esm.mjs                          310 Bytes 
        package-support.json             231 Bytes 
        lib                               106.1 KB 
          argument.js                       3.1 KB 
          command.js                       76.3 KB 
          error.js                          1.1 KB 
          help.js                          14.4 KB 
          option.js                         8.4 KB 
          suggestSimilar.js                 2.7 KB 
        typings                            29.6 KB 
          index.d.ts                       29.4 KB 
          esm.d.mts                      168 Bytes 
      got                                 223.5 KB 
        package.json                        3.4 KB 
        dist                              206.1 KB 
          source                          206.1 KB 
            create.d.ts                  139 Bytes 
            create.js                       6.8 KB 
            index.d.ts                   657 Bytes 
            index.js                     751 Bytes 
            types.d.ts                      9.2 KB 
            types.js                      11 Bytes 
            as-promise                      9.2 KB 
              index.d.ts                 177 Bytes 
              index.js                      7.0 KB 
              types.d.ts                    1.5 KB 
              types.js                   433 Bytes 
            core                          179.4 KB 
              calculate-retry-delay.d.ts 252 Bytes 
              calculate-retry-delay.js      1.1 KB 
              errors.d.ts                   2.9 KB 
              errors.js                     4.8 KB 
              index.d.ts                    6.4 KB 
              index.js                     39.6 KB 
              options.d.ts                 49.0 KB 
              options.js                   55.3 KB 
              parse-link-header.d.ts     125 Bytes 
              parse-link-header.js          1.4 KB 
              response.d.ts                 3.6 KB 
              response.js                   1.5 KB 
              timed-out.d.ts             931 Bytes 
              timed-out.js                  4.9 KB 
              utils                         7.5 KB 
                get-body-size.d.ts       228 Bytes 
                get-body-size.js         609 Bytes 
                is-client-request.d.ts   349 Bytes 
                is-client-request.js     143 Bytes 
                is-form-data.d.ts        326 Bytes 
                is-form-data.js          146 Bytes 
                is-unix-socket-url.d.ts   60 Bytes 
                is-unix-socket-url.js    178 Bytes 
                options-to-url.d.ts      313 Bytes 
                options-to-url.js           1.5 KB 
                proxy-events.d.ts        220 Bytes 
                proxy-events.js          479 Bytes 
                unhandle.d.ts            397 Bytes 
                unhandle.js              753 Bytes 
                url-to-options.d.ts      441 Bytes 
                url-to-options.js        721 Bytes 
                weakable-map.d.ts        223 Bytes 
                weakable-map.js          627 Bytes 
        node_modules                       14.1 KB 
          get-stream                       14.1 KB 
            package.json                    1.0 KB 
            source                         13.0 KB 
              array-buffer.js               3.2 KB 
              array.js                   725 Bytes 
              buffer.js                  606 Bytes 
              contents.js                   2.7 KB 
              index.d.ts                    4.1 KB 
              index.js                   254 Bytes 
              string.js                     1.1 KB 
              utils.js                   335 Bytes 
      jsonpath-plus                        27.3 KB 
        package.json                        5.0 KB 
        dist                               22.3 KB 
          index-node-cjs.cjs               22.3 KB 
      libsodium-wrappers                   96.9 KB 
        package.json                        1.1 KB 
        dist                               95.7 KB 
          modules                          95.7 KB 
            libsodium-wrappers.js          95.7 KB 
      node-mac-auth                        85.2 KB 
        package.json                     949 Bytes 
        index.js                         750 Bytes 
        build                              83.5 KB 
          Release                          83.5 KB 
            auth.node                      83.5 KB 
      otplib                                1.2 KB 
        package.json                     768 Bytes 
        index.js                         435 Bytes 
      playwright-core                       2.7 MB 
        package.json                        1.4 KB 
        index.js                            1.1 KB 
        lib                                 2.7 MB 
          inprocess.js                   741 Bytes 
          inProcessFactory.js               2.6 KB 
          browserServerImpl.js              4.0 KB 
          androidServerImpl.js              2.5 KB 
          utilsBundle.js                    4.0 KB 
          server                            1.2 MB 
            index.js                        2.9 KB 
            playwright.js                   2.9 KB 
            instrumentation.js              2.5 KB 
            helper.js                       3.7 KB 
            errors.js                       2.1 KB 
            protocolError.js                1.5 KB 
            fetch.js                       24.6 KB 
            selectors.js                    3.2 KB 
            debugController.js              7.9 KB 
            launchApp.js                    3.9 KB 
            progress.js                     3.8 KB 
            registry                       92.8 KB 
              index.js                     48.3 KB 
              dependencies.js              16.4 KB 
              browserFetcher.js             6.7 KB 
              nativeDeps.js                21.4 KB 
            dispatchers                   132.5 KB 
              dispatcher.js                15.4 KB 
              playwrightDispatcher.js       5.4 KB 
              androidDispatcher.js          7.3 KB 
              browserTypeDispatcher.js      2.1 KB 
              electronDispatcher.js         3.6 KB 
              localUtilsDispatcher.js      15.4 KB 
              networkDispatchers.js         7.7 KB 
              selectorsDispatcher.js        1.2 KB 
              browserDispatcher.js          6.4 KB 
              browserContextDispatcher.js   15.6 KB 
              jsHandleDispatcher.js         3.3 KB 
              elementHandlerDispatcher.js    8.0 KB 
              jsonPipeDispatcher.js         1.5 KB 
              tracingDispatcher.js          1.6 KB 
              frameDispatcher.js           10.6 KB 
              pageDispatcher.js            13.4 KB 
              cdpSessionDispatcher.js       1.5 KB 
              artifactDispatcher.js         3.6 KB 
              debugControllerDispatcher.js    3.2 KB 
              writableStreamDispatcher.js    2.5 KB 
              dialogDispatcher.js           1.4 KB 
              streamDispatcher.js           1.9 KB 
            browserContext.js              25.9 KB 
            cookieStore.js                  3.3 KB 
            formData.js                     2.9 KB 
            network.js                     20.3 KB 
            transport.js                    8.0 KB 
            socksInterceptor.js             4.6 KB 
            deviceDescriptors.js         776 Bytes 
            browser.js                      4.7 KB 
            browserType.js                 14.4 KB 
            console.js                      1.4 KB 
            javascript.js                  11.5 KB 
            recorder.js                    28.0 KB 
            page.js                        31.8 KB 
            debugger.js                     4.7 KB 
            artifact.js                     3.8 KB 
            deviceDescriptorsSource.json   46.2 KB 
            frames.js                      69.7 KB 
            download.js                     2.0 KB 
            android                        23.6 KB 
              android.js                   17.2 KB 
              backendAdb.js                 6.4 KB 
            chromium                      218.5 KB 
              chromium.js                  16.5 KB 
              crBrowser.js                 22.8 KB 
              chromiumSwitches.js           2.7 KB 
              crConnection.js               8.2 KB 
              crDevTools.js                 3.9 KB 
              crExecutionContext.js         6.6 KB 
              crProtocolHelper.js           4.3 KB 
              appIcon.png                  16.2 KB 
              crPage.js                    51.0 KB 
              crServiceWorker.js            5.8 KB 
              crAccessibility.js            8.5 KB 
              crCoverage.js                 9.1 KB 
              crDragDrop.js                 4.7 KB 
              crInput.js                    6.3 KB 
              crNetworkManager.js          37.8 KB 
              crPdf.js                      3.9 KB 
              defaultFontFamilies.js        3.8 KB 
              videoRecorder.js              6.5 KB 
            pipeTransport.js                2.7 KB 
            electron                       15.5 KB 
              electron.js                  13.6 KB 
              loader.js                     1.9 KB 
            firefox                        80.9 KB 
              firefox.js                    4.6 KB 
              ffBrowser.js                 18.1 KB 
              ffConnection.js               5.7 KB 
              ffPage.js                    23.9 KB 
              ffAccessibility.js            7.3 KB 
              ffExecutionContext.js         6.3 KB 
              ffInput.js                    4.2 KB 
              ffNetworkManager.js          10.9 KB 
            webkit                        111.7 KB 
              webkit.js                     3.6 KB 
              wkBrowser.js                 15.1 KB 
              wkConnection.js               5.8 KB 
              wkPage.js                    54.4 KB 
              wkAccessibility.js            7.0 KB 
              wkExecutionContext.js         6.0 KB 
              wkInput.js                    5.8 KB 
              wkInterceptableRequest.js     7.6 KB 
              wkProvisionalPage.js          2.6 KB 
              wkWorkers.js                  3.9 KB 
            screenshotter.js               15.3 KB 
            fileChooser.js                  1.1 KB 
            input.js                       10.6 KB 
            accessibility.js                2.1 KB 
            frameSelectors.js               6.8 KB 
            fileUploadUtils.js              2.9 KB 
            dom.js                         35.7 KB 
            types.js                     898 Bytes 
            dialog.js                       2.1 KB 
            recorder                       62.7 KB 
              recorderApp.js                6.2 KB 
              codeGenerator.js              4.9 KB 
              utils.js                      1.5 KB 
              java.js                      11.9 KB 
              javascript.js                10.1 KB 
              jsonl.js                      1.5 KB 
              csharp.js                    12.6 KB 
              python.js                    10.7 KB 
              recorderUtils.js              1.9 KB 
              language.js                   1.4 KB 
            trace                          57.6 KB 
              viewer                        8.8 KB 
                traceViewer.js              8.8 KB 
              recorder                     48.7 KB 
                tracing.js                 22.6 KB 
                snapshotter.js              6.0 KB 
                snapshotterInjected.js     20.1 KB 
            usKeyboardLayout.js             8.9 KB 
            har                            29.5 KB 
              harRecorder.js                4.8 KB 
              harTracer.js                 24.6 KB 
            macEditingCommands.js           5.9 KB 
            isomorphic                      6.7 KB 
              utilityScriptSerializers.js    6.7 KB 
          client                          235.2 KB 
            connection.js                  11.7 KB 
            browser.js                      4.8 KB 
            browserContext.js              22.3 KB 
            browserType.js                  9.9 KB 
            channelOwner.js                 8.2 KB 
            elementHandle.js                9.3 KB 
            frame.js                       17.5 KB 
            jsHandle.js                     3.7 KB 
            network.js                     21.0 KB 
            page.js                        27.0 KB 
            worker.js                       2.5 KB 
            dialog.js                       1.6 KB 
            errors.js                       2.3 KB 
            cdpSession.js                   1.5 KB 
            playwright.js                   2.9 KB 
            electron.js                     5.1 KB 
            stream.js                       1.5 KB 
            writableStream.js               1.6 KB 
            selectors.js                    2.2 KB 
            android.js                     13.5 KB 
            artifact.js                     3.2 KB 
            jsonPipe.js                     1.0 KB 
            fetch.js                       13.0 KB 
            localUtils.js                   1.1 KB 
            tracing.js                      4.1 KB 
            clientInstrumentation.js        1.5 KB 
            clientHelper.js                 2.1 KB 
            events.js                       2.5 KB 
            waiter.js                       4.5 KB 
            harRouter.js                    3.4 KB 
            consoleMessage.js               2.2 KB 
            webError.js                  967 Bytes 
            locator.js                     15.0 KB 
            types.js                     898 Bytes 
            accessibility.js                1.7 KB 
            coverage.js                     1.2 KB 
            download.js                     1.6 KB 
            fileChooser.js                  1.2 KB 
            input.js                        2.4 KB 
            video.js                        1.7 KB 
          zipBundle.js                   934 Bytes 
          common                           21.8 KB 
            socksProxy.js                  19.2 KB 
            timeoutSettings.js              2.6 KB 
          utils                           202.1 KB 
            debugLogger.js                  2.6 KB 
            index.js                       10.4 KB 
            stackTrace.js                   4.4 KB 
            network.js                      7.1 KB 
            userAgent.js                    4.2 KB 
            fileUtils.js                    2.3 KB 
            hostPlatform.js                 5.2 KB 
            spawnAsync.js                   1.3 KB 
            eventsHelper.js                 1.2 KB 
            httpServer.js                   8.0 KB 
            happy-eyeballs.js               6.4 KB 
            timeoutRunner.js                2.2 KB 
            zones.js                        1.8 KB 
            manualPromise.js                3.2 KB 
            multimap.js                     1.8 KB 
            ascii.js                        1.3 KB 
            comparators.js                  7.1 KB 
            crypto.js                       1.1 KB 
            debug.js                        1.4 KB 
            env.js                          1.6 KB 
            glob.js                         2.3 KB 
            headers.js                      1.5 KB 
            mimeType.js                     1.1 KB 
            processLauncher.js             10.2 KB 
            profiler.js                     2.3 KB 
            rtti.js                         1.5 KB 
            semaphore.js                    1.3 KB 
            task.js                         1.9 KB 
            time.js                         1.4 KB 
            traceUtils.js                   1.4 KB 
            wsServer.js                     5.1 KB 
            zipFile.js                      2.2 KB 
            linuxUtils.js                   3.1 KB 
            isomorphic                     91.9 KB 
              locatorUtils.js               3.0 KB 
              stringUtils.js                5.0 KB 
              locatorGenerators.js         24.1 KB 
              selectorParser.js            14.0 KB 
              cssParser.js                  9.2 KB 
              locatorParser.js              9.4 KB 
              cssTokenizer.js              27.2 KB 
          protocol                        190.8 KB 
            validator.js                  173.4 KB 
            serializers.js                  4.9 KB 
            validatorPrimitives.js          5.2 KB 
            transport.js                    2.6 KB 
            debug.js                        4.7 KB 
          remote                           17.2 KB 
            playwrightServer.js             4.8 KB 
            playwrightConnection.js        12.4 KB 
          zipBundleImpl.js                 50.8 KB 
          utilsBundleImpl                 266.1 KB 
            index.js                      266.1 KB 
          image_tools                      14.6 KB 
            compare.js                      4.6 KB 
            colorUtils.js                   3.6 KB 
            imageChannel.js                 2.5 KB 
            stats.js                        3.9 KB 
          third_party                      85.4 KB 
            pixelmatch.js                   9.3 KB 
            diff_match_patch.js            76.1 KB 
          generated                       370.8 KB 
            consoleApiSource.js            74.6 KB 
            utilityScriptSource.js          8.6 KB 
            recorderSource.js              51.2 KB 
            injectedScriptSource.js       236.4 KB 
        browsers.json                       1.2 KB 
      winston                              91.4 KB 
        package.json                        1.9 KB 
        lib                                86.4 KB 
          winston.js                        4.5 KB 
          winston                          81.9 KB 
            common.js                   1016 Bytes 
            create-logger.js                3.1 KB 
            logger.js                      19.2 KB 
            exception-handler.js            6.7 KB 
            rejection-handler.js            6.8 KB 
            container.js                    3.3 KB 
            tail-file.js                    2.6 KB 
            profiler.js                     1.4 KB 
            exception-stream.js             1.5 KB 
            rejection-stream.js             1.3 KB 
            transports                     34.4 KB 
              console.js                    3.3 KB 
              file.js                      20.9 KB 
              http.js                       7.6 KB 
              index.js                   909 Bytes 
              stream.js                     1.7 KB 
            config                       676 Bytes 
              index.js                   676 Bytes 
        node_modules                        3.1 KB 
          is-stream                         3.1 KB 
            package.json                 734 Bytes 
            index.js                     677 Bytes 
            index.d.ts                      1.7 KB 
      xml-js                               32.0 KB 
        package.json                        4.5 KB 
        lib                                27.6 KB 
          index.js                       282 Bytes 
          xml2js.js                        11.7 KB 
          xml2json.js                    852 Bytes 
          js2xml.js                        13.0 KB 
          json2xml.js                    399 Bytes 
          options-helper.js                 1.1 KB 
          array-helper.js                253 Bytes 
      zlib                               461 Bytes 
        package.json                     461 Bytes 
      cbor                                108.6 KB 
        package.json                        1.9 KB 
        lib                               103.7 KB 
          cbor.js                           2.6 KB 
          commented.js                      9.0 KB 
          diagnose.js                       6.8 KB 
          decoder.js                       20.5 KB 
          encoder.js                       31.5 KB 
          simple.js                         2.6 KB 
          tagged.js                        10.6 KB 
          map.js                            5.0 KB 
          sharedValueEncoder.js             4.0 KB 
          utils.js                          8.0 KB 
          constants.js                      1.3 KB 
          objectRecorder.js                 1.7 KB 
        vendor                              2.9 KB 
          binary-parse-stream               2.9 KB 
            index.js                        2.9 KB 
      cose-js                             131.5 KB 
        package.json                        1.6 KB 
        lib                                29.2 KB 
          index.js                       209 Bytes 
          common.js                         3.4 KB 
          mac.js                            4.8 KB 
          sign.js                           9.0 KB 
          encrypt.js                       11.8 KB 
        node_modules                      100.7 KB 
          cbor                            100.7 KB 
            package.json                    1.8 KB 
            lib                            96.2 KB 
              cbor.js                       2.5 KB 
              commented.js                  8.7 KB 
              diagnose.js                   6.5 KB 
              decoder.js                   20.1 KB 
              encoder.js                   30.9 KB 
              simple.js                     2.6 KB 
              tagged.js                    10.5 KB 
              map.js                        5.1 KB 
              utils.js                      8.0 KB 
              constants.js                  1.3 KB 
            vendor                          2.6 KB 
              binary-parse-stream           2.6 KB 
                index.js                    2.6 KB 
      pem                                 287.5 KB 
        package.json                        2.3 KB 
        dist                              218.1 KB 
          index.js                         38.0 KB 
          index.js.map                    140.0 KB 
          sourcemap-register.js            40.1 KB 
        lib                                67.1 KB 
          convert.js                        8.1 KB 
          debug.js                       231 Bytes 
          helper.js                         4.8 KB 
          openssl.js                        8.0 KB 
          pem.js                           45.9 KB 
      fast-deep-equal                       8.4 KB 
        package.json                        1.5 KB 
        index.js                            1.1 KB 
        index.d.ts                       103 Bytes 
        react.js                            1.4 KB 
        react.d.ts                        66 Bytes 
        es6                                 4.2 KB 
          index.d.ts                      66 Bytes 
          index.js                          1.9 KB 
          react.d.ts                      66 Bytes 
          react.js                          2.2 KB 
      json-schema-traverse                  3.4 KB 
        package.json                    1004 Bytes 
        index.js                            2.4 KB 
      require-from-string                   1.3 KB 
        package.json                     511 Bytes 
        index.js                         866 Bytes 
      uri-js                              458.9 KB 
        package.json                        2.1 KB 
        yarn.lock                         101.5 KB 
        README.md                           6.3 KB 
        LICENSE                             1.4 KB 
        dist                              347.5 KB 
          es5                             258.5 KB 
            uri.all.js                     56.0 KB 
            uri.all.d.ts                    2.4 KB 
            uri.all.js.map                 99.8 KB 
            uri.all.min.d.ts                2.4 KB 
            uri.all.min.js                 16.8 KB 
            uri.all.min.js.map             81.1 KB 
          esnext                           89.1 KB 
            index.d.ts                    23 Bytes 
            index.js                     537 Bytes 
            index.js.map                 747 Bytes 
            regexps-iri.d.ts              97 Bytes 
            regexps-iri.js               114 Bytes 
            regexps-iri.js.map           192 Bytes 
            regexps-uri.d.ts             160 Bytes 
            regexps-uri.js                  7.6 KB 
            regexps-uri.js.map              8.1 KB 
            uri.d.ts                        2.4 KB 
            uri.js                         19.7 KB 
            uri.js.map                     18.8 KB 
            util.d.ts                    343 Bytes 
            util.js                         1.1 KB 
            util.js.map                     1.7 KB 
            schemes                        27.6 KB 
              http.d.ts                  108 Bytes 
              http.js                    959 Bytes 
              http.js.map                841 Bytes 
              https.d.ts                 108 Bytes 
              https.js                   212 Bytes 
              https.js.map               312 Bytes 
              mailto.d.ts                359 Bytes 
              mailto.js                     7.6 KB 
              mailto.js.map                 7.0 KB 
              urn-uuid.d.ts              279 Bytes 
              urn-uuid.js                868 Bytes 
              urn-uuid.js.map            832 Bytes 
              urn.d.ts                   324 Bytes 
              urn.js                        2.0 KB 
              urn.js.map                    1.9 KB 
              ws.d.ts                    228 Bytes 
              ws.js                         1.6 KB 
              ws.js.map                     1.6 KB 
              wss.d.ts                   108 Bytes 
              wss.js                     198 Bytes 
              wss.js.map                 307 Bytes 
      bindings                              6.5 KB 
        package.json                     660 Bytes 
        bindings.js                         5.8 KB 
      prebuild-install                     11.6 KB 
        package.json                        1.9 KB 
        index.js                          41 Bytes 
        download.js                         4.0 KB 
        util.js                             4.2 KB 
        error.js                         355 Bytes 
        proxy.js                            1.1 KB 
      cacheable-lookup                     15.9 KB 
        package.json                        1.3 KB 
        index.d.ts                          5.0 KB 
        source                              9.7 KB 
          index.js                          9.7 KB 
      cacheable-request                    59.3 KB 
        package.json                        3.2 KB 
        dist                               53.0 KB 
          index.d.ts                     833 Bytes 
          index.d.ts.map                 742 Bytes 
          index.js                         12.8 KB 
          index.js.map                     21.6 KB 
          types.d.ts                        5.5 KB 
          types.d.ts.map                    4.5 KB 
          types.js                       655 Bytes 
          types.js.map                      6.3 KB 
        node_modules                        3.2 KB 
          mimic-response                    3.2 KB 
            package.json                 843 Bytes 
            index.js                        1.5 KB 
            index.d.ts                   813 Bytes 
      decompress-response                   2.8 KB 
        package.json                     985 Bytes 
        index.js                            1.3 KB 
        index.d.ts                       542 Bytes 
      form-data-encoder                    13.7 KB 
        package.json                        2.3 KB 
        lib                                11.4 KB 
          index.js                         11.4 KB 
      http2-wrapper                        61.3 KB 
        package.json                        1.6 KB 
        index.d.ts                          4.3 KB 
        source                             55.4 KB 
          index.js                          1.1 KB 
          agent.js                         21.4 KB 
          auto.js                           5.8 KB 
          client-request.js                12.8 KB 
          incoming-message.js               1.2 KB 
          proxies                           6.4 KB 
            get-auth-headers.js          334 Bytes 
            h1-over-h2.js                   2.0 KB 
            h2-over-h1.js                   1.2 KB 
            h2-over-h2.js                853 Bytes 
            h2-over-hx.js                   1.0 KB 
            initialize.js                672 Bytes 
            unexpected-status-code-error.js 356 Bytes 
          utils                             6.7 KB 
            calculate-server-name.js     449 Bytes 
            check-type.js                473 Bytes 
            delay-async-destroy.js       659 Bytes 
            errors.js                       1.5 KB 
            is-request-pseudo-header.js  186 Bytes 
            js-stream-socket.js          237 Bytes 
            proxy-events.js              149 Bytes 
            proxy-socket-handler.js         2.3 KB 
            validate-header-name.js      385 Bytes 
            validate-header-value.js     400 Bytes 
      lowercase-keys                        1.2 KB 
        package.json                     754 Bytes 
        index.js                         152 Bytes 
        index.d.ts                       309 Bytes 
      p-cancelable                          7.6 KB 
        package.json                     826 Bytes 
        index.js                            2.5 KB 
        index.d.ts                          4.4 KB 
      responselike                          3.0 KB 
        package.json                     772 Bytes 
        index.js                         861 Bytes 
        index.d.ts                          1.4 KB 
      jsep                                 30.8 KB 
        package.json                        3.4 KB 
        dist                               27.4 KB 
          cjs                              27.4 KB 
            jsep.cjs.js                    27.4 KB 
      libsodium                           510.1 KB 
        package.json                     923 Bytes 
        dist                              509.2 KB 
          modules                         509.2 KB 
            libsodium.js                  509.2 KB 
      node-addon-api                        6.7 KB 
        package.json                        5.3 KB 
        index.js                            1.4 KB 
      async                               254.8 KB 
        package.json                        2.2 KB 
        series.js                           5.7 KB 
        forEach.js                          3.9 KB 
        eachOfSeries.js                     1.3 KB 
        dist                              219.5 KB 
          async.js                        219.5 KB 
        eachOf.js                           5.6 KB 
        eachOfLimit.js                      1.6 KB 
        asyncify.js                         3.7 KB 
        internal                           11.4 KB 
          parallel.js                    965 Bytes 
          withoutIndex.js                254 Bytes 
          wrapAsync.js                   955 Bytes 
          awaitify.js                    796 Bytes 
          isArrayLike.js                 282 Bytes 
          breakLoop.js                   255 Bytes 
          once.js                        365 Bytes 
          onlyOnce.js                    363 Bytes 
          eachOfLimit.js                    2.6 KB 
          initialParams.js               292 Bytes 
          setImmediate.js                857 Bytes 
          iterator.js                       1.4 KB 
          asyncEachOfLimit.js               1.9 KB 
          getIterator.js                 220 Bytes 
      logform                              62.6 KB 
        package.json                        1.4 KB 
        index.js                            1.8 KB 
        align.js                         367 Bytes 
        browser.js                          1.7 KB 
        cli.js                              1.2 KB 
        colorize.js                         3.0 KB 
        combine.js                          1.8 KB 
        errors.js                           1.2 KB 
        format.js                           1.1 KB 
        json.js                          983 Bytes 
        label.js                         469 Bytes 
        levels.js                        251 Bytes 
        logstash.js                      759 Bytes 
        metadata.js                         1.3 KB 
        ms.js                            430 Bytes 
        pad-levels.js                       2.8 KB 
        pretty-print.js                  899 Bytes 
        printf.js                        515 Bytes 
        simple.js                        979 Bytes 
        splat.js                            4.2 KB 
        timestamp.js                     757 Bytes 
        uncolorize.js                    705 Bytes 
        node_modules                       34.2 KB 
          @colors                          34.2 KB 
            colors                         34.2 KB 
              package.json                  1.0 KB 
              safe.js                    248 Bytes 
              LICENSE                       1.2 KB 
              index.d.ts                    2.9 KB 
              safe.d.ts                     1.9 KB 
              lib                          22.7 KB 
                index.js                 369 Bytes 
                colors.js                   5.7 KB 
                extendStringPrototype.js    3.2 KB 
                styles.js                   2.5 KB 
                custom                      4.5 KB 
                  trap.js                   1.6 KB 
                  zalgo.js                  2.8 KB 
                maps                        1.2 KB 
                  america.js             278 Bytes 
                  rainbow.js             311 Bytes 
                  random.js              454 Bytes 
                  zebra.js               146 Bytes 
                system                      5.3 KB 
                  has-flag.js               1.4 KB 
                  supports-colors.js        4.0 KB 
              examples                      4.0 KB 
                normal-usage.js             2.0 KB 
                safe-string.js              2.1 KB 
              themes                     199 Bytes 
                generic-logging.js       199 Bytes 
      one-time                              1.7 KB 
        package.json                     734 Bytes 
        index.js                            1.0 KB 
      readable-stream                     102.2 KB 
        package.json                        1.8 KB 
        readable.js                      729 Bytes 
        errors.js                           3.6 KB 
        lib                                96.0 KB 
          _stream_writable.js              21.4 KB 
          _stream_duplex.js                 4.3 KB 
          _stream_transform.js              7.8 KB 
          _stream_passthrough.js            1.6 KB 
          _stream_readable.js              35.2 KB 
          internal                         25.8 KB 
            streams                        25.8 KB 
              end-of-stream.js              3.0 KB 
              pipeline.js                   2.4 KB 
              stream.js                   36 Bytes 
              destroy.js                    3.0 KB 
              state.js                   745 Bytes 
              buffer_list.js                6.7 KB 
              async_iterator.js             6.3 KB 
              from.js                       3.6 KB 
      safe-stable-stringify                20.6 KB 
        package.json                        1.7 KB 
        index.js                           18.9 KB 
      stack-trace                           3.9 KB 
        package.json                     559 Bytes 
        lib                                 3.3 KB 
          stack-trace.js                    3.3 KB 
      triple-beam                           4.2 KB 
        package.json                        1.0 KB 
        index.js                            1.0 KB 
        config                              2.2 KB 
          index.js                       538 Bytes 
          cli.js                         616 Bytes 
          npm.js                         516 Bytes 
          syslog.js                      556 Bytes 
      winston-transport                    12.1 KB 
        package.json                        1.4 KB 
        index.js                         188 Bytes 
        modern.js                           6.7 KB 
        legacy.js                           3.8 KB 
      sax                                  53.3 KB 
        package.json                     655 Bytes 
        LICENSE                             2.0 KB 
        README.md                           8.2 KB 
        lib                                42.5 KB 
          sax.js                           42.5 KB 
      @dashlane                            50.7 KB 
        nsm-attestation                    50.7 KB 
          package.json                      1.3 KB 
          dist                             45.2 KB 
            index.js                     908 Bytes 
            index.d.ts                    97 Bytes 
            mockAttestation.d.ts         180 Bytes 
            mockAttestation.js              2.5 KB 
            tsconfig.tsbuildinfo           32.0 KB 
            types.d.ts                   393 Bytes 
            types.js                        1.4 KB 
            utils.d.ts                   184 Bytes 
            utils.js                     714 Bytes 
            verifyAttestation.d.ts       690 Bytes 
            verifyAttestation.js            2.4 KB 
            verifyAttestationSteps          3.8 KB 
              index.d.ts                 105 Bytes 
              index.js                   916 Bytes 
              parsePayload.d.ts          156 Bytes 
              parsePayload.js            287 Bytes 
              parseSignedMessage.d.ts    261 Bytes 
              parseSignedMessage.js         1.2 KB 
              verifySignature.d.ts       141 Bytes 
              verifySignature.js         867 Bytes 
          certs                             4.3 KB 
            aws-enclaves-root.pem        777 Bytes 
            hypervisorCA                    1.6 KB 
              enclave.cert.pem              1.3 KB 
              enclave.key.pem            359 Bytes 
            rootCA                          1.9 KB 
              certs                      985 Bytes 
                ca.cert.pem              985 Bytes 
              intermediate               964 Bytes 
                certs                    964 Bytes 
                  intermediate.cert.pem  964 Bytes 
      nofilter                             29.4 KB 
        package.json                        1.5 KB 
        lib                                27.9 KB 
          index.js                         27.9 KB 
      aes-cbc-mac                           1.9 KB 
        package.json                     886 Bytes 
        lib                                 1.1 KB 
          index.js                          1.1 KB 
      any-promise                           6.4 KB 
        package.json                    1017 Bytes 
        index.js                          49 Bytes 
        register.js                         2.8 KB 
        loader.js                           2.5 KB 
      elliptic                            108.7 KB 
        package.json                        1.4 KB 
        lib                               107.3 KB 
          elliptic.js                    371 Bytes 
          elliptic                        107.0 KB 
            curves.js                       6.3 KB 
            utils.js                        2.4 KB 
            curve                          46.7 KB 
              base.js                       9.0 KB 
              edwards.js                   10.7 KB 
              index.js                   173 Bytes 
              mont.js                       4.5 KB 
              short.js                     22.4 KB 
            ec                             12.3 KB 
              index.js                      6.1 KB 
              key.js                        3.0 KB 
              signature.js                  3.2 KB 
            eddsa                           7.5 KB 
              index.js                      3.4 KB 
              key.js                        2.4 KB 
              signature.js                  1.7 KB 
            precomputed                    31.8 KB 
              secp256k1.js                 31.8 KB 
      node-hkdf-sync                        1.9 KB 
        package.json                     511 Bytes 
        index.js                          39 Bytes 
        lib                                 1.3 KB 
          hkdf.js                           1.3 KB 
      node-rsa                            122.9 KB 
        package.json                     863 Bytes 
        src                               122.1 KB 
          NodeRSA.js                       13.5 KB 
          utils.js                          2.6 KB 
          libs                             52.3 KB 
            rsa.js                         10.0 KB 
            jsbn.js                        42.3 KB 
          schemes                          21.6 KB 
            schemes.js                   615 Bytes 
            pkcs1.js                        8.4 KB 
            oaep.js                         6.2 KB 
            pss.js                          6.4 KB 
          formats                          25.5 KB 
            formats.js                      3.1 KB 
            pkcs1.js                        5.0 KB 
            pkcs8.js                        6.3 KB 
            components.js                   1.8 KB 
            openssh.js                      9.4 KB 
          encryptEngines                    6.6 KB 
            encryptEngines.js            635 Bytes 
            js.js                           1.3 KB 
            io.js                           2.8 KB 
            node12.js                       1.9 KB 
      es6-promisify                         3.4 KB 
        package.json                        1.8 KB 
        dist                                1.6 KB 
          promisify.js                   866 Bytes 
          promisify.mjs                  761 Bytes 
      md5                                   6.6 KB 
        package.json                     769 Bytes 
        md5.js                              5.9 KB 
      os-tmpdir                             1.2 KB 
        package.json                     672 Bytes 
        index.js                         572 Bytes 
      which                                 5.1 KB 
        package.json                        1.0 KB 
        which.js                            3.1 KB 
        bin                              985 Bytes 
          node-which                     985 Bytes 
      @inquirer                           217.6 KB 
        prompts                             5.2 KB 
          package.json                      2.1 KB 
          dist                              3.2 KB 
            cjs                             2.3 KB 
              index.js                      1.9 KB 
              types                      453 Bytes 
                index.d.ts               453 Bytes 
            esm                          906 Bytes 
              index.mjs                  453 Bytes 
              types                      453 Bytes 
                index.d.mts              453 Bytes 
        checkbox                           18.9 KB 
          package.json                      1.9 KB 
          dist                             17.0 KB 
            cjs                             9.2 KB 
              index.js                      7.5 KB 
              types                         1.6 KB 
                index.d.ts                  1.6 KB 
            esm                             7.8 KB 
              index.mjs                     6.2 KB 
              types                         1.6 KB 
                index.d.mts                 1.6 KB 
        confirm                             5.1 KB 
          package.json                      1.9 KB 
          dist                              3.2 KB 
            cjs                             1.6 KB 
              index.js                      1.3 KB 
              types                      350 Bytes 
                index.d.ts               350 Bytes 
            esm                             1.5 KB 
              index.mjs                     1.2 KB 
              types                      350 Bytes 
                index.d.mts              350 Bytes 
        editor                              8.3 KB 
          package.json                      1.9 KB 
          dist                              6.4 KB 
            cjs                             3.7 KB 
              index.js                      3.2 KB 
              types                      433 Bytes 
                index.d.ts               433 Bytes 
            esm                             2.8 KB 
              index.mjs                     2.4 KB 
              types                      433 Bytes 
                index.d.mts              433 Bytes 
        expand                              9.7 KB 
          package.json                      1.9 KB 
          dist                              7.9 KB 
            cjs                             4.1 KB 
              index.js                      3.6 KB 
              types                      528 Bytes 
                index.d.ts               528 Bytes 
            esm                             3.8 KB 
              index.mjs                     3.3 KB 
              types                      528 Bytes 
                index.d.mts              528 Bytes 
        input                               8.6 KB 
          package.json                      1.9 KB 
          dist                              6.8 KB 
            cjs                             3.8 KB 
              index.js                      3.3 KB 
              types                      471 Bytes 
                index.d.ts               471 Bytes 
            esm                             3.0 KB 
              index.mjs                     2.5 KB 
              types                      471 Bytes 
                index.d.mts              471 Bytes 
        password                            7.8 KB 
          package.json                      1.9 KB 
          dist                              5.9 KB 
            cjs                             3.5 KB 
              index.js                      3.1 KB 
              types                      391 Bytes 
                index.d.ts               391 Bytes 
            esm                             2.5 KB 
              index.mjs                     2.1 KB 
              types                      391 Bytes 
                index.d.mts              391 Bytes 
        rawlist                             9.0 KB 
          package.json                      1.9 KB 
          dist                              7.1 KB 
            cjs                             3.8 KB 
              index.js                      2.8 KB 
              types                      941 Bytes 
                index.d.ts               941 Bytes 
            esm                             3.3 KB 
              index.mjs                     2.4 KB 
              types                      941 Bytes 
                index.d.mts              941 Bytes 
        select                             15.1 KB 
          package.json                      1.9 KB 
          dist                             13.1 KB 
            cjs                             6.8 KB 
              index.js                      5.6 KB 
              types                         1.2 KB 
                index.d.ts                  1.2 KB 
            esm                             6.3 KB 
              index.mjs                     5.1 KB 
              types                         1.2 KB 
                index.d.mts                 1.2 KB 
        core                               78.2 KB 
          package.json                      2.2 KB 
          dist                             69.6 KB 
            cjs                            39.6 KB 
              index.js                      2.8 KB 
              lib                          28.4 KB 
                Separator.js                1.1 KB 
                create-prompt.js            5.4 KB 
                errors.js                752 Bytes 
                hook-engine.js              3.3 KB 
                key.js                   996 Bytes 
                make-theme.js               1.0 KB 
                read-line.type.js         77 Bytes 
                screen-manager.js           5.0 KB 
                theme.js                 969 Bytes 
                use-effect.js            563 Bytes 
                use-keypress.js          751 Bytes 
                use-memo.js              634 Bytes 
                use-prefix.js            982 Bytes 
                use-ref.js               266 Bytes 
                use-state.js             822 Bytes 
                utils.js                    1.2 KB 
                pagination                  4.8 KB 
                  lines.js                  2.6 KB 
                  position.js               1.1 KB 
                  use-pagination.js         1.1 KB 
              types                         8.3 KB 
                index.d.ts               679 Bytes 
                lib                         7.7 KB 
                  Separator.d.ts         307 Bytes 
                  create-prompt.d.ts     317 Bytes 
                  errors.d.ts            237 Bytes 
                  hook-engine.d.ts          1.1 KB 
                  key.d.ts               467 Bytes 
                  make-theme.d.ts        272 Bytes 
                  read-line.type.d.ts    299 Bytes 
                  screen-manager.d.ts    392 Bytes 
                  theme.d.ts             637 Bytes 
                  use-effect.d.ts        174 Bytes 
                  use-keypress.d.ts      218 Bytes 
                  use-memo.d.ts           89 Bytes 
                  use-prefix.d.ts        156 Bytes 
                  use-ref.d.ts           165 Bytes 
                  use-state.d.ts         345 Bytes 
                  utils.d.ts             442 Bytes 
                  pagination                2.2 KB 
                    lines.d.ts              1.0 KB 
                    position.d.ts        597 Bytes 
                    use-pagination.d.ts  596 Bytes 
            esm                            30.1 KB 
              index.mjs                  581 Bytes 
              lib                          21.1 KB 
                Separator.mjs            473 Bytes 
                create-prompt.mjs           3.7 KB 
                errors.mjs               221 Bytes 
                hook-engine.mjs             2.8 KB 
                key.mjs                  626 Bytes 
                make-theme.mjs           918 Bytes 
                read-line.type.mjs        11 Bytes 
                screen-manager.mjs          3.9 KB 
                theme.mjs                557 Bytes 
                use-effect.mjs           404 Bytes 
                use-keypress.mjs         532 Bytes 
                use-memo.mjs             482 Bytes 
                use-prefix.mjs           742 Bytes 
                use-ref.mjs              118 Bytes 
                use-state.mjs            658 Bytes 
                utils.mjs                782 Bytes 
                pagination                  4.3 KB 
                  lines.mjs                 2.4 KB 
                  position.mjs           985 Bytes 
                  use-pagination.mjs     891 Bytes 
              types                         8.4 KB 
                index.d.mts              693 Bytes 
                lib                         7.7 KB 
                  Separator.d.mts        307 Bytes 
                  create-prompt.d.mts    317 Bytes 
                  errors.d.mts           237 Bytes 
                  hook-engine.d.mts         1.1 KB 
                  key.d.mts              467 Bytes 
                  make-theme.d.mts       273 Bytes 
                  read-line.type.d.mts   349 Bytes 
                  screen-manager.d.mts   393 Bytes 
                  theme.d.mts            637 Bytes 
                  use-effect.d.mts       175 Bytes 
                  use-keypress.d.mts     220 Bytes 
                  use-memo.d.mts          89 Bytes 
                  use-prefix.d.mts       157 Bytes 
                  use-ref.d.mts          165 Bytes 
                  use-state.d.mts        345 Bytes 
                  utils.d.mts            442 Bytes 
                  pagination                2.2 KB 
                    lines.d.mts             1.0 KB 
                    position.d.mts       597 Bytes 
                    use-pagination.d.mts 598 Bytes 
          node_modules                      6.4 KB 
            @types                          6.4 KB 
              node                          6.4 KB 
                package.json                6.4 KB 
        figures                            47.4 KB 
          package.json                      1.6 KB 
          dist                             45.8 KB 
            cjs                            23.2 KB 
              index.js                      9.6 KB 
              types                        13.6 KB 
                index.d.ts                 13.6 KB 
            esm                            22.6 KB 
              index.mjs                     9.0 KB 
              types                        13.6 KB 
                index.d.mts                13.6 KB 
        type                                4.2 KB 
          package.json                      1.6 KB 
          dist                              2.6 KB 
            cjs                             1.5 KB 
              index.js                   438 Bytes 
              types                         1.0 KB 
                index.d.ts                  1.0 KB 
            esm                             1.1 KB 
              index.mjs                   75 Bytes 
              types                         1.1 KB 
                index.d.mts                 1.1 KB 
      ansi-escapes                         10.0 KB 
        package.json                     929 Bytes 
        index.js                            3.7 KB 
        index.d.ts                          5.4 KB 
      chalk                                23.6 KB 
        package.json                        1.2 KB 
        index.d.ts                          8.7 KB 
        source                             10.2 KB 
          index.js                          5.9 KB 
          templates.js                      3.3 KB 
          util.js                           1.0 KB 
        node_modules                        3.5 KB 
          supports-color                    3.5 KB 
            package.json                 817 Bytes 
            index.js                        2.7 KB 
            browser.js                    67 Bytes 
      external-editor                      18.2 KB 
        package.json                        1.4 KB 
        example_sync.js                     1.2 KB 
        example_async.js                    1.1 KB 
        main                               14.5 KB 
          index.js                          6.9 KB 
          index.d.ts                        1.5 KB 
          errors                            6.2 KB 
            CreateFileError.d.ts         203 Bytes 
            CreateFileError.js              1.4 KB 
            LaunchEditorError.d.ts       205 Bytes 
            LaunchEditorError.js            1.4 KB 
            ReadFileError.d.ts           201 Bytes 
            ReadFileError.js                1.3 KB 
            RemoveFileError.d.ts         203 Bytes 
            RemoveFileError.js              1.4 KB 
      @json2csv                           381.2 KB 
        plainjs                           173.2 KB 
          package.json                      1.5 KB 
          dist                            171.7 KB 
            cjs                            87.0 KB 
              BaseParser.d.ts               4.2 KB 
              BaseParser.d.ts.map           3.4 KB 
              BaseParser.js                 7.1 KB 
              BaseParser.js.map             4.0 KB 
              Parser.d.ts                   1.1 KB 
              Parser.d.ts.map            731 Bytes 
              Parser.js                     2.8 KB 
              Parser.js.map                 2.0 KB 
              StreamParser.d.ts             1.7 KB 
              StreamParser.d.ts.map         1.4 KB 
              StreamParser.js               5.6 KB 
              StreamParser.js.map           4.7 KB 
              index.d.ts                 404 Bytes 
              index.d.ts.map             394 Bytes 
              index.js                      1.0 KB 
              index.js.map               237 Bytes 
              package.json                24 Bytes 
              tsconfig.tsbuildinfo         37.5 KB 
              utils.d.ts                    1.8 KB 
              utils.d.ts.map                2.1 KB 
              utils.js                      2.2 KB 
              utils.js.map                  1.9 KB 
              types                      596 Bytes 
                Transform.d.ts           116 Bytes 
                Transform.d.ts.map       244 Bytes 
                Transform.js             114 Bytes 
                Transform.js.map         122 Bytes 
            mjs                            84.7 KB 
              BaseParser.d.ts               4.2 KB 
              BaseParser.d.ts.map           3.4 KB 
              BaseParser.js                 6.0 KB 
              BaseParser.js.map             4.1 KB 
              Parser.d.ts                   1.1 KB 
              Parser.d.ts.map            731 Bytes 
              Parser.js                     2.5 KB 
              Parser.js.map                 2.1 KB 
              StreamParser.d.ts             1.7 KB 
              StreamParser.d.ts.map         1.4 KB 
              StreamParser.js               5.4 KB 
              StreamParser.js.map           4.8 KB 
              index.d.ts                 404 Bytes 
              index.d.ts.map             394 Bytes 
              index.js                   218 Bytes 
              index.js.map               273 Bytes 
              tsconfig.tsbuildinfo         37.5 KB 
              utils.d.ts                    1.8 KB 
              utils.d.ts.map                2.1 KB 
              utils.js                      2.0 KB 
              utils.js.map                  1.8 KB 
              types                      725 Bytes 
                Transform.d.ts           116 Bytes 
                Transform.d.ts.map       244 Bytes 
                Transform.js             198 Bytes 
                Transform.js.map         167 Bytes 
        transforms                        109.4 KB 
          package.json                      1.3 KB 
          dist                            108.1 KB 
            cjs                            54.5 KB 
              Transform.d.ts             107 Bytes 
              Transform.d.ts.map         215 Bytes 
              Transform.js               114 Bytes 
              Transform.js.map           113 Bytes 
              flatten.d.ts               567 Bytes 
              flatten.d.ts.map           498 Bytes 
              flatten.js                    1.3 KB 
              flatten.js.map                1.1 KB 
              index.d.ts                 236 Bytes 
              index.d.ts.map             290 Bytes 
              index.js                   642 Bytes 
              index.js.map               179 Bytes 
              package.json                24 Bytes 
              tsconfig.tsbuildinfo         33.7 KB 
              unwind.d.ts                554 Bytes 
              unwind.d.ts.map            420 Bytes 
              unwind.js                     2.3 KB 
              unwind.js.map                 2.1 KB 
              utils.d.ts                    1.9 KB 
              utils.d.ts.map                2.3 KB 
              utils.js                      3.2 KB 
              utils.js.map                  2.8 KB 
            mjs                            53.6 KB 
              Transform.d.ts             107 Bytes 
              Transform.d.ts.map         215 Bytes 
              Transform.js               198 Bytes 
              Transform.js.map           158 Bytes 
              flatten.d.ts               567 Bytes 
              flatten.d.ts.map           498 Bytes 
              flatten.js                    1.2 KB 
              flatten.js.map                1.1 KB 
              index.d.ts                 236 Bytes 
              index.d.ts.map             290 Bytes 
              index.js                   133 Bytes 
              index.js.map               207 Bytes 
              tsconfig.tsbuildinfo         33.7 KB 
              unwind.d.ts                554 Bytes 
              unwind.d.ts.map            420 Bytes 
              unwind.js                     2.2 KB 
              unwind.js.map                 2.2 KB 
              utils.d.ts                    1.9 KB 
              utils.d.ts.map                2.3 KB 
              utils.js                      2.9 KB 
              utils.js.map                  2.7 KB 
        formatters                         98.5 KB 
          package.json                      1.2 KB 
          dist                             97.3 KB 
            cjs                            49.7 KB 
              Formatter.d.ts             103 Bytes 
              Formatter.d.ts.map         200 Bytes 
              Formatter.js               114 Bytes 
              Formatter.js.map           113 Bytes 
              default.d.ts               100 Bytes 
              default.d.ts.map           178 Bytes 
              default.js                 274 Bytes 
              default.js.map             257 Bytes 
              index.d.ts                 598 Bytes 
              index.d.ts.map             574 Bytes 
              index.js                      1.7 KB 
              index.js.map               355 Bytes 
              number.d.ts                276 Bytes 
              number.d.ts.map            340 Bytes 
              number.js                  541 Bytes 
              number.js.map              615 Bytes 
              object.d.ts                206 Bytes 
              object.d.ts.map            245 Bytes 
              object.js                  805 Bytes 
              object.js.map              569 Bytes 
              package.json                24 Bytes 
              string.d.ts                263 Bytes 
              string.d.ts.map            321 Bytes 
              string.js                  690 Bytes 
              string.js.map              766 Bytes 
              stringExcel.d.ts           101 Bytes 
              stringExcel.d.ts.map       174 Bytes 
              stringExcel.js             336 Bytes 
              stringExcel.js.map         355 Bytes 
              stringQuoteOnlyIfNecessary.d.ts 428 Bytes 
              stringQuoteOnlyIfNecessary.d.ts.map 425 Bytes 
              stringQuoteOnlyIfNecessary.js    1.0 KB 
              stringQuoteOnlyIfNecessary.js.map 975 Bytes 
              symbol.d.ts                193 Bytes 
              symbol.d.ts.map            226 Bytes 
              symbol.js                  506 Bytes 
              symbol.js.map              341 Bytes 
              tsconfig.tsbuildinfo         34.7 KB 
            mjs                            47.6 KB 
              Formatter.d.ts             103 Bytes 
              Formatter.d.ts.map         200 Bytes 
              Formatter.js               198 Bytes 
              Formatter.js.map           158 Bytes 
              default.d.ts               100 Bytes 
              default.d.ts.map           178 Bytes 
              default.js                 176 Bytes 
              default.js.map             258 Bytes 
              index.d.ts                 598 Bytes 
              index.d.ts.map             574 Bytes 
              index.js                   429 Bytes 
              index.js.map               469 Bytes 
              number.d.ts                276 Bytes 
              number.d.ts.map            340 Bytes 
              number.js                  444 Bytes 
              number.js.map              614 Bytes 
              object.d.ts                206 Bytes 
              object.d.ts.map            245 Bytes 
              object.js                  554 Bytes 
              object.js.map              582 Bytes 
              string.d.ts                263 Bytes 
              string.d.ts.map            321 Bytes 
              string.js                  593 Bytes 
              string.js.map              765 Bytes 
              stringExcel.d.ts           101 Bytes 
              stringExcel.d.ts.map       174 Bytes 
              stringExcel.js             243 Bytes 
              stringExcel.js.map         356 Bytes 
              stringQuoteOnlyIfNecessary.d.ts 428 Bytes 
              stringQuoteOnlyIfNecessary.d.ts.map 425 Bytes 
              stringQuoteOnlyIfNecessary.js 775 Bytes 
              stringQuoteOnlyIfNecessary.js.map 997 Bytes 
              symbol.d.ts                193 Bytes 
              symbol.d.ts.map            226 Bytes 
              symbol.js                  255 Bytes 
              symbol.js.map              354 Bytes 
              tsconfig.tsbuildinfo         34.7 KB 
      @napi-rs                              1.1 MB 
        clipboard                          10.4 KB 
          package.json                      1.5 KB 
          index.js                          8.9 KB 
        keyring                            17.0 KB 
          package.json                      3.3 KB 
          index.js                          7.4 KB 
          index.d.ts                        3.8 KB 
          keytar.js                      814 Bytes 
          keytar.d.ts                       1.8 KB 
        clipboard-darwin-arm64            720.0 KB 
          package.json                   278 Bytes 
          clipboard.darwin-arm64.node     719.8 KB 
        keyring-darwin-arm64              416.0 KB 
          package.json                   637 Bytes 
          keyring.darwin-arm64.node       415.4 KB 
      @node-rs                            540.6 KB 
        argon2                             14.9 KB 
          package.json                      2.4 KB 
          index.js                          9.1 KB 
          index.d.ts                        3.4 KB 
          browser.js                      44 Bytes 
        argon2-darwin-arm64               525.6 KB 
          package.json                   734 Bytes 
          argon2.darwin-arm64.node        524.9 KB 
      punycode                             27.1 KB 
        package.json                        1.2 KB 
        LICENSE-MIT.txt                     1.1 KB 
        punycode.js                        12.4 KB 
        punycode.es6.js                    12.5 KB 
      file-uri-to-path                      2.4 KB 
        package.json                     717 Bytes 
        index.js                            1.7 KB 
      detect-libc                           8.9 KB 
        package.json                        1.1 KB 
        index.d.ts                       436 Bytes 
        lib                                 7.4 KB 
          detect-libc.js                    6.3 KB 
          filesystem.js                  717 Bytes 
          process.js                     399 Bytes 
      expand-template                       1.3 KB 
        package.json                     647 Bytes 
        index.js                         672 Bytes 
      github-from-package                   1.1 KB 
        package.json                     753 Bytes 
        index.js                         406 Bytes 
      minimist                              7.8 KB 
        package.json                        1.7 KB 
        index.js                            6.1 KB 
      mkdirp-classic                        3.0 KB 
        package.json                     471 Bytes 
        index.js                            2.6 KB 
      napi-build-utils                      8.1 KB 
        package.json                        1.0 KB 
        index.js                            7.0 KB 
      node-abi                             11.8 KB 
        package.json                     934 Bytes 
        index.js                            6.3 KB 
        abi_registry.json                   4.5 KB 
      pump                                  2.7 KB 
        package.json                     530 Bytes 
        index.js                            2.2 KB 
      rc                                    7.2 KB 
        package.json                     695 Bytes 
        index.js                            1.5 KB 
        lib                                 2.7 KB 
          utils.js                          2.7 KB 
        node_modules                        2.4 KB 
          strip-json-comments               2.4 KB 
            package.json                 749 Bytes 
            index.js                        1.7 KB 
      simple-get                            5.4 KB 
        package.json                        1.4 KB 
        index.js                            4.0 KB 
      tar-fs                               10.2 KB 
        package.json                     828 Bytes 
        index.js                            9.4 KB 
      tunnel-agent                          7.3 KB 
        package.json                     542 Bytes 
        index.js                            6.7 KB 
      defer-to-connect                      3.3 KB 
        package.json                        1.6 KB 
        dist                                1.8 KB 
          source                            1.8 KB 
            index.js                        1.5 KB 
            index.d.ts                   346 Bytes 
      get-stream                           16.5 KB 
        package.json                        1.2 KB 
        source                             15.3 KB 
          array-buffer.js                   3.3 KB 
          array.js                       733 Bytes 
          buffer.js                      555 Bytes 
          contents.js                       2.7 KB 
          exports.js                     254 Bytes 
          index.d.ts                        4.2 KB 
          index.js                       289 Bytes 
          stream.js                         1.9 KB 
          string.js                         1.1 KB 
          utils.js                       343 Bytes 
      http-cache-semantics                 23.7 KB 
        package.json                     526 Bytes 
        index.js                           23.2 KB 
      keyv                                 11.8 KB 
        package.json                        1.3 KB 
        src                                10.6 KB 
          index.js                          6.4 KB 
          index.d.ts                        4.1 KB 
      normalize-url                        16.5 KB 
        package.json                     945 Bytes 
        index.js                            8.2 KB 
        index.d.ts                          7.3 KB 
      mimic-response                        2.9 KB 
        package.json                     768 Bytes 
        index.js                            1.5 KB 
        index.d.ts                       599 Bytes 
      quick-lru                             4.8 KB 
        package.json                     740 Bytes 
        index.js                            2.0 KB 
        index.d.ts                          2.0 KB 
      resolve-alpn                          1.6 KB 
        package.json                     825 Bytes 
        index.js                         859 Bytes 
      colorspace                            1.5 KB 
        package.json                     750 Bytes 
        index.js                         740 Bytes 
      enabled                               1.5 KB 
        package.json                     787 Bytes 
        index.js                         770 Bytes 
      kuler                                 3.1 KB 
        package.json                     645 Bytes 
        index.js                            2.5 KB 
      fecha                               131.9 KB 
        package.json                        1.5 KB 
        lib                                87.0 KB 
          fecha.umd.js                     15.0 KB 
          fecha.d.ts                        2.1 KB 
          fecha.js                         13.7 KB 
          fecha.js.map                     28.0 KB 
          fecha.umd.js.map                 28.1 KB 
        dist                               29.1 KB 
          fecha.min.js                      6.1 KB 
          fecha.min.js.map                 23.0 KB 
        src                                14.4 KB 
          fecha.ts                         14.4 KB 
      ms                                    3.7 KB 
        package.json                     732 Bytes 
        index.js                            3.0 KB 
      fn.name                               1.8 KB 
        package.json                     883 Bytes 
        index.js                         988 Bytes 
      inherits                              1.5 KB 
        package.json                     581 Bytes 
        inherits.js                      250 Bytes 
        inherits_browser.js              753 Bytes 
      string_decoder                       10.0 KB 
        package.json                     823 Bytes 
        lib                                 9.2 KB 
          string_decoder.js                 9.2 KB 
      util-deprecate                     817 Bytes 
        package.json                     694 Bytes 
        node.js                          123 Bytes 
      bn.js                                86.4 KB 
        package.json                     789 Bytes 
        lib                                85.7 KB 
          bn.js                            85.7 KB 
      brorand                               2.1 KB 
        package.json                     654 Bytes 
        index.js                            1.5 KB 
      hash.js                              29.5 KB 
        package.json                     855 Bytes 
        lib                                28.6 KB 
          hash.js                        444 Bytes 
          hash                             28.2 KB 
            utils.js                        6.4 KB 
            common.js                       2.3 KB 
            sha.js                       206 Bytes 
            ripemd.js                       3.5 KB 
            hmac.js                         1.1 KB 
            sha                            14.8 KB 
              1.js                          1.5 KB 
              224.js                     670 Bytes 
              256.js                        2.8 KB 
              384.js                     768 Bytes 
              512.js                        8.1 KB 
              common.js                  907 Bytes 
      hmac-drbg                             3.7 KB 
        package.json                     752 Bytes 
        lib                                 2.9 KB 
          hmac-drbg.js                      2.9 KB 
      minimalistic-assert                762 Bytes 
        package.json                     510 Bytes 
        index.js                         252 Bytes 
      minimalistic-crypto-utils             1.8 KB 
        package.json                     693 Bytes 
        lib                                 1.1 KB 
          utils.js                          1.1 KB 
      vows                                 36.1 KB 
        package.json                     656 Bytes 
        lib                                35.4 KB 
          vows.js                           5.3 KB 
          assert                           10.3 KB 
            error.js                    1009 Bytes 
            macros.js                       7.4 KB 
            utils.js                        1.9 KB 
          vows                             19.8 KB 
            console.js                      4.1 KB 
            extras.js                    905 Bytes 
            suite.js                       10.9 KB 
            context.js                      2.1 KB 
            reporters                       1.8 KB 
              dot-matrix.js                 1.8 KB 
      asn1                                 15.4 KB 
        package.json                     782 Bytes 
        lib                                14.6 KB 
          index.js                       320 Bytes 
          ber                              14.3 KB 
            index.js                     469 Bytes 
            errors.js                    240 Bytes 
            types.js                     638 Bytes 
            reader.js                       5.5 KB 
            writer.js                       7.5 KB 
      charenc                               1.3 KB 
        package.json                     482 Bytes 
        charenc.js                       850 Bytes 
      crypt                                 3.3 KB 
        package.json                     458 Bytes 
        crypt.js                            2.9 KB 
      is-buffer                             1.8 KB 
        package.json                        1.1 KB 
        index.js                         698 Bytes 
      isexe                                 3.7 KB 
        package.json                     786 Bytes 
        index.js                            1.2 KB 
        windows.js                       890 Bytes 
        mode.js                          909 Bytes 
      cli-spinners                         28.9 KB 
        package.json                     939 Bytes 
        index.js                         406 Bytes 
        index.d.ts                          2.0 KB 
        spinners.json                      25.7 KB 
      cli-width                             2.1 KB 
        package.json                     977 Bytes 
        index.js                         903 Bytes 
        index.d.ts                       267 Bytes 
      mute-stream                           3.9 KB 
        package.json                        1.1 KB 
        lib                                 2.8 KB 
          index.js                          2.8 KB 
      signal-exit                          72.0 KB 
        package.json                        2.5 KB 
        dist                               69.5 KB 
          cjs                              35.1 KB 
            index.js                        9.2 KB 
            browser.d.ts                 393 Bytes 
            browser.d.ts.map             349 Bytes 
            browser.js                   322 Bytes 
            browser.js.map               703 Bytes 
            index.d.ts                      1.7 KB 
            index.d.ts.map               460 Bytes 
            index.js.map                   17.1 KB 
            package.json                  25 Bytes 
            signals.d.ts                    1.1 KB 
            signals.d.ts.map             196 Bytes 
            signals.js                      1.5 KB 
            signals.js.map                  2.0 KB 
          mjs                              34.4 KB 
            browser.d.ts                 393 Bytes 
            browser.d.ts.map             349 Bytes 
            browser.js                   138 Bytes 
            browser.js.map               668 Bytes 
            index.d.ts                      1.7 KB 
            index.d.ts.map               460 Bytes 
            index.js                        8.9 KB 
            index.js.map                   17.2 KB 
            package.json                  23 Bytes 
            signals.d.ts                    1.1 KB 
            signals.d.ts.map             196 Bytes 
            signals.js                      1.4 KB 
            signals.js.map                  2.0 KB 
      strip-ansi                            1.3 KB 
        package.json                     798 Bytes 
        index.js                         154 Bytes 
        index.d.ts                       369 Bytes 
      wrap-ansi                             5.5 KB 
        package.json                     945 Bytes 
        index.js                            4.6 KB 
      type-fest                            82.1 KB 
        package.json                        1.0 KB 
        index.d.ts                       115 Bytes 
        base.d.ts                           1.7 KB 
        source                             68.0 KB 
          async-return-type.d.ts         715 Bytes 
          asyncify.d.ts                     1.2 KB 
          basic.d.ts                        1.6 KB 
          conditional-except.d.ts       1012 Bytes 
          conditional-keys.d.ts             1.2 KB 
          conditional-pick.d.ts          933 Bytes 
          entries.d.ts                      2.4 KB 
          entry.d.ts                        2.7 KB 
          except.d.ts                    886 Bytes 
          fixed-length-array.d.ts           1.4 KB 
          iterable-element.d.ts             1.3 KB 
          literal-union.d.ts                1.1 KB 
          merge-exclusive.d.ts              1.3 KB 
          merge.d.ts                     531 Bytes 
          mutable.d.ts                      1.8 KB 
          opaque.d.ts                       2.6 KB 
          package-json.d.ts                13.7 KB 
          partial-deep.d.ts                 2.3 KB 
          promisable.d.ts                775 Bytes 
          promise-value.d.ts                1.0 KB 
          readonly-deep.d.ts                1.8 KB 
          require-at-least-one.d.ts      848 Bytes 
          require-exactly-one.d.ts          1.2 KB 
          set-optional.d.ts              911 Bytes 
          set-required.d.ts              914 Bytes 
          set-return-type.d.ts              1.7 KB 
          simplify.d.ts                  133 Bytes 
          stringified.d.ts               416 Bytes 
          tsconfig-json.d.ts               16.4 KB 
          typed-array.d.ts               363 Bytes 
          union-to-intersection.d.ts        1.9 KB 
          utilities.d.ts                 322 Bytes 
          value-of.d.ts                  829 Bytes 
        ts41                               11.3 KB 
          camel-case.d.ts                   1.8 KB 
          delimiter-case.d.ts               2.8 KB 
          get.d.ts                          4.1 KB 
          index.d.ts                     419 Bytes 
          kebab-case.d.ts                686 Bytes 
          pascal-case.d.ts               608 Bytes 
          snake-case.d.ts                672 Bytes 
          utilities.d.ts                 331 Bytes 
      ansi-styles                          11.3 KB 
        package.json                        1.0 KB 
        index.js                            4.0 KB 
        index.d.ts                          6.2 KB 
      chardet                              70.2 KB 
        package.json                     962 Bytes 
        index.js                            3.3 KB 
        match.js                         155 Bytes 
        encoding                           65.8 KB 
          utf8.js                           2.1 KB 
          unicode.js                        3.0 KB 
          mbcs.js                          16.6 KB 
          sbcs.js                          40.1 KB 
          iso2022.js                        4.0 KB 
      iconv-lite                          315.4 KB 
        package.json                        1.2 KB 
        lib                                17.9 KB 
          index.js                          5.0 KB 
          bom-handling.js                   1.1 KB 
          extend-node.js                    8.5 KB 
          streams.js                        3.3 KB 
        encodings                         296.4 KB 
          index.js                       710 Bytes 
          internal.js                       6.0 KB 
          utf16.js                          4.9 KB 
          utf7.js                           9.0 KB 
          sbcs-codec.js                     2.1 KB 
          sbcs-data.js                      4.6 KB 
          sbcs-data-generated.js           31.3 KB 
          dbcs-codec.js                    20.9 KB 
          dbcs-data.js                      8.1 KB 
          tables                          208.8 KB 
            shiftjis.json                  23.2 KB 
            eucjp.json                     40.1 KB 
            cp936.json                     46.2 KB 
            gb18030-ranges.json             2.2 KB 
            cp949.json                     37.2 KB 
            cp950.json                     41.4 KB 
            gbk-added.json                  1.2 KB 
            big5-added.json                17.3 KB 
      tmp                                  15.3 KB 
        package.json                     751 Bytes 
        lib                                14.5 KB 
          tmp.js                           14.5 KB 
      @streamparser                       292.7 KB 
        json                              292.7 KB 
          package.json                      1.5 KB 
          dist                            291.3 KB 
            cjs                           116.6 KB 
              index.d.ts                 707 Bytes 
              index.d.ts.map             608 Bytes 
              index.js                      3.0 KB 
              index.js.map               405 Bytes 
              jsonparser.d.ts            821 Bytes 
              jsonparser.d.ts.map        846 Bytes 
              jsonparser.js                 1.7 KB 
              jsonparser.js.map             1.6 KB 
              package.json                24 Bytes 
              tokenizer.d.ts                1.1 KB 
              tokenizer.d.ts.map            1.2 KB 
              tokenizer.js                 36.0 KB 
              tokenizer.js.map             17.0 KB 
              tokenparser.d.ts              1.0 KB 
              tokenparser.d.ts.map          1.1 KB 
              tokenparser.js               11.5 KB 
              tokenparser.js.map            8.2 KB 
              utils                        29.9 KB 
                bufferedString.d.ts      938 Bytes 
                bufferedString.d.ts.map 1016 Bytes 
                bufferedString.js           1.9 KB 
                bufferedString.js.map       2.0 KB 
                utf-8.d.ts                  2.8 KB 
                utf-8.d.ts.map              1.9 KB 
                utf-8.js                    7.6 KB 
                utf-8.js.map                2.1 KB 
                types                       9.6 KB 
                  jsonTypes.d.ts         334 Bytes 
                  jsonTypes.d.ts.map     446 Bytes 
                  jsonTypes.js           114 Bytes 
                  jsonTypes.js.map       131 Bytes 
                  parsedElementInfo.d.ts 885 Bytes 
                  parsedElementInfo.d.ts.map 944 Bytes 
                  parsedElementInfo.js   122 Bytes 
                  parsedElementInfo.js.map 147 Bytes 
                  parsedTokenInfo.d.ts      1.6 KB 
                  parsedTokenInfo.d.ts.map    1.5 KB 
                  parsedTokenInfo.js     120 Bytes 
                  parsedTokenInfo.js.map 143 Bytes 
                  stackElement.d.ts      299 Bytes 
                  stackElement.d.ts.map  382 Bytes 
                  stackElement.js        399 Bytes 
                  stackElement.js.map    243 Bytes 
                  tokenType.d.ts         303 Bytes 
                  tokenType.d.ts.map     352 Bytes 
                  tokenType.js           867 Bytes 
                  tokenType.js.map       410 Bytes 
            deno                           60.7 KB 
              README.md                    13.8 KB 
              index.ts                   689 Bytes 
              jsonparser.ts                 1.8 KB 
              tokenizer.ts                 26.1 KB 
              tokenparser.ts                9.8 KB 
              utils                         8.6 KB 
                bufferedString.ts           2.0 KB 
                utf-8.ts                    3.7 KB 
                types                       3.0 KB 
                  jsonTypes.ts           290 Bytes 
                  parsedElementInfo.ts   819 Bytes 
                  parsedTokenInfo.ts        1.5 KB 
                  stackElement.ts        232 Bytes 
                  tokenType.ts           184 Bytes 
            mjs                           114.0 KB 
              index.d.ts                 707 Bytes 
              index.d.ts.map             608 Bytes 
              index.js                   614 Bytes 
              index.js.map               539 Bytes 
              jsonparser.d.ts            821 Bytes 
              jsonparser.d.ts.map        846 Bytes 
              jsonparser.js                 1.4 KB 
              jsonparser.js.map             1.7 KB 
              tokenizer.d.ts                1.1 KB 
              tokenizer.d.ts.map            1.2 KB 
              tokenizer.js                 33.9 KB 
              tokenizer.js.map             19.8 KB 
              tokenparser.d.ts              1.0 KB 
              tokenparser.d.ts.map          1.1 KB 
              tokenparser.js               10.7 KB 
              tokenparser.js.map            8.7 KB 
              utils                        29.3 KB 
                bufferedString.d.ts      938 Bytes 
                bufferedString.d.ts.map 1016 Bytes 
                bufferedString.js           1.7 KB 
                bufferedString.js.map       2.0 KB 
                utf-8.d.ts                  2.8 KB 
                utf-8.d.ts.map              1.9 KB 
                utf-8.js                    7.3 KB 
                utf-8.js.map                2.4 KB 
                types                       9.3 KB 
                  jsonTypes.d.ts         334 Bytes 
                  jsonTypes.d.ts.map     446 Bytes 
                  jsonTypes.js            48 Bytes 
                  jsonTypes.js.map       131 Bytes 
                  parsedElementInfo.d.ts 885 Bytes 
                  parsedElementInfo.d.ts.map 944 Bytes 
                  parsedElementInfo.js    56 Bytes 
                  parsedElementInfo.js.map 147 Bytes 
                  parsedTokenInfo.d.ts      1.6 KB 
                  parsedTokenInfo.d.ts.map    1.5 KB 
                  parsedTokenInfo.js      83 Bytes 
                  parsedTokenInfo.js.map 174 Bytes 
                  stackElement.d.ts      299 Bytes 
                  stackElement.d.ts.map  382 Bytes 
                  stackElement.js        269 Bytes 
                  stackElement.js.map    249 Bytes 
                  tokenType.d.ts         303 Bytes 
                  tokenType.d.ts.map     352 Bytes 
                  tokenType.js           787 Bytes 
                  tokenType.js.map       407 Bytes 
      semver                               67.3 KB 
        package.json                        1.7 KB 
        index.js                            2.6 KB 
        preload.js                        69 Bytes 
        range.bnf                        619 Bytes 
        bin                                 4.7 KB 
          semver.js                         4.7 KB 
        classes                            26.4 KB 
          comparator.js                     3.5 KB 
          index.js                       129 Bytes 
          range.js                         14.2 KB 
          semver.js                         8.6 KB 
        functions                           7.5 KB 
          clean.js                       191 Bytes 
          cmp.js                         947 Bytes 
          coerce.js                         1.5 KB 
          compare-build.js               267 Bytes 
          compare-loose.js               118 Bytes 
          compare.js                     156 Bytes 
          diff.js                           1.6 KB 
          eq.js                          112 Bytes 
          gt.js                          110 Bytes 
          gte.js                         113 Bytes 
          inc.js                         464 Bytes 
          lt.js                          110 Bytes 
          lte.js                         113 Bytes 
          major.js                       122 Bytes 
          minor.js                       122 Bytes 
          neq.js                         114 Bytes 
          parse.js                       317 Bytes 
          patch.js                       122 Bytes 
          prerelease.js                  220 Bytes 
          rcompare.js                    118 Bytes 
          rsort.js                       149 Bytes 
          satisfies.js                   233 Bytes 
          sort.js                        147 Bytes 
          valid.js                       162 Bytes 
        internal                            9.3 KB 
          constants.js                   859 Bytes 
          debug.js                       226 Bytes 
          identifiers.js                 410 Bytes 
          parse-options.js               324 Bytes 
          re.js                             7.5 KB 
        ranges                             14.6 KB 
          gtr.js                         217 Bytes 
          intersects.js                  210 Bytes 
          ltr.js                         213 Bytes 
          max-satisfying.js              579 Bytes 
          min-satisfying.js              577 Bytes 
          min-version.js                    1.5 KB 
          outside.js                        2.1 KB 
          simplify.js                       1.3 KB 
          subset.js                         7.3 KB 
          to-comparators.js              268 Bytes 
          valid.js                       312 Bytes 
      end-of-stream                         3.4 KB 
        package.json                     777 Bytes 
        index.js                            2.6 KB 
      once                                  1.5 KB 
        package.json                     574 Bytes 
        once.js                          935 Bytes 
      deep-extend                           5.5 KB 
        package.json                        1.3 KB 
        index.js                          47 Bytes 
        lib                                 4.2 KB 
          deep-extend.js                    4.2 KB 
      ini                                   5.7 KB 
        package.json                     845 Bytes 
        ini.js                              4.9 KB 
      simple-concat                         1.4 KB 
        package.json                        1.0 KB 
        index.js                         392 Bytes 
      chownr                                4.8 KB 
        package.json                     610 Bytes 
        chownr.js                           4.2 KB 
      tar-stream                           21.9 KB 
        package.json                        1.3 KB 
        index.js                          72 Bytes 
        extract.js                          5.8 KB 
        headers.js                          7.8 KB 
        pack.js                             5.5 KB 
        sandbox.js                       371 Bytes 
        LICENSE                             1.1 KB 
      safe-buffer                           2.7 KB 
        package.json                        1.0 KB 
        index.js                            1.6 KB 
      @sindresorhus                        77.2 KB 
        is                                 77.2 KB 
          package.json                      1.4 KB 
          dist                             75.9 KB 
            index.d.ts                     32.0 KB 
            index.js                       41.9 KB 
            types.d.ts                      1.8 KB 
            types.js                     128 Bytes 
      @szmarczak                            6.0 KB 
        http-timer                          6.0 KB 
          package.json                      1.8 KB 
          dist                              4.3 KB 
            source                          4.3 KB 
              index.d.ts                 825 Bytes 
              index.js                      3.5 KB 
      is-stream                             4.7 KB 
        package.json                     850 Bytes 
        index.js                            1.3 KB 
        index.d.ts                          2.5 KB 
      json-buffer                           2.3 KB 
        package.json                     878 Bytes 
        index.js                            1.5 KB 
      @jsep-plugin                          6.1 KB 
        assignment                          3.5 KB 
          package.json                      1.1 KB 
          dist                              2.4 KB 
            cjs                             2.4 KB 
              index.cjs.js                  2.4 KB 
        regex                               2.7 KB 
          package.json                      1.1 KB 
          dist                              1.5 KB 
            cjs                             1.5 KB 
              index.cjs.js                  1.5 KB 
      @otplib                              24.4 KB 
        core                               16.0 KB 
          package.json                   465 Bytes 
          index.js                         15.5 KB 
        preset-default                      1.4 KB 
          package.json                   639 Bytes 
          index.js                       815 Bytes 
        preset-v11                          4.3 KB 
          package.json                   652 Bytes 
          index.js                          3.7 KB 
        plugin-crypto                       1.4 KB 
          package.json                   618 Bytes 
          index.js                       792 Bytes 
        plugin-thirty-two                   1.3 KB 
          package.json                   596 Bytes 
          index.js                       711 Bytes 
      thirty-two                            5.8 KB 
        package.json                     395 Bytes 
        lib                                 5.5 KB 
          thirty-two                        5.5 KB 
            index.js                        1.2 KB 
            thirty-two.js                   4.2 KB 
      @dabh                                10.0 KB 
        diagnostics                        10.0 KB 
          package.json                      2.0 KB 
          node                              1.7 KB 
            index.js                     223 Bytes 
            production.js                578 Bytes 
            development.js               931 Bytes 
          diagnostics.js                    4.4 KB 
          modifiers                      556 Bytes 
            namespace-ansi.js            556 Bytes 
          adapters                       622 Bytes 
            process.env.js               221 Bytes 
            index.js                     401 Bytes 
          logger                         744 Bytes 
            console.js                   744 Bytes 
      color                                38.7 KB 
        package.json                     721 Bytes 
        index.js                           10.9 KB 
        LICENSE                             1.0 KB 
        node_modules                       26.2 KB 
          color-convert                    21.1 KB 
            package.json                 805 Bytes 
            index.js                        1.7 KB 
            conversions.js                 16.5 KB 
            route.js                        2.2 KB 
          color-name                        5.1 KB 
            package.json                 555 Bytes 
            index.js                        4.5 KB 
      text-hex                              1.1 KB 
        package.json                     640 Bytes 
        index.js                         477 Bytes 
      @colors                              36.1 KB 
        colors                             36.1 KB 
          package.json                      1.0 KB 
          LICENSE                           1.2 KB 
          safe.js                        248 Bytes 
          index.d.ts                        4.1 KB 
          safe.d.ts                         2.6 KB 
          lib                              22.7 KB 
            index.js                     378 Bytes 
            colors.js                       5.7 KB 
            extendStringPrototype.js        3.2 KB 
            styles.js                       2.5 KB 
            custom                          4.5 KB 
              trap.js                       1.6 KB 
              zalgo.js                      2.8 KB 
            maps                            1.2 KB 
              america.js                 278 Bytes 
              rainbow.js                 311 Bytes 
              random.js                  454 Bytes 
              zebra.js                   146 Bytes 
            system                          5.3 KB 
              has-flag.js                   1.4 KB 
              supports-colors.js            4.0 KB 
          examples                          4.0 KB 
            normal-usage.js                 2.0 KB 
            safe-string.js                  2.1 KB 
          themes                         199 Bytes 
            generic-logging.js           199 Bytes 
      eyes                                  8.9 KB 
        package.json                     603 Bytes 
        lib                                 8.4 KB 
          eyes.js                           8.4 KB 
      safer-buffer                         40.2 KB 
        package.json                     822 Bytes 
        safer.js                            2.1 KB 
        Porting-Buffer.md                  12.5 KB 
        Readme.md                           8.1 KB 
        tests.js                           15.4 KB 
        dangerous.js                        1.4 KB 
      undici-types                         70.9 KB 
        package.json                        1.2 KB 
        agent.d.ts                          1.0 KB 
        api.d.ts                            1.4 KB 
        balanced-pool.d.ts               609 Bytes 
        cache.d.ts                          1.2 KB 
        client.d.ts                         4.5 KB 
        connector.d.ts                      1.0 KB 
        content-type.d.ts                561 Bytes 
        cookies.d.ts                     635 Bytes 
        diagnostics-channel.d.ts            1.6 KB 
        dispatcher.d.ts                    13.1 KB 
        errors.d.ts                         3.6 KB 
        fetch.d.ts                          5.3 KB 
        file.d.ts                           1.7 KB 
        filereader.d.ts                     1.4 KB 
        formdata.d.ts                       4.9 KB 
        global-dispatcher.d.ts           276 Bytes 
        global-origin.d.ts               175 Bytes 
        handlers.d.ts                    387 Bytes 
        header.d.ts                      133 Bytes 
        index.d.ts                          2.9 KB 
        interceptors.d.ts                215 Bytes 
        mock-agent.d.ts                     2.5 KB 
        mock-client.d.ts                1002 Bytes 
        mock-errors.d.ts                 338 Bytes 
        mock-interceptor.d.ts               3.8 KB 
        mock-pool.d.ts                   974 Bytes 
        patch.d.ts                          1.6 KB 
        pool-stats.d.ts                  669 Bytes 
        pool.d.ts                       1008 Bytes 
        proxy-agent.d.ts                 836 Bytes 
        readable.d.ts                       1.6 KB 
        webidl.d.ts                         5.5 KB 
        websocket.d.ts                      3.3 KB 
      ansi-regex                            1.9 KB 
        package.json                     841 Bytes 
        index.js                         350 Bytes 
        index.d.ts                       744 Bytes 
      string-width                          2.6 KB 
        package.json                     941 Bytes 
        index.js                         923 Bytes 
        index.d.ts                       792 Bytes 
      color-convert                        21.3 KB 
        package.json                     827 Bytes 
        index.js                            1.7 KB 
        conversions.js                     16.6 KB 
        route.js                            2.2 KB 
      has-flag                              1.7 KB 
        package.json                     696 Bytes 
        index.js                         330 Bytes 
        index.d.ts                       684 Bytes 
      lru-cache                             8.7 KB 
        package.json                     705 Bytes 
        index.js                            8.0 KB 
      wrappy                                1.5 KB 
        package.json                     606 Bytes 
        wrappy.js                        905 Bytes 
      bl                                   12.2 KB 
        package.json                     964 Bytes 
        bl.js                               2.0 KB 
        BufferList.js                       9.3 KB 
      fs-constants                       578 Bytes 
        package.json                     513 Bytes 
        index.js                          65 Bytes 
      @types                                9.7 KB 
        http-cache-semantics             849 Bytes 
          package.json                   849 Bytes 
        triple-beam                      704 Bytes 
          package.json                   704 Bytes 
        mute-stream                         7.6 KB 
          package.json                   837 Bytes 
          node_modules                      6.7 KB 
            @types                          6.7 KB 
              node                          6.7 KB 
                package.json                6.7 KB 
        wrap-ansi                        629 Bytes 
          package.json                   629 Bytes 
      color-string                          6.3 KB 
        package.json                     732 Bytes 
        index.js                            5.6 KB 
      emoji-regex                          44.5 KB 
        package.json                        1.2 KB 
        index.js                           10.0 KB 
        LICENSE-MIT.txt                     1.1 KB 
        index.d.ts                       427 Bytes 
        text.js                            10.0 KB 
        es2015                             21.7 KB 
          index.js                         10.8 KB 
          text.js                          10.8 KB 
      is-fullwidth-code-point               3.0 KB 
        package.json                     737 Bytes 
        index.js                            1.7 KB 
        index.d.ts                       549 Bytes 
      color-name                            5.1 KB 
        package.json                     607 Bytes 
        index.js                            4.5 KB 
      yallist                               9.1 KB 
        package.json                     652 Bytes 
        yallist.js                          8.2 KB 
        iterator.js                      207 Bytes 
      buffer                                2.5 KB 
        package.json                        2.5 KB 
      @sec-ant                              9.1 KB 
        readable-stream                     9.1 KB 
          package.json                      3.2 KB 
          dist                              5.9 KB 
            index                        809 Bytes 
              index.js                   275 Bytes 
              asyncIterator.d.ts          85 Bytes 
              asyncIterator.js           139 Bytes 
              fromAnyIterable.d.ts        89 Bytes 
              fromAnyIterable.js         147 Bytes 
              index.d.ts                  74 Bytes 
            core                            1.3 KB 
              asyncIterablePrototype.d.ts  53 Bytes 
              asyncIterator.d.ts            1.0 KB 
              fromAnyIterable.d.ts       236 Bytes 
            polyfill                     561 Bytes 
              asyncIterator.d.ts          11 Bytes 
              asyncIterator.js           241 Bytes 
              fromAnyIterable.d.ts        11 Bytes 
              fromAnyIterable.js          98 Bytes 
              index.d.ts                  60 Bytes 
              index.js                   140 Bytes 
            ponyfill                        2.8 KB 
              asyncIterator.d.ts          95 Bytes 
              asyncIterator.js              1.7 KB 
              fromAnyIterable.d.ts        62 Bytes 
              fromAnyIterable.js         749 Bytes 
              index.d.ts                  74 Bytes 
              index.js                   175 Bytes 
            types                        411 Bytes 
              async-iterator.d.ts        411 Bytes 
      simple-swizzle                        1.3 KB 
        package.json                     726 Bytes 
        index.js                         571 Bytes 
      base64-js                             4.9 KB 
        package.json                        1.1 KB 
        index.js                            3.8 KB 
      ieee754                               3.3 KB 
        package.json                        1.2 KB 
        index.js                            2.1 KB 
      is-arrayish                           1.3 KB 
        package.json                        1.0 KB 
        index.js                         318 Bytes 
Total size =  24.2 MB
------------------------------- oversized files
  dashlane-cli                             24.2 MB 
    node_modules                           22.4 MB 
      better-sqlite3                       11.2 MB 
            sqlite3.c                       8.6 MB 
fs.realpathSync [ '/snapshot/dashlane-cli/dist/index.cjs' ]
fs.readFileSync [ '/snapshot/dashlane-cli/dist/index.cjs', 'utf8' ]
fs.readSync []
fs.readSync []
fs.readSync []
fs.realpathSync [ '/snapshot/dashlane-cli/node_modules/better-sqlite3/lib/index.js' ]
fs.readFileSync [
  '/snapshot/dashlane-cli/node_modules/better-sqlite3/lib/index.js',
  'utf8'
]
fs.readSync []
fs.realpathSync [
  '/snapshot/dashlane-cli/node_modules/better-sqlite3/lib/database.js'
]
fs.readFileSync [
  '/snapshot/dashlane-cli/node_modules/better-sqlite3/lib/database.js',
  'utf8'
]
fs.readSync []
fs.realpathSync [ '/snapshot/dashlane-cli/node_modules/better-sqlite3/lib/util.js' ]
fs.readFileSync [
  '/snapshot/dashlane-cli/node_modules/better-sqlite3/lib/util.js',
  'utf8'
]
fs.readSync []
fs.realpathSync [
  '/snapshot/dashlane-cli/node_modules/better-sqlite3/lib/sqlite-error.js'
]
fs.readFileSync [
  '/snapshot/dashlane-cli/node_modules/better-sqlite3/lib/sqlite-error.js',
  'utf8'
]
fs.readSync []
fs.realpathSync [
  '/snapshot/dashlane-cli/node_modules/better-sqlite3/lib/methods/wrappers.js'
]
fs.readFileSync [
  '/snapshot/dashlane-cli/node_modules/better-sqlite3/lib/methods/wrappers.js',
  'utf8'
]
fs.readSync []
fs.realpathSync [ '/snapshot/dashlane-cli/node_modules/better-sqlite3/lib/util.js' ]
fs.realpathSync [
  '/snapshot/dashlane-cli/node_modules/better-sqlite3/lib/methods/transaction.js'
]
fs.readFileSync [
  '/snapshot/dashlane-cli/node_modules/better-sqlite3/lib/methods/transaction.js',
  'utf8'
]
fs.readSync []
fs.realpathSync [
  '/snapshot/dashlane-cli/node_modules/better-sqlite3/lib/methods/pragma.js'
]
fs.readFileSync [
  '/snapshot/dashlane-cli/node_modules/better-sqlite3/lib/methods/pragma.js',
  'utf8'
]
fs.readSync []
fs.realpathSync [
  '/snapshot/dashlane-cli/node_modules/better-sqlite3/lib/methods/backup.js'
]
fs.readFileSync [
  '/snapshot/dashlane-cli/node_modules/better-sqlite3/lib/methods/backup.js',
  'utf8'
]
fs.readSync []
fs.realpathSync [
  '/snapshot/dashlane-cli/node_modules/better-sqlite3/lib/methods/serialize.js'
]
fs.readFileSync [
  '/snapshot/dashlane-cli/node_modules/better-sqlite3/lib/methods/serialize.js',
  'utf8'
]
fs.readSync []
fs.realpathSync [
  '/snapshot/dashlane-cli/node_modules/better-sqlite3/lib/methods/function.js'
]
fs.readFileSync [
  '/snapshot/dashlane-cli/node_modules/better-sqlite3/lib/methods/function.js',
  'utf8'
]
fs.readSync []
fs.realpathSync [
  '/snapshot/dashlane-cli/node_modules/better-sqlite3/lib/methods/aggregate.js'
]
fs.readFileSync [
  '/snapshot/dashlane-cli/node_modules/better-sqlite3/lib/methods/aggregate.js',
  'utf8'
]
fs.readSync []
fs.realpathSync [
  '/snapshot/dashlane-cli/node_modules/better-sqlite3/lib/methods/table.js'
]
fs.readFileSync [
  '/snapshot/dashlane-cli/node_modules/better-sqlite3/lib/methods/table.js',
  'utf8'
]
fs.readSync []
fs.realpathSync [
  '/snapshot/dashlane-cli/node_modules/better-sqlite3/lib/methods/inspect.js'
]
fs.readFileSync [
  '/snapshot/dashlane-cli/node_modules/better-sqlite3/lib/methods/inspect.js',
  'utf8'
]
fs.readSync []
fs.readSync []
fs.realpathSync [ '/snapshot/dashlane-cli/node_modules/@napi-rs/keyring/index.js' ]
fs.readFileSync [
  '/snapshot/dashlane-cli/node_modules/@napi-rs/keyring/index.js',
  'utf8'
]
fs.readSync []
fs.existsSync [
  '/snapshot/dashlane-cli/node_modules/@napi-rs/keyring/keyring.darwin-universal.node'
]
fs.existsSync [
  '/Users/cmors/dev/dashlane-cli/bundle/keyring.darwin-universal.node'
]
fs.existsSync [
  '/Users/cmors/dev/dashlane-cli/bundle/node_modules/@napi-rs/keyring/keyring.darwin-universal.node'
]
fs.existsSync [
  '/Users/cmors/dev/dashlane-cli/bundle/@napi-rs/keyring/keyring.darwin-universal.node'
]
fs.existsSync [
  '/Users/cmors/dev/dashlane-cli/node_modules/@napi-rs/keyring/keyring.darwin-universal.node'
]
fs.existsSync [
  '/Users/cmors/dev/dashlane-cli/@napi-rs/keyring/keyring.darwin-universal.node'
]
fs.existsSync [
  '/Users/cmors/dev/node_modules/@napi-rs/keyring/keyring.darwin-universal.node'
]
fs.existsSync [ '/Users/cmors/dev/@napi-rs/keyring/keyring.darwin-universal.node' ]
fs.existsSync [
  '/Users/cmors/node_modules/@napi-rs/keyring/keyring.darwin-universal.node'
]
fs.existsSync [ '/Users/cmors/@napi-rs/keyring/keyring.darwin-universal.node' ]
fs.existsSync [
  '/Users/node_modules/@napi-rs/keyring/keyring.darwin-universal.node'
]
fs.existsSync [ '/Users/@napi-rs/keyring/keyring.darwin-universal.node' ]
fs.existsSync [ '/node_modules/@napi-rs/keyring/keyring.darwin-universal.node' ]
fs.existsSync [ '/@napi-rs/keyring/keyring.darwin-universal.node' ]
fs.existsSync [
  '/Users/cmors/dev/dashlane-cli/bundle/keyring-darwin-universal.node'
]
fs.existsSync [
  '/Users/cmors/dev/dashlane-cli/bundle/node_modules/@napi-rs/keyring-darwin-universal.node'
]
fs.existsSync [
  '/Users/cmors/dev/dashlane-cli/bundle/@napi-rs/keyring-darwin-universal.node'
]
fs.existsSync [
  '/Users/cmors/dev/dashlane-cli/node_modules/@napi-rs/keyring-darwin-universal.node'
]
fs.existsSync [
  '/Users/cmors/dev/dashlane-cli/@napi-rs/keyring-darwin-universal.node'
]
fs.existsSync [
  '/Users/cmors/dev/node_modules/@napi-rs/keyring-darwin-universal.node'
]
fs.existsSync [ '/Users/cmors/dev/@napi-rs/keyring-darwin-universal.node' ]
fs.existsSync [ '/Users/cmors/node_modules/@napi-rs/keyring-darwin-universal.node' ]
fs.existsSync [ '/Users/cmors/@napi-rs/keyring-darwin-universal.node' ]
fs.existsSync [ '/Users/node_modules/@napi-rs/keyring-darwin-universal.node' ]
fs.existsSync [ '/Users/@napi-rs/keyring-darwin-universal.node' ]
fs.existsSync [ '/node_modules/@napi-rs/keyring-darwin-universal.node' ]
fs.existsSync [ '/@napi-rs/keyring-darwin-universal.node' ]
fs.existsSync [
  '/snapshot/dashlane-cli/node_modules/@napi-rs/keyring/keyring.darwin-arm64.node'
]
fs.existsSync [ '/Users/cmors/dev/dashlane-cli/bundle/keyring.darwin-arm64.node' ]
fs.existsSync [
  '/Users/cmors/dev/dashlane-cli/bundle/node_modules/@napi-rs/keyring/keyring.darwin-arm64.node'
]
fs.existsSync [
  '/Users/cmors/dev/dashlane-cli/bundle/@napi-rs/keyring/keyring.darwin-arm64.node'
]
fs.existsSync [
  '/Users/cmors/dev/dashlane-cli/node_modules/@napi-rs/keyring/keyring.darwin-arm64.node'
]
fs.existsSync [
  '/Users/cmors/dev/dashlane-cli/@napi-rs/keyring/keyring.darwin-arm64.node'
]
fs.existsSync [
  '/Users/cmors/dev/node_modules/@napi-rs/keyring/keyring.darwin-arm64.node'
]
fs.existsSync [ '/Users/cmors/dev/@napi-rs/keyring/keyring.darwin-arm64.node' ]
fs.existsSync [
  '/Users/cmors/node_modules/@napi-rs/keyring/keyring.darwin-arm64.node'
]
fs.existsSync [ '/Users/cmors/@napi-rs/keyring/keyring.darwin-arm64.node' ]
fs.existsSync [ '/Users/node_modules/@napi-rs/keyring/keyring.darwin-arm64.node' ]
fs.existsSync [ '/Users/@napi-rs/keyring/keyring.darwin-arm64.node' ]
fs.existsSync [ '/node_modules/@napi-rs/keyring/keyring.darwin-arm64.node' ]
fs.existsSync [ '/@napi-rs/keyring/keyring.darwin-arm64.node' ]
fs.readSync []
fs.realpathSync [
  '/snapshot/dashlane-cli/node_modules/@napi-rs/keyring-darwin-arm64/keyring.darwin-arm64.node'
]
fs.readFileSync [
  '/snapshot/dashlane-cli/node_modules/@napi-rs/keyring-darwin-arm64/keyring.darwin-arm64.node'
]
fs.readSync []
fs.existsSync [
  '/var/folders/n_/gy00qm_s2wx3mn0xfnf_ll_m0000gq/T/pkg/b35eb85b405831f3cbe28059557fe042f51fc104ef12475fc9f09d9f513f1a58'
]
fs.existsSync [
  '/var/folders/n_/gy00qm_s2wx3mn0xfnf_ll_m0000gq/T/pkg/b35eb85b405831f3cbe28059557fe042f51fc104ef12475fc9f09d9f513f1a58/@napi-rs'
]
fs.lstatSync [ '/snapshot/dashlane-cli/node_modules/@napi-rs' ]
fs.readSync []
fs.readdirSync [ '/snapshot/dashlane-cli/node_modules/@napi-rs' ]
fs.readSync []
fs.lstatSync [ '/snapshot/dashlane-cli/node_modules/@napi-rs/clipboard' ]
fs.readSync []
fs.existsSync [
  '/var/folders/n_/gy00qm_s2wx3mn0xfnf_ll_m0000gq/T/pkg/b35eb85b405831f3cbe28059557fe042f51fc104ef12475fc9f09d9f513f1a58/@napi-rs/clipboard'
]
fs.lstatSync [ '/snapshot/dashlane-cli/node_modules/@napi-rs/clipboard' ]
fs.readSync []
fs.readdirSync [ '/snapshot/dashlane-cli/node_modules/@napi-rs/clipboard' ]
fs.readSync []
fs.lstatSync [
  '/snapshot/dashlane-cli/node_modules/@napi-rs/clipboard/package.json'
]
fs.readSync []
fs.existsSync [
  '/var/folders/n_/gy00qm_s2wx3mn0xfnf_ll_m0000gq/T/pkg/b35eb85b405831f3cbe28059557fe042f51fc104ef12475fc9f09d9f513f1a58/@napi-rs/clipboard/package.json'
]
fs.readFileSync [
  '/snapshot/dashlane-cli/node_modules/@napi-rs/clipboard/package.json'
]
fs.readSync []
fs.readFileSync [
  '/var/folders/n_/gy00qm_s2wx3mn0xfnf_ll_m0000gq/T/pkg/b35eb85b405831f3cbe28059557fe042f51fc104ef12475fc9f09d9f513f1a58/@napi-rs/clipboard/package.json'
]
fs.openSync [
  '/var/folders/n_/gy00qm_s2wx3mn0xfnf_ll_m0000gq/T/pkg/b35eb85b405831f3cbe28059557fe042f51fc104ef12475fc9f09d9f513f1a58/@napi-rs/clipboard/package.json'
]
fs.readSync []
fs.closeSync []
fs.lstatSync [ '/snapshot/dashlane-cli/node_modules/@napi-rs/clipboard/index.js' ]
fs.readSync []
fs.existsSync [
  '/var/folders/n_/gy00qm_s2wx3mn0xfnf_ll_m0000gq/T/pkg/b35eb85b405831f3cbe28059557fe042f51fc104ef12475fc9f09d9f513f1a58/@napi-rs/clipboard/index.js'
]
fs.readFileSync [ '/snapshot/dashlane-cli/node_modules/@napi-rs/clipboard/index.js' ]
fs.readSync []
fs.readFileSync [
  '/var/folders/n_/gy00qm_s2wx3mn0xfnf_ll_m0000gq/T/pkg/b35eb85b405831f3cbe28059557fe042f51fc104ef12475fc9f09d9f513f1a58/@napi-rs/clipboard/index.js'
]
fs.openSync [
  '/var/folders/n_/gy00qm_s2wx3mn0xfnf_ll_m0000gq/T/pkg/b35eb85b405831f3cbe28059557fe042f51fc104ef12475fc9f09d9f513f1a58/@napi-rs/clipboard/index.js'
]
fs.readSync []
fs.closeSync []
fs.lstatSync [ '/snapshot/dashlane-cli/node_modules/@napi-rs/keyring' ]
fs.readSync []
fs.existsSync [
  '/var/folders/n_/gy00qm_s2wx3mn0xfnf_ll_m0000gq/T/pkg/b35eb85b405831f3cbe28059557fe042f51fc104ef12475fc9f09d9f513f1a58/@napi-rs/keyring'
]
fs.lstatSync [ '/snapshot/dashlane-cli/node_modules/@napi-rs/keyring' ]
fs.readSync []
fs.readdirSync [ '/snapshot/dashlane-cli/node_modules/@napi-rs/keyring' ]
fs.readSync []
fs.lstatSync [ '/snapshot/dashlane-cli/node_modules/@napi-rs/keyring/package.json' ]
fs.readSync []
fs.existsSync [
  '/var/folders/n_/gy00qm_s2wx3mn0xfnf_ll_m0000gq/T/pkg/b35eb85b405831f3cbe28059557fe042f51fc104ef12475fc9f09d9f513f1a58/@napi-rs/keyring/package.json'
]
fs.readFileSync [ '/snapshot/dashlane-cli/node_modules/@napi-rs/keyring/package.json' ]
fs.readSync []
fs.readFileSync [
  '/var/folders/n_/gy00qm_s2wx3mn0xfnf_ll_m0000gq/T/pkg/b35eb85b405831f3cbe28059557fe042f51fc104ef12475fc9f09d9f513f1a58/@napi-rs/keyring/package.json'
]
fs.openSync [
  '/var/folders/n_/gy00qm_s2wx3mn0xfnf_ll_m0000gq/T/pkg/b35eb85b405831f3cbe28059557fe042f51fc104ef12475fc9f09d9f513f1a58/@napi-rs/keyring/package.json'
]
fs.readSync []
fs.closeSync []
fs.lstatSync [ '/snapshot/dashlane-cli/node_modules/@napi-rs/keyring/index.js' ]
fs.readSync []
fs.existsSync [
  '/var/folders/n_/gy00qm_s2wx3mn0xfnf_ll_m0000gq/T/pkg/b35eb85b405831f3cbe28059557fe042f51fc104ef12475fc9f09d9f513f1a58/@napi-rs/keyring/index.js'
]
fs.readFileSync [ '/snapshot/dashlane-cli/node_modules/@napi-rs/keyring/index.js' ]
fs.readSync []
fs.readFileSync [
  '/var/folders/n_/gy00qm_s2wx3mn0xfnf_ll_m0000gq/T/pkg/b35eb85b405831f3cbe28059557fe042f51fc104ef12475fc9f09d9f513f1a58/@napi-rs/keyring/index.js'
]
fs.openSync [
  '/var/folders/n_/gy00qm_s2wx3mn0xfnf_ll_m0000gq/T/pkg/b35eb85b405831f3cbe28059557fe042f51fc104ef12475fc9f09d9f513f1a58/@napi-rs/keyring/index.js'
]
fs.readSync []
fs.closeSync []
fs.lstatSync [ '/snapshot/dashlane-cli/node_modules/@napi-rs/keyring/index.d.ts' ]
fs.readSync []
fs.existsSync [
  '/var/folders/n_/gy00qm_s2wx3mn0xfnf_ll_m0000gq/T/pkg/b35eb85b405831f3cbe28059557fe042f51fc104ef12475fc9f09d9f513f1a58/@napi-rs/keyring/index.d.ts'
]
fs.readFileSync [ '/snapshot/dashlane-cli/node_modules/@napi-rs/keyring/index.d.ts' ]
fs.readSync []
fs.readFileSync [
  '/var/folders/n_/gy00qm_s2wx3mn0xfnf_ll_m0000gq/T/pkg/b35eb85b405831f3cbe28059557fe042f51fc104ef12475fc9f09d9f513f1a58/@napi-rs/keyring/index.d.ts'
]
fs.openSync [
  '/var/folders/n_/gy00qm_s2wx3mn0xfnf_ll_m0000gq/T/pkg/b35eb85b405831f3cbe28059557fe042f51fc104ef12475fc9f09d9f513f1a58/@napi-rs/keyring/index.d.ts'
]
fs.readSync []
fs.closeSync []
fs.lstatSync [ '/snapshot/dashlane-cli/node_modules/@napi-rs/keyring/keytar.js' ]
fs.readSync []
fs.existsSync [
  '/var/folders/n_/gy00qm_s2wx3mn0xfnf_ll_m0000gq/T/pkg/b35eb85b405831f3cbe28059557fe042f51fc104ef12475fc9f09d9f513f1a58/@napi-rs/keyring/keytar.js'
]
fs.readFileSync [ '/snapshot/dashlane-cli/node_modules/@napi-rs/keyring/keytar.js' ]
fs.readSync []
fs.readFileSync [
  '/var/folders/n_/gy00qm_s2wx3mn0xfnf_ll_m0000gq/T/pkg/b35eb85b405831f3cbe28059557fe042f51fc104ef12475fc9f09d9f513f1a58/@napi-rs/keyring/keytar.js'
]
fs.openSync [
  '/var/folders/n_/gy00qm_s2wx3mn0xfnf_ll_m0000gq/T/pkg/b35eb85b405831f3cbe28059557fe042f51fc104ef12475fc9f09d9f513f1a58/@napi-rs/keyring/keytar.js'
]
fs.readSync []
fs.closeSync []
fs.lstatSync [ '/snapshot/dashlane-cli/node_modules/@napi-rs/keyring/keytar.d.ts' ]
fs.readSync []
fs.existsSync [
  '/var/folders/n_/gy00qm_s2wx3mn0xfnf_ll_m0000gq/T/pkg/b35eb85b405831f3cbe28059557fe042f51fc104ef12475fc9f09d9f513f1a58/@napi-rs/keyring/keytar.d.ts'
]
fs.readFileSync [ '/snapshot/dashlane-cli/node_modules/@napi-rs/keyring/keytar.d.ts' ]
fs.readSync []
fs.readFileSync [
  '/var/folders/n_/gy00qm_s2wx3mn0xfnf_ll_m0000gq/T/pkg/b35eb85b405831f3cbe28059557fe042f51fc104ef12475fc9f09d9f513f1a58/@napi-rs/keyring/keytar.d.ts'
]
fs.openSync [
  '/var/folders/n_/gy00qm_s2wx3mn0xfnf_ll_m0000gq/T/pkg/b35eb85b405831f3cbe28059557fe042f51fc104ef12475fc9f09d9f513f1a58/@napi-rs/keyring/keytar.d.ts'
]
fs.readSync []
fs.closeSync []
fs.lstatSync [
  '/snapshot/dashlane-cli/node_modules/@napi-rs/clipboard-darwin-arm64'
]
fs.readSync []
fs.existsSync [
  '/var/folders/n_/gy00qm_s2wx3mn0xfnf_ll_m0000gq/T/pkg/b35eb85b405831f3cbe28059557fe042f51fc104ef12475fc9f09d9f513f1a58/@napi-rs/clipboard-darwin-arm64'
]
fs.lstatSync [
  '/snapshot/dashlane-cli/node_modules/@napi-rs/clipboard-darwin-arm64'
]
fs.readSync []
fs.readdirSync [
  '/snapshot/dashlane-cli/node_modules/@napi-rs/clipboard-darwin-arm64'
]
fs.readSync []
fs.lstatSync [
  '/snapshot/dashlane-cli/node_modules/@napi-rs/clipboard-darwin-arm64/package.json'
]
fs.readSync []
fs.existsSync [
  '/var/folders/n_/gy00qm_s2wx3mn0xfnf_ll_m0000gq/T/pkg/b35eb85b405831f3cbe28059557fe042f51fc104ef12475fc9f09d9f513f1a58/@napi-rs/clipboard-darwin-arm64/package.json'
]
fs.readFileSync [
  '/snapshot/dashlane-cli/node_modules/@napi-rs/clipboard-darwin-arm64/package.json'
]
fs.readSync []
fs.readFileSync [
  '/var/folders/n_/gy00qm_s2wx3mn0xfnf_ll_m0000gq/T/pkg/b35eb85b405831f3cbe28059557fe042f51fc104ef12475fc9f09d9f513f1a58/@napi-rs/clipboard-darwin-arm64/package.json'
]
fs.openSync [
  '/var/folders/n_/gy00qm_s2wx3mn0xfnf_ll_m0000gq/T/pkg/b35eb85b405831f3cbe28059557fe042f51fc104ef12475fc9f09d9f513f1a58/@napi-rs/clipboard-darwin-arm64/package.json'
]
fs.readSync []
fs.closeSync []
fs.lstatSync [
  '/snapshot/dashlane-cli/node_modules/@napi-rs/clipboard-darwin-arm64/clipboard.darwin-arm64.node'
]
fs.readSync []
fs.existsSync [
  '/var/folders/n_/gy00qm_s2wx3mn0xfnf_ll_m0000gq/T/pkg/b35eb85b405831f3cbe28059557fe042f51fc104ef12475fc9f09d9f513f1a58/@napi-rs/clipboard-darwin-arm64/clipboard.darwin-arm64.node'
]
fs.readFileSync [
  '/snapshot/dashlane-cli/node_modules/@napi-rs/clipboard-darwin-arm64/clipboard.darwin-arm64.node'
]
fs.readSync []
fs.readFileSync [
  '/var/folders/n_/gy00qm_s2wx3mn0xfnf_ll_m0000gq/T/pkg/b35eb85b405831f3cbe28059557fe042f51fc104ef12475fc9f09d9f513f1a58/@napi-rs/clipboard-darwin-arm64/clipboard.darwin-arm64.node'
]
fs.openSync [
  '/var/folders/n_/gy00qm_s2wx3mn0xfnf_ll_m0000gq/T/pkg/b35eb85b405831f3cbe28059557fe042f51fc104ef12475fc9f09d9f513f1a58/@napi-rs/clipboard-darwin-arm64/clipboard.darwin-arm64.node'
]
fs.readSync []
fs.closeSync []
fs.lstatSync [ '/snapshot/dashlane-cli/node_modules/@napi-rs/keyring-darwin-arm64' ]
fs.readSync []
fs.existsSync [
  '/var/folders/n_/gy00qm_s2wx3mn0xfnf_ll_m0000gq/T/pkg/b35eb85b405831f3cbe28059557fe042f51fc104ef12475fc9f09d9f513f1a58/@napi-rs/keyring-darwin-arm64'
]
fs.lstatSync [ '/snapshot/dashlane-cli/node_modules/@napi-rs/keyring-darwin-arm64' ]
fs.readSync []
fs.readdirSync [ '/snapshot/dashlane-cli/node_modules/@napi-rs/keyring-darwin-arm64' ]
fs.readSync []
fs.lstatSync [
  '/snapshot/dashlane-cli/node_modules/@napi-rs/keyring-darwin-arm64/package.json'
]
fs.readSync []
fs.existsSync [
  '/var/folders/n_/gy00qm_s2wx3mn0xfnf_ll_m0000gq/T/pkg/b35eb85b405831f3cbe28059557fe042f51fc104ef12475fc9f09d9f513f1a58/@napi-rs/keyring-darwin-arm64/package.json'
]
fs.readFileSync [
  '/snapshot/dashlane-cli/node_modules/@napi-rs/keyring-darwin-arm64/package.json'
]
fs.readSync []
fs.readFileSync [
  '/var/folders/n_/gy00qm_s2wx3mn0xfnf_ll_m0000gq/T/pkg/b35eb85b405831f3cbe28059557fe042f51fc104ef12475fc9f09d9f513f1a58/@napi-rs/keyring-darwin-arm64/package.json'
]
fs.openSync [
  '/var/folders/n_/gy00qm_s2wx3mn0xfnf_ll_m0000gq/T/pkg/b35eb85b405831f3cbe28059557fe042f51fc104ef12475fc9f09d9f513f1a58/@napi-rs/keyring-darwin-arm64/package.json'
]
fs.readSync []
fs.closeSync []
fs.lstatSync [
  '/snapshot/dashlane-cli/node_modules/@napi-rs/keyring-darwin-arm64/keyring.darwin-arm64.node'
]
fs.readSync []
fs.existsSync [
  '/var/folders/n_/gy00qm_s2wx3mn0xfnf_ll_m0000gq/T/pkg/b35eb85b405831f3cbe28059557fe042f51fc104ef12475fc9f09d9f513f1a58/@napi-rs/keyring-darwin-arm64/keyring.darwin-arm64.node'
]
fs.readFileSync [
  '/snapshot/dashlane-cli/node_modules/@napi-rs/keyring-darwin-arm64/keyring.darwin-arm64.node'
]
fs.readSync []
fs.readFileSync [
  '/var/folders/n_/gy00qm_s2wx3mn0xfnf_ll_m0000gq/T/pkg/b35eb85b405831f3cbe28059557fe042f51fc104ef12475fc9f09d9f513f1a58/@napi-rs/keyring-darwin-arm64/keyring.darwin-arm64.node'
]
fs.openSync [
  '/var/folders/n_/gy00qm_s2wx3mn0xfnf_ll_m0000gq/T/pkg/b35eb85b405831f3cbe28059557fe042f51fc104ef12475fc9f09d9f513f1a58/@napi-rs/keyring-darwin-arm64/keyring.darwin-arm64.node'
]
fs.readSync []
fs.closeSync []
fs.readSync []
fs.realpathSync [ '/snapshot/dashlane-cli/node_modules/@node-rs/argon2/index.js' ]
fs.readFileSync [
  '/snapshot/dashlane-cli/node_modules/@node-rs/argon2/index.js',
  'utf8'
]
fs.readSync []
fs.existsSync [ '/Users/cmors/dev/dashlane-cli/bundle/argon2.darwin-universal.node' ]
fs.existsSync [
  '/Users/cmors/dev/dashlane-cli/bundle/node_modules/@node-rs/argon2/argon2.darwin-universal.node'
]
fs.existsSync [
  '/Users/cmors/dev/dashlane-cli/bundle/@node-rs/argon2/argon2.darwin-universal.node'
]
fs.existsSync [
  '/Users/cmors/dev/dashlane-cli/node_modules/@node-rs/argon2/argon2.darwin-universal.node'
]
fs.existsSync [
  '/Users/cmors/dev/dashlane-cli/@node-rs/argon2/argon2.darwin-universal.node'
]
fs.existsSync [
  '/Users/cmors/dev/node_modules/@node-rs/argon2/argon2.darwin-universal.node'
]
fs.existsSync [ '/Users/cmors/dev/@node-rs/argon2/argon2.darwin-universal.node' ]
fs.existsSync [
  '/Users/cmors/node_modules/@node-rs/argon2/argon2.darwin-universal.node'
]
fs.existsSync [ '/Users/cmors/@node-rs/argon2/argon2.darwin-universal.node' ]
fs.existsSync [ '/Users/node_modules/@node-rs/argon2/argon2.darwin-universal.node' ]
fs.existsSync [ '/Users/@node-rs/argon2/argon2.darwin-universal.node' ]
fs.existsSync [ '/node_modules/@node-rs/argon2/argon2.darwin-universal.node' ]
fs.existsSync [ '/@node-rs/argon2/argon2.darwin-universal.node' ]
fs.existsSync [
  '/Users/cmors/dev/dashlane-cli/bundle/argon2.darwin-universal.node.node'
]
fs.existsSync [
  '/Users/cmors/dev/dashlane-cli/bundle/node_modules/@node-rs/argon2/argon2.darwin-universal.node.node'
]
fs.existsSync [
  '/Users/cmors/dev/dashlane-cli/bundle/@node-rs/argon2/argon2.darwin-universal.node.node'
]
fs.existsSync [
  '/Users/cmors/dev/dashlane-cli/node_modules/@node-rs/argon2/argon2.darwin-universal.node.node'
]
fs.existsSync [
  '/Users/cmors/dev/dashlane-cli/@node-rs/argon2/argon2.darwin-universal.node.node'
]
fs.existsSync [
  '/Users/cmors/dev/node_modules/@node-rs/argon2/argon2.darwin-universal.node.node'
]
fs.existsSync [
  '/Users/cmors/dev/@node-rs/argon2/argon2.darwin-universal.node.node'
]
fs.existsSync [
  '/Users/cmors/node_modules/@node-rs/argon2/argon2.darwin-universal.node.node'
]
fs.existsSync [ '/Users/cmors/@node-rs/argon2/argon2.darwin-universal.node.node' ]
fs.existsSync [
  '/Users/node_modules/@node-rs/argon2/argon2.darwin-universal.node.node'
]
fs.existsSync [ '/Users/@node-rs/argon2/argon2.darwin-universal.node.node' ]
fs.existsSync [ '/node_modules/@node-rs/argon2/argon2.darwin-universal.node.node' ]
fs.existsSync [ '/@node-rs/argon2/argon2.darwin-universal.node.node' ]
fs.existsSync [ '/Users/cmors/dev/dashlane-cli/bundle/argon2-darwin-universal.node' ]
fs.existsSync [
  '/Users/cmors/dev/dashlane-cli/bundle/node_modules/@node-rs/argon2-darwin-universal.node'
]
fs.existsSync [
  '/Users/cmors/dev/dashlane-cli/bundle/@node-rs/argon2-darwin-universal.node'
]
fs.existsSync [
  '/Users/cmors/dev/dashlane-cli/node_modules/@node-rs/argon2-darwin-universal.node'
]
fs.existsSync [
  '/Users/cmors/dev/dashlane-cli/@node-rs/argon2-darwin-universal.node'
]
fs.existsSync [
  '/Users/cmors/dev/node_modules/@node-rs/argon2-darwin-universal.node'
]
fs.existsSync [ '/Users/cmors/dev/@node-rs/argon2-darwin-universal.node' ]
fs.existsSync [ '/Users/cmors/node_modules/@node-rs/argon2-darwin-universal.node' ]
fs.existsSync [ '/Users/cmors/@node-rs/argon2-darwin-universal.node' ]
fs.existsSync [ '/Users/node_modules/@node-rs/argon2-darwin-universal.node' ]
fs.existsSync [ '/Users/@node-rs/argon2-darwin-universal.node' ]
fs.existsSync [ '/node_modules/@node-rs/argon2-darwin-universal.node' ]
fs.existsSync [ '/@node-rs/argon2-darwin-universal.node' ]
fs.existsSync [ '/Users/cmors/dev/dashlane-cli/bundle/argon2.darwin-arm64.node' ]
fs.existsSync [
  '/Users/cmors/dev/dashlane-cli/bundle/node_modules/@node-rs/argon2/argon2.darwin-arm64.node'
]
fs.existsSync [
  '/Users/cmors/dev/dashlane-cli/bundle/@node-rs/argon2/argon2.darwin-arm64.node'
]
fs.existsSync [
  '/Users/cmors/dev/dashlane-cli/node_modules/@node-rs/argon2/argon2.darwin-arm64.node'
]
fs.existsSync [
  '/Users/cmors/dev/dashlane-cli/@node-rs/argon2/argon2.darwin-arm64.node'
]
fs.existsSync [
  '/Users/cmors/dev/node_modules/@node-rs/argon2/argon2.darwin-arm64.node'
]
fs.existsSync [ '/Users/cmors/dev/@node-rs/argon2/argon2.darwin-arm64.node' ]
fs.existsSync [
  '/Users/cmors/node_modules/@node-rs/argon2/argon2.darwin-arm64.node'
]
fs.existsSync [ '/Users/cmors/@node-rs/argon2/argon2.darwin-arm64.node' ]
fs.existsSync [ '/Users/node_modules/@node-rs/argon2/argon2.darwin-arm64.node' ]
fs.existsSync [ '/Users/@node-rs/argon2/argon2.darwin-arm64.node' ]
fs.existsSync [ '/node_modules/@node-rs/argon2/argon2.darwin-arm64.node' ]
fs.existsSync [ '/@node-rs/argon2/argon2.darwin-arm64.node' ]
fs.existsSync [
  '/Users/cmors/dev/dashlane-cli/bundle/argon2.darwin-arm64.node.node'
]
fs.existsSync [
  '/Users/cmors/dev/dashlane-cli/bundle/node_modules/@node-rs/argon2/argon2.darwin-arm64.node.node'
]
fs.existsSync [
  '/Users/cmors/dev/dashlane-cli/bundle/@node-rs/argon2/argon2.darwin-arm64.node.node'
]
fs.existsSync [
  '/Users/cmors/dev/dashlane-cli/node_modules/@node-rs/argon2/argon2.darwin-arm64.node.node'
]
fs.existsSync [
  '/Users/cmors/dev/dashlane-cli/@node-rs/argon2/argon2.darwin-arm64.node.node'
]
fs.existsSync [
  '/Users/cmors/dev/node_modules/@node-rs/argon2/argon2.darwin-arm64.node.node'
]
fs.existsSync [ '/Users/cmors/dev/@node-rs/argon2/argon2.darwin-arm64.node.node' ]
fs.existsSync [
  '/Users/cmors/node_modules/@node-rs/argon2/argon2.darwin-arm64.node.node'
]
fs.existsSync [ '/Users/cmors/@node-rs/argon2/argon2.darwin-arm64.node.node' ]
fs.existsSync [ '/Users/node_modules/@node-rs/argon2/argon2.darwin-arm64.node.node' ]
fs.existsSync [ '/Users/@node-rs/argon2/argon2.darwin-arm64.node.node' ]
fs.existsSync [ '/node_modules/@node-rs/argon2/argon2.darwin-arm64.node.node' ]
fs.existsSync [ '/@node-rs/argon2/argon2.darwin-arm64.node.node' ]
fs.readSync []
fs.realpathSync [
  '/snapshot/dashlane-cli/node_modules/@node-rs/argon2-darwin-arm64/argon2.darwin-arm64.node'
]
fs.readFileSync [
  '/snapshot/dashlane-cli/node_modules/@node-rs/argon2-darwin-arm64/argon2.darwin-arm64.node'
]
fs.readSync []
fs.existsSync [
  '/var/folders/n_/gy00qm_s2wx3mn0xfnf_ll_m0000gq/T/pkg/3bfb593b34f008ca603205701d0325ba691a908d0e765950c0db0195cc0fb89d'
]
fs.existsSync [
  '/var/folders/n_/gy00qm_s2wx3mn0xfnf_ll_m0000gq/T/pkg/3bfb593b34f008ca603205701d0325ba691a908d0e765950c0db0195cc0fb89d/@node-rs'
]
fs.lstatSync [ '/snapshot/dashlane-cli/node_modules/@node-rs' ]
fs.readSync []
fs.readdirSync [ '/snapshot/dashlane-cli/node_modules/@node-rs' ]
fs.readSync []
fs.lstatSync [ '/snapshot/dashlane-cli/node_modules/@node-rs/argon2' ]
fs.readSync []
fs.existsSync [
  '/var/folders/n_/gy00qm_s2wx3mn0xfnf_ll_m0000gq/T/pkg/3bfb593b34f008ca603205701d0325ba691a908d0e765950c0db0195cc0fb89d/@node-rs/argon2'
]
fs.lstatSync [ '/snapshot/dashlane-cli/node_modules/@node-rs/argon2' ]
fs.readSync []
fs.readdirSync [ '/snapshot/dashlane-cli/node_modules/@node-rs/argon2' ]
fs.readSync []
fs.lstatSync [ '/snapshot/dashlane-cli/node_modules/@node-rs/argon2/package.json' ]
fs.readSync []
fs.existsSync [
  '/var/folders/n_/gy00qm_s2wx3mn0xfnf_ll_m0000gq/T/pkg/3bfb593b34f008ca603205701d0325ba691a908d0e765950c0db0195cc0fb89d/@node-rs/argon2/package.json'
]
fs.readFileSync [ '/snapshot/dashlane-cli/node_modules/@node-rs/argon2/package.json' ]
fs.readSync []
fs.readFileSync [
  '/var/folders/n_/gy00qm_s2wx3mn0xfnf_ll_m0000gq/T/pkg/3bfb593b34f008ca603205701d0325ba691a908d0e765950c0db0195cc0fb89d/@node-rs/argon2/package.json'
]
fs.openSync [
  '/var/folders/n_/gy00qm_s2wx3mn0xfnf_ll_m0000gq/T/pkg/3bfb593b34f008ca603205701d0325ba691a908d0e765950c0db0195cc0fb89d/@node-rs/argon2/package.json'
]
fs.readSync []
fs.closeSync []
fs.lstatSync [ '/snapshot/dashlane-cli/node_modules/@node-rs/argon2/index.js' ]
fs.readSync []
fs.existsSync [
  '/var/folders/n_/gy00qm_s2wx3mn0xfnf_ll_m0000gq/T/pkg/3bfb593b34f008ca603205701d0325ba691a908d0e765950c0db0195cc0fb89d/@node-rs/argon2/index.js'
]
fs.readFileSync [ '/snapshot/dashlane-cli/node_modules/@node-rs/argon2/index.js' ]
fs.readSync []
fs.readFileSync [
  '/var/folders/n_/gy00qm_s2wx3mn0xfnf_ll_m0000gq/T/pkg/3bfb593b34f008ca603205701d0325ba691a908d0e765950c0db0195cc0fb89d/@node-rs/argon2/index.js'
]
fs.openSync [
  '/var/folders/n_/gy00qm_s2wx3mn0xfnf_ll_m0000gq/T/pkg/3bfb593b34f008ca603205701d0325ba691a908d0e765950c0db0195cc0fb89d/@node-rs/argon2/index.js'
]
fs.readSync []
fs.closeSync []
fs.lstatSync [ '/snapshot/dashlane-cli/node_modules/@node-rs/argon2/index.d.ts' ]
fs.readSync []
fs.existsSync [
  '/var/folders/n_/gy00qm_s2wx3mn0xfnf_ll_m0000gq/T/pkg/3bfb593b34f008ca603205701d0325ba691a908d0e765950c0db0195cc0fb89d/@node-rs/argon2/index.d.ts'
]
fs.readFileSync [ '/snapshot/dashlane-cli/node_modules/@node-rs/argon2/index.d.ts' ]
fs.readSync []
fs.readFileSync [
  '/var/folders/n_/gy00qm_s2wx3mn0xfnf_ll_m0000gq/T/pkg/3bfb593b34f008ca603205701d0325ba691a908d0e765950c0db0195cc0fb89d/@node-rs/argon2/index.d.ts'
]
fs.openSync [
  '/var/folders/n_/gy00qm_s2wx3mn0xfnf_ll_m0000gq/T/pkg/3bfb593b34f008ca603205701d0325ba691a908d0e765950c0db0195cc0fb89d/@node-rs/argon2/index.d.ts'
]
fs.readSync []
fs.closeSync []
fs.lstatSync [ '/snapshot/dashlane-cli/node_modules/@node-rs/argon2/browser.js' ]
fs.readSync []
fs.existsSync [
  '/var/folders/n_/gy00qm_s2wx3mn0xfnf_ll_m0000gq/T/pkg/3bfb593b34f008ca603205701d0325ba691a908d0e765950c0db0195cc0fb89d/@node-rs/argon2/browser.js'
]
fs.readFileSync [ '/snapshot/dashlane-cli/node_modules/@node-rs/argon2/browser.js' ]
fs.readSync []
fs.readFileSync [
  '/var/folders/n_/gy00qm_s2wx3mn0xfnf_ll_m0000gq/T/pkg/3bfb593b34f008ca603205701d0325ba691a908d0e765950c0db0195cc0fb89d/@node-rs/argon2/browser.js'
]
fs.openSync [
  '/var/folders/n_/gy00qm_s2wx3mn0xfnf_ll_m0000gq/T/pkg/3bfb593b34f008ca603205701d0325ba691a908d0e765950c0db0195cc0fb89d/@node-rs/argon2/browser.js'
]
fs.readSync []
fs.closeSync []
fs.lstatSync [ '/snapshot/dashlane-cli/node_modules/@node-rs/argon2-darwin-arm64' ]
fs.readSync []
fs.existsSync [
  '/var/folders/n_/gy00qm_s2wx3mn0xfnf_ll_m0000gq/T/pkg/3bfb593b34f008ca603205701d0325ba691a908d0e765950c0db0195cc0fb89d/@node-rs/argon2-darwin-arm64'
]
fs.lstatSync [ '/snapshot/dashlane-cli/node_modules/@node-rs/argon2-darwin-arm64' ]
fs.readSync []
fs.readdirSync [ '/snapshot/dashlane-cli/node_modules/@node-rs/argon2-darwin-arm64' ]
fs.readSync []
fs.lstatSync [
  '/snapshot/dashlane-cli/node_modules/@node-rs/argon2-darwin-arm64/package.json'
]
fs.readSync []
fs.existsSync [
  '/var/folders/n_/gy00qm_s2wx3mn0xfnf_ll_m0000gq/T/pkg/3bfb593b34f008ca603205701d0325ba691a908d0e765950c0db0195cc0fb89d/@node-rs/argon2-darwin-arm64/package.json'
]
fs.readFileSync [
  '/snapshot/dashlane-cli/node_modules/@node-rs/argon2-darwin-arm64/package.json'
]
fs.readSync []
fs.readFileSync [
  '/var/folders/n_/gy00qm_s2wx3mn0xfnf_ll_m0000gq/T/pkg/3bfb593b34f008ca603205701d0325ba691a908d0e765950c0db0195cc0fb89d/@node-rs/argon2-darwin-arm64/package.json'
]
fs.openSync [
  '/var/folders/n_/gy00qm_s2wx3mn0xfnf_ll_m0000gq/T/pkg/3bfb593b34f008ca603205701d0325ba691a908d0e765950c0db0195cc0fb89d/@node-rs/argon2-darwin-arm64/package.json'
]
fs.readSync []
fs.closeSync []
fs.lstatSync [
  '/snapshot/dashlane-cli/node_modules/@node-rs/argon2-darwin-arm64/argon2.darwin-arm64.node'
]
fs.readSync []
fs.existsSync [
  '/var/folders/n_/gy00qm_s2wx3mn0xfnf_ll_m0000gq/T/pkg/3bfb593b34f008ca603205701d0325ba691a908d0e765950c0db0195cc0fb89d/@node-rs/argon2-darwin-arm64/argon2.darwin-arm64.node'
]
fs.readFileSync [
  '/snapshot/dashlane-cli/node_modules/@node-rs/argon2-darwin-arm64/argon2.darwin-arm64.node'
]
fs.readSync []
fs.readFileSync [
  '/var/folders/n_/gy00qm_s2wx3mn0xfnf_ll_m0000gq/T/pkg/3bfb593b34f008ca603205701d0325ba691a908d0e765950c0db0195cc0fb89d/@node-rs/argon2-darwin-arm64/argon2.darwin-arm64.node'
]
fs.openSync [
  '/var/folders/n_/gy00qm_s2wx3mn0xfnf_ll_m0000gq/T/pkg/3bfb593b34f008ca603205701d0325ba691a908d0e765950c0db0195cc0fb89d/@node-rs/argon2-darwin-arm64/argon2.darwin-arm64.node'
]
fs.readSync []
fs.closeSync []
fs.readSync []
fs.realpathSync [
  '/snapshot/dashlane-cli/node_modules/@json2csv/plainjs/dist/cjs/index.js'
]
fs.readFileSync [
  '/snapshot/dashlane-cli/node_modules/@json2csv/plainjs/dist/cjs/index.js',
  'utf8'
]
fs.readSync []
fs.readSync []
fs.realpathSync [
  '/snapshot/dashlane-cli/node_modules/@json2csv/plainjs/dist/cjs/BaseParser.js'
]
fs.readFileSync [
  '/snapshot/dashlane-cli/node_modules/@json2csv/plainjs/dist/cjs/BaseParser.js',
  'utf8'
]
fs.readSync []
fs.readSync []
fs.realpathSync [
  '/snapshot/dashlane-cli/node_modules/@json2csv/formatters/dist/cjs/index.js'
]
fs.readFileSync [
  '/snapshot/dashlane-cli/node_modules/@json2csv/formatters/dist/cjs/index.js',
  'utf8'
]
fs.readSync []
fs.readSync []
fs.realpathSync [
  '/snapshot/dashlane-cli/node_modules/@json2csv/formatters/dist/cjs/default.js'
]
fs.readFileSync [
  '/snapshot/dashlane-cli/node_modules/@json2csv/formatters/dist/cjs/default.js',
  'utf8'
]
fs.readSync []
fs.realpathSync [
  '/snapshot/dashlane-cli/node_modules/@json2csv/formatters/dist/cjs/number.js'
]
fs.readFileSync [
  '/snapshot/dashlane-cli/node_modules/@json2csv/formatters/dist/cjs/number.js',
  'utf8'
]
fs.readSync []
fs.realpathSync [
  '/snapshot/dashlane-cli/node_modules/@json2csv/formatters/dist/cjs/string.js'
]
fs.readFileSync [
  '/snapshot/dashlane-cli/node_modules/@json2csv/formatters/dist/cjs/string.js',
  'utf8'
]
fs.readSync []
fs.realpathSync [
  '/snapshot/dashlane-cli/node_modules/@json2csv/formatters/dist/cjs/stringQuoteOnlyIfNecessary.js'
]
fs.readFileSync [
  '/snapshot/dashlane-cli/node_modules/@json2csv/formatters/dist/cjs/stringQuoteOnlyIfNecessary.js',
  'utf8'
]
fs.readSync []
fs.realpathSync [
  '/snapshot/dashlane-cli/node_modules/@json2csv/formatters/dist/cjs/stringExcel.js'
]
fs.readFileSync [
  '/snapshot/dashlane-cli/node_modules/@json2csv/formatters/dist/cjs/stringExcel.js',
  'utf8'
]
fs.readSync []
fs.realpathSync [
  '/snapshot/dashlane-cli/node_modules/@json2csv/formatters/dist/cjs/symbol.js'
]
fs.readFileSync [
  '/snapshot/dashlane-cli/node_modules/@json2csv/formatters/dist/cjs/symbol.js',
  'utf8'
]
fs.readSync []
fs.realpathSync [
  '/snapshot/dashlane-cli/node_modules/@json2csv/formatters/dist/cjs/object.js'
]
fs.readFileSync [
  '/snapshot/dashlane-cli/node_modules/@json2csv/formatters/dist/cjs/object.js',
  'utf8'
]
fs.readSync []
fs.realpathSync [
  '/snapshot/dashlane-cli/node_modules/@json2csv/plainjs/dist/cjs/utils.js'
]
fs.readFileSync [
  '/snapshot/dashlane-cli/node_modules/@json2csv/plainjs/dist/cjs/utils.js',
  'utf8'
]
fs.readSync []
fs.realpathSync [
  '/snapshot/dashlane-cli/node_modules/@json2csv/plainjs/dist/cjs/Parser.js'
]
fs.readFileSync [
  '/snapshot/dashlane-cli/node_modules/@json2csv/plainjs/dist/cjs/Parser.js',
  'utf8'
]
fs.readSync []
fs.realpathSync [
  '/snapshot/dashlane-cli/node_modules/@json2csv/plainjs/dist/cjs/StreamParser.js'
]
fs.readFileSync [
  '/snapshot/dashlane-cli/node_modules/@json2csv/plainjs/dist/cjs/StreamParser.js',
  'utf8'
]
fs.readSync []
fs.readSync []
fs.realpathSync [
  '/snapshot/dashlane-cli/node_modules/@streamparser/json/dist/cjs/index.js'
]
fs.readFileSync [
  '/snapshot/dashlane-cli/node_modules/@streamparser/json/dist/cjs/index.js',
  'utf8'
]
fs.readSync []
fs.readSync []
fs.realpathSync [
  '/snapshot/dashlane-cli/node_modules/@streamparser/json/dist/cjs/jsonparser.js'
]
fs.readFileSync [
  '/snapshot/dashlane-cli/node_modules/@streamparser/json/dist/cjs/jsonparser.js',
  'utf8'
]
fs.readSync []
fs.realpathSync [
  '/snapshot/dashlane-cli/node_modules/@streamparser/json/dist/cjs/tokenizer.js'
]
fs.readFileSync [
  '/snapshot/dashlane-cli/node_modules/@streamparser/json/dist/cjs/tokenizer.js',
  'utf8'
]
fs.readSync []
fs.realpathSync [
  '/snapshot/dashlane-cli/node_modules/@streamparser/json/dist/cjs/utils/utf-8.js'
]
fs.readFileSync [
  '/snapshot/dashlane-cli/node_modules/@streamparser/json/dist/cjs/utils/utf-8.js',
  'utf8'
]
fs.readSync []
fs.realpathSync [
  '/snapshot/dashlane-cli/node_modules/@streamparser/json/dist/cjs/utils/bufferedString.js'
]
fs.readFileSync [
  '/snapshot/dashlane-cli/node_modules/@streamparser/json/dist/cjs/utils/bufferedString.js',
  'utf8'
]
fs.readSync []
fs.realpathSync [
  '/snapshot/dashlane-cli/node_modules/@streamparser/json/dist/cjs/utils/types/tokenType.js'
]
fs.readFileSync [
  '/snapshot/dashlane-cli/node_modules/@streamparser/json/dist/cjs/utils/types/tokenType.js',
  'utf8'
]
fs.readSync []
fs.realpathSync [
  '/snapshot/dashlane-cli/node_modules/@streamparser/json/dist/cjs/tokenparser.js'
]
fs.readFileSync [
  '/snapshot/dashlane-cli/node_modules/@streamparser/json/dist/cjs/tokenparser.js',
  'utf8'
]
fs.readSync []
fs.realpathSync [
  '/snapshot/dashlane-cli/node_modules/@streamparser/json/dist/cjs/utils/types/jsonTypes.js'
]
fs.readFileSync [
  '/snapshot/dashlane-cli/node_modules/@streamparser/json/dist/cjs/utils/types/jsonTypes.js',
  'utf8'
]
fs.readSync []
fs.realpathSync [
  '/snapshot/dashlane-cli/node_modules/@streamparser/json/dist/cjs/utils/types/parsedTokenInfo.js'
]
fs.readFileSync [
  '/snapshot/dashlane-cli/node_modules/@streamparser/json/dist/cjs/utils/types/parsedTokenInfo.js',
  'utf8'
]
fs.readSync []
fs.realpathSync [
  '/snapshot/dashlane-cli/node_modules/@streamparser/json/dist/cjs/utils/types/parsedElementInfo.js'
]
fs.readFileSync [
  '/snapshot/dashlane-cli/node_modules/@streamparser/json/dist/cjs/utils/types/parsedElementInfo.js',
  'utf8'
]
fs.readSync []
fs.realpathSync [
  '/snapshot/dashlane-cli/node_modules/@streamparser/json/dist/cjs/utils/types/stackElement.js'
]
fs.readFileSync [
  '/snapshot/dashlane-cli/node_modules/@streamparser/json/dist/cjs/utils/types/stackElement.js',
  'utf8'
]
fs.readSync []
fs.readSync []
fs.realpathSync [
  '/snapshot/dashlane-cli/node_modules/@json2csv/transforms/dist/cjs/index.js'
]
fs.readFileSync [
  '/snapshot/dashlane-cli/node_modules/@json2csv/transforms/dist/cjs/index.js',
  'utf8'
]
fs.readSync []
fs.readSync []
fs.realpathSync [
  '/snapshot/dashlane-cli/node_modules/@json2csv/transforms/dist/cjs/flatten.js'
]
fs.readFileSync [
  '/snapshot/dashlane-cli/node_modules/@json2csv/transforms/dist/cjs/flatten.js',
  'utf8'
]
fs.readSync []
fs.realpathSync [
  '/snapshot/dashlane-cli/node_modules/@json2csv/transforms/dist/cjs/unwind.js'
]
fs.readFileSync [
  '/snapshot/dashlane-cli/node_modules/@json2csv/transforms/dist/cjs/unwind.js',
  'utf8'
]
fs.readSync []
fs.realpathSync [
  '/snapshot/dashlane-cli/node_modules/@json2csv/transforms/dist/cjs/utils.js'
]
fs.readFileSync [
  '/snapshot/dashlane-cli/node_modules/@json2csv/transforms/dist/cjs/utils.js',
  'utf8'
]
fs.readSync []
fs.readSync []
fs.realpathSync [ '/snapshot/dashlane-cli/node_modules/playwright-core/index.js' ]
fs.readFileSync [
  '/snapshot/dashlane-cli/node_modules/playwright-core/index.js',
  'utf8'
]
fs.readSync []
fs.realpathSync [
  '/snapshot/dashlane-cli/node_modules/playwright-core/lib/inprocess.js'
]
fs.readFileSync [
  '/snapshot/dashlane-cli/node_modules/playwright-core/lib/inprocess.js',
  'utf8'
]
fs.readSync []
fs.realpathSync [
  '/snapshot/dashlane-cli/node_modules/playwright-core/lib/inProcessFactory.js'
]
fs.readFileSync [
  '/snapshot/dashlane-cli/node_modules/playwright-core/lib/inProcessFactory.js',
  'utf8'
]
fs.readSync []
fs.realpathSync [
  '/snapshot/dashlane-cli/node_modules/playwright-core/lib/server/index.js'
]
fs.readFileSync [
  '/snapshot/dashlane-cli/node_modules/playwright-core/lib/server/index.js',
  'utf8'
]
fs.readSync []
fs.realpathSync [
  '/snapshot/dashlane-cli/node_modules/playwright-core/lib/server/registry/index.js'
]
fs.readFileSync [
  '/snapshot/dashlane-cli/node_modules/playwright-core/lib/server/registry/index.js',
  'utf8'
]
fs.readSync []
fs.realpathSync [
  '/snapshot/dashlane-cli/node_modules/playwright-core/lib/utilsBundle.js'
]
fs.readFileSync [
  '/snapshot/dashlane-cli/node_modules/playwright-core/lib/utilsBundle.js',
  'utf8'
]
fs.readSync []
fs.realpathSync [
  '/snapshot/dashlane-cli/node_modules/playwright-core/lib/utilsBundleImpl/index.js'
]
fs.readFileSync [
  '/snapshot/dashlane-cli/node_modules/playwright-core/lib/utilsBundleImpl/index.js',
  'utf8'
]
fs.readSync []
fs.existsSync [ '/Users/cmors/dev/dashlane-cli/bundle/bufferutil.node' ]
fs.existsSync [ '/Users/cmors/dev/dashlane-cli/bundle/node_modules/bufferutil.node' ]
fs.existsSync [ '/Users/cmors/dev/dashlane-cli/bundle/bufferutil.node' ]
fs.existsSync [ '/Users/cmors/dev/dashlane-cli/node_modules/bufferutil.node' ]
fs.existsSync [ '/Users/cmors/dev/dashlane-cli/bufferutil.node' ]
fs.existsSync [ '/Users/cmors/dev/node_modules/bufferutil.node' ]
fs.existsSync [ '/Users/cmors/dev/bufferutil.node' ]
fs.existsSync [ '/Users/cmors/node_modules/bufferutil.node' ]
fs.existsSync [ '/Users/cmors/bufferutil.node' ]
fs.existsSync [ '/Users/node_modules/bufferutil.node' ]
fs.existsSync [ '/Users/bufferutil.node' ]
fs.existsSync [ '/node_modules/bufferutil.node' ]
fs.existsSync [ '/bufferutil.node' ]
fs.existsSync [ '/Users/cmors/dev/dashlane-cli/bundle/utf-8-validate.node' ]
fs.existsSync [
  '/Users/cmors/dev/dashlane-cli/bundle/node_modules/utf-8-validate.node'
]
fs.existsSync [ '/Users/cmors/dev/dashlane-cli/bundle/utf-8-validate.node' ]
fs.existsSync [ '/Users/cmors/dev/dashlane-cli/node_modules/utf-8-validate.node' ]
fs.existsSync [ '/Users/cmors/dev/dashlane-cli/utf-8-validate.node' ]
fs.existsSync [ '/Users/cmors/dev/node_modules/utf-8-validate.node' ]
fs.existsSync [ '/Users/cmors/dev/utf-8-validate.node' ]
fs.existsSync [ '/Users/cmors/node_modules/utf-8-validate.node' ]
fs.existsSync [ '/Users/cmors/utf-8-validate.node' ]
fs.existsSync [ '/Users/node_modules/utf-8-validate.node' ]
fs.existsSync [ '/Users/utf-8-validate.node' ]
fs.existsSync [ '/node_modules/utf-8-validate.node' ]
fs.existsSync [ '/utf-8-validate.node' ]
fs.realpathSync [
  '/snapshot/dashlane-cli/node_modules/playwright-core/lib/utils/network.js'
]
fs.readFileSync [
  '/snapshot/dashlane-cli/node_modules/playwright-core/lib/utils/network.js',
  'utf8'
]
fs.readSync []
fs.realpathSync [
  '/snapshot/dashlane-cli/node_modules/playwright-core/lib/utilsBundle.js'
]
fs.realpathSync [
  '/snapshot/dashlane-cli/node_modules/playwright-core/lib/utils/rtti.js'
]
fs.readFileSync [
  '/snapshot/dashlane-cli/node_modules/playwright-core/lib/utils/rtti.js',
  'utf8'
]
fs.readSync []
fs.realpathSync [
  '/snapshot/dashlane-cli/node_modules/playwright-core/lib/utils/isomorphic/stringUtils.js'
]
fs.readFileSync [
  '/snapshot/dashlane-cli/node_modules/playwright-core/lib/utils/isomorphic/stringUtils.js',
  'utf8'
]
fs.readSync []
fs.realpathSync [
  '/snapshot/dashlane-cli/node_modules/playwright-core/lib/utils/glob.js'
]
fs.readFileSync [
  '/snapshot/dashlane-cli/node_modules/playwright-core/lib/utils/glob.js',
  'utf8'
]
fs.readSync []
fs.realpathSync [
  '/snapshot/dashlane-cli/node_modules/playwright-core/lib/utils/happy-eyeballs.js'
]
fs.readFileSync [
  '/snapshot/dashlane-cli/node_modules/playwright-core/lib/utils/happy-eyeballs.js',
  'utf8'
]
fs.readSync []
fs.realpathSync [
  '/snapshot/dashlane-cli/node_modules/playwright-core/lib/utils/manualPromise.js'
]
fs.readFileSync [
  '/snapshot/dashlane-cli/node_modules/playwright-core/lib/utils/manualPromise.js',
  'utf8'
]
fs.readSync []
fs.realpathSync [
  '/snapshot/dashlane-cli/node_modules/playwright-core/lib/utils/stackTrace.js'
]
fs.readFileSync [
  '/snapshot/dashlane-cli/node_modules/playwright-core/lib/utils/stackTrace.js',
  'utf8'
]
fs.readSync []
fs.realpathSync [
  '/snapshot/dashlane-cli/node_modules/playwright-core/lib/utils/index.js'
]
fs.readFileSync [
  '/snapshot/dashlane-cli/node_modules/playwright-core/lib/utils/index.js',
  'utf8'
]
fs.readSync []
fs.realpathSync [
  '/snapshot/dashlane-cli/node_modules/playwright-core/lib/utils/ascii.js'
]
fs.readFileSync [
  '/snapshot/dashlane-cli/node_modules/playwright-core/lib/utils/ascii.js',
  'utf8'
]
fs.readSync []
fs.realpathSync [
  '/snapshot/dashlane-cli/node_modules/playwright-core/lib/utils/comparators.js'
]
fs.readFileSync [
  '/snapshot/dashlane-cli/node_modules/playwright-core/lib/utils/comparators.js',
  'utf8'
]
fs.readSync []
fs.realpathSync [
  '/snapshot/dashlane-cli/node_modules/playwright-core/lib/image_tools/compare.js'
]
fs.readFileSync [
  '/snapshot/dashlane-cli/node_modules/playwright-core/lib/image_tools/compare.js',
  'utf8'
]
fs.readSync []
fs.realpathSync [
  '/snapshot/dashlane-cli/node_modules/playwright-core/lib/image_tools/colorUtils.js'
]
fs.readFileSync [
  '/snapshot/dashlane-cli/node_modules/playwright-core/lib/image_tools/colorUtils.js',
  'utf8'
]
fs.readSync []
fs.realpathSync [
  '/snapshot/dashlane-cli/node_modules/playwright-core/lib/image_tools/imageChannel.js'
]
fs.readFileSync [
  '/snapshot/dashlane-cli/node_modules/playwright-core/lib/image_tools/imageChannel.js',
  'utf8'
]
fs.readSync []
fs.realpathSync [
  '/snapshot/dashlane-cli/node_modules/playwright-core/lib/image_tools/stats.js'
]
fs.readFileSync [
  '/snapshot/dashlane-cli/node_modules/playwright-core/lib/image_tools/stats.js',
  'utf8'
]
fs.readSync []
fs.realpathSync [
  '/snapshot/dashlane-cli/node_modules/playwright-core/lib/third_party/pixelmatch.js'
]
fs.readFileSync [
  '/snapshot/dashlane-cli/node_modules/playwright-core/lib/third_party/pixelmatch.js',
  'utf8'
]
fs.readSync []
fs.realpathSync [
  '/snapshot/dashlane-cli/node_modules/playwright-core/lib/third_party/diff_match_patch.js'
]
fs.readFileSync [
  '/snapshot/dashlane-cli/node_modules/playwright-core/lib/third_party/diff_match_patch.js',
  'utf8'
]
fs.readSync []
fs.realpathSync [
  '/snapshot/dashlane-cli/node_modules/playwright-core/lib/utils/crypto.js'
]
fs.readFileSync [
  '/snapshot/dashlane-cli/node_modules/playwright-core/lib/utils/crypto.js',
  'utf8'
]
fs.readSync []
fs.realpathSync [
  '/snapshot/dashlane-cli/node_modules/playwright-core/lib/utils/debug.js'
]
fs.readFileSync [
  '/snapshot/dashlane-cli/node_modules/playwright-core/lib/utils/debug.js',
  'utf8'
]
fs.readSync []
fs.realpathSync [
  '/snapshot/dashlane-cli/node_modules/playwright-core/lib/utils/env.js'
]
fs.readFileSync [
  '/snapshot/dashlane-cli/node_modules/playwright-core/lib/utils/env.js',
  'utf8'
]
fs.readSync []
fs.realpathSync [
  '/snapshot/dashlane-cli/node_modules/playwright-core/lib/utils/eventsHelper.js'
]
fs.readFileSync [
  '/snapshot/dashlane-cli/node_modules/playwright-core/lib/utils/eventsHelper.js',
  'utf8'
]
fs.readSync []
fs.realpathSync [
  '/snapshot/dashlane-cli/node_modules/playwright-core/lib/utils/fileUtils.js'
]
fs.readFileSync [
  '/snapshot/dashlane-cli/node_modules/playwright-core/lib/utils/fileUtils.js',
  'utf8'
]
fs.readSync []
fs.realpathSync [
  '/snapshot/dashlane-cli/node_modules/playwright-core/lib/utils/headers.js'
]
fs.readFileSync [
  '/snapshot/dashlane-cli/node_modules/playwright-core/lib/utils/headers.js',
  'utf8'
]
fs.readSync []
fs.realpathSync [
  '/snapshot/dashlane-cli/node_modules/playwright-core/lib/utils/hostPlatform.js'
]
fs.readFileSync [
  '/snapshot/dashlane-cli/node_modules/playwright-core/lib/utils/hostPlatform.js',
  'utf8'
]
fs.readSync []
fs.realpathSync [
  '/snapshot/dashlane-cli/node_modules/playwright-core/lib/utils/linuxUtils.js'
]
fs.readFileSync [
  '/snapshot/dashlane-cli/node_modules/playwright-core/lib/utils/linuxUtils.js',
  'utf8'
]
fs.readSync []
fs.realpathSync [
  '/snapshot/dashlane-cli/node_modules/playwright-core/lib/utils/httpServer.js'
]
fs.readFileSync [
  '/snapshot/dashlane-cli/node_modules/playwright-core/lib/utils/httpServer.js',
  'utf8'
]
fs.readSync []
fs.realpathSync [
  '/snapshot/dashlane-cli/node_modules/playwright-core/lib/utils/network.js'
]
fs.realpathSync [
  '/snapshot/dashlane-cli/node_modules/playwright-core/lib/utils/mimeType.js'
]
fs.readFileSync [
  '/snapshot/dashlane-cli/node_modules/playwright-core/lib/utils/mimeType.js',
  'utf8'
]
fs.readSync []
fs.realpathSync [
  '/snapshot/dashlane-cli/node_modules/playwright-core/lib/utils/multimap.js'
]
fs.readFileSync [
  '/snapshot/dashlane-cli/node_modules/playwright-core/lib/utils/multimap.js',
  'utf8'
]
fs.readSync []
fs.realpathSync [
  '/snapshot/dashlane-cli/node_modules/playwright-core/lib/utils/processLauncher.js'
]
fs.readFileSync [
  '/snapshot/dashlane-cli/node_modules/playwright-core/lib/utils/processLauncher.js',
  'utf8'
]
fs.readSync []
fs.realpathSync [
  '/snapshot/dashlane-cli/node_modules/playwright-core/lib/utils/profiler.js'
]
fs.readFileSync [
  '/snapshot/dashlane-cli/node_modules/playwright-core/lib/utils/profiler.js',
  'utf8'
]
fs.readSync []
fs.realpathSync [
  '/snapshot/dashlane-cli/node_modules/playwright-core/lib/utils/semaphore.js'
]
fs.readFileSync [
  '/snapshot/dashlane-cli/node_modules/playwright-core/lib/utils/semaphore.js',
  'utf8'
]
fs.readSync []
fs.realpathSync [
  '/snapshot/dashlane-cli/node_modules/playwright-core/lib/utils/spawnAsync.js'
]
fs.readFileSync [
  '/snapshot/dashlane-cli/node_modules/playwright-core/lib/utils/spawnAsync.js',
  'utf8'
]
fs.readSync []
fs.realpathSync [
  '/snapshot/dashlane-cli/node_modules/playwright-core/lib/utils/task.js'
]
fs.readFileSync [
  '/snapshot/dashlane-cli/node_modules/playwright-core/lib/utils/task.js',
  'utf8'
]
fs.readSync []
fs.realpathSync [
  '/snapshot/dashlane-cli/node_modules/playwright-core/lib/utils/time.js'
]
fs.readFileSync [
  '/snapshot/dashlane-cli/node_modules/playwright-core/lib/utils/time.js',
  'utf8'
]
fs.readSync []
fs.realpathSync [
  '/snapshot/dashlane-cli/node_modules/playwright-core/lib/utils/timeoutRunner.js'
]
fs.readFileSync [
  '/snapshot/dashlane-cli/node_modules/playwright-core/lib/utils/timeoutRunner.js',
  'utf8'
]
fs.readSync []
fs.realpathSync [
  '/snapshot/dashlane-cli/node_modules/playwright-core/lib/utils/traceUtils.js'
]
fs.readFileSync [
  '/snapshot/dashlane-cli/node_modules/playwright-core/lib/utils/traceUtils.js',
  'utf8'
]
fs.readSync []
fs.realpathSync [
  '/snapshot/dashlane-cli/node_modules/playwright-core/lib/utils/userAgent.js'
]
fs.readFileSync [
  '/snapshot/dashlane-cli/node_modules/playwright-core/lib/utils/userAgent.js',
  'utf8'
]
fs.readSync []
fs.realpathSync [
  '/snapshot/dashlane-cli/node_modules/playwright-core/lib/utils/linuxUtils.js'
]
fs.realpathSync [
  '/snapshot/dashlane-cli/node_modules/playwright-core/lib/utils/wsServer.js'
]
fs.readFileSync [
  '/snapshot/dashlane-cli/node_modules/playwright-core/lib/utils/wsServer.js',
  'utf8'
]
fs.readSync []
fs.realpathSync [
  '/snapshot/dashlane-cli/node_modules/playwright-core/lib/utils/index.js'
]
fs.realpathSync [
  '/snapshot/dashlane-cli/node_modules/playwright-core/lib/utils/debugLogger.js'
]
fs.readFileSync [
  '/snapshot/dashlane-cli/node_modules/playwright-core/lib/utils/debugLogger.js',
  'utf8'
]
fs.readSync []
fs.realpathSync [
  '/snapshot/dashlane-cli/node_modules/playwright-core/lib/utils/zipFile.js'
]
fs.readFileSync [
  '/snapshot/dashlane-cli/node_modules/playwright-core/lib/utils/zipFile.js',
  'utf8'
]
fs.readSync []
fs.realpathSync [
  '/snapshot/dashlane-cli/node_modules/playwright-core/lib/zipBundle.js'
]
fs.readFileSync [
  '/snapshot/dashlane-cli/node_modules/playwright-core/lib/zipBundle.js',
  'utf8'
]
fs.readSync []
fs.realpathSync [
  '/snapshot/dashlane-cli/node_modules/playwright-core/lib/zipBundleImpl.js'
]
fs.readFileSync [
  '/snapshot/dashlane-cli/node_modules/playwright-core/lib/zipBundleImpl.js',
  'utf8'
]
fs.readSync []
fs.realpathSync [
  '/snapshot/dashlane-cli/node_modules/playwright-core/lib/utils/zones.js'
]
fs.readFileSync [
  '/snapshot/dashlane-cli/node_modules/playwright-core/lib/utils/zones.js',
  'utf8'
]
fs.readSync []
fs.realpathSync [
  '/snapshot/dashlane-cli/node_modules/playwright-core/lib/utils/isomorphic/locatorGenerators.js'
]
fs.readFileSync [
  '/snapshot/dashlane-cli/node_modules/playwright-core/lib/utils/isomorphic/locatorGenerators.js',
  'utf8'
]
fs.readSync []
fs.realpathSync [
  '/snapshot/dashlane-cli/node_modules/playwright-core/lib/utils/isomorphic/stringUtils.js'
]
fs.realpathSync [
  '/snapshot/dashlane-cli/node_modules/playwright-core/lib/utils/isomorphic/selectorParser.js'
]
fs.readFileSync [
  '/snapshot/dashlane-cli/node_modules/playwright-core/lib/utils/isomorphic/selectorParser.js',
  'utf8'
]
fs.readSync []
fs.realpathSync [
  '/snapshot/dashlane-cli/node_modules/playwright-core/lib/utils/isomorphic/cssParser.js'
]
fs.readFileSync [
  '/snapshot/dashlane-cli/node_modules/playwright-core/lib/utils/isomorphic/cssParser.js',
  'utf8'
]
fs.readSync []
fs.realpathSync [
  '/snapshot/dashlane-cli/node_modules/playwright-core/lib/utils/isomorphic/cssTokenizer.js'
]
fs.readFileSync [
  '/snapshot/dashlane-cli/node_modules/playwright-core/lib/utils/isomorphic/cssTokenizer.js',
  'utf8'
]
fs.readSync []
fs.realpathSync [
  '/snapshot/dashlane-cli/node_modules/playwright-core/lib/utils/userAgent.js'
]
fs.realpathSync [
  '/snapshot/dashlane-cli/node_modules/playwright-core/lib/utils/index.js'
]
fs.realpathSync [
  '/snapshot/dashlane-cli/node_modules/playwright-core/lib/utils/fileUtils.js'
]
fs.realpathSync [
  '/snapshot/dashlane-cli/node_modules/playwright-core/lib/utils/hostPlatform.js'
]
fs.realpathSync [
  '/snapshot/dashlane-cli/node_modules/playwright-core/lib/utils/spawnAsync.js'
]
fs.realpathSync [
  '/snapshot/dashlane-cli/node_modules/playwright-core/lib/server/registry/dependencies.js'
]
fs.readFileSync [
  '/snapshot/dashlane-cli/node_modules/playwright-core/lib/server/registry/dependencies.js',
  'utf8'
]
fs.readSync []
fs.realpathSync [
  '/snapshot/dashlane-cli/node_modules/playwright-core/lib/server/registry/index.js'
]
fs.realpathSync [
  '/snapshot/dashlane-cli/node_modules/playwright-core/lib/server/registry/nativeDeps.js'
]
fs.readFileSync [
  '/snapshot/dashlane-cli/node_modules/playwright-core/lib/server/registry/nativeDeps.js',
  'utf8'
]
fs.readSync []
fs.realpathSync [ '/snapshot/dashlane-cli/node_modules/playwright-core/package.json' ]
fs.readFileSync [
  '/snapshot/dashlane-cli/node_modules/playwright-core/package.json',
  'utf8'
]
fs.readSync []
fs.realpathSync [
  '/snapshot/dashlane-cli/node_modules/playwright-core/lib/server/registry/browserFetcher.js'
]
fs.readFileSync [
  '/snapshot/dashlane-cli/node_modules/playwright-core/lib/server/registry/browserFetcher.js',
  'utf8'
]
fs.readSync []
fs.realpathSync [
  '/snapshot/dashlane-cli/node_modules/playwright-core/lib/utils/debugLogger.js'
]
fs.realpathSync [
  '/snapshot/dashlane-cli/node_modules/playwright-core/lib/utils/manualPromise.js'
]
fs.realpathSync [ '/snapshot/dashlane-cli/node_modules/playwright-core/browsers.json' ]
fs.readFileSync [
  '/snapshot/dashlane-cli/node_modules/playwright-core/browsers.json',
  'utf8'
]
fs.readSync []
fs.realpathSync [
  '/snapshot/dashlane-cli/node_modules/playwright-core/lib/server/dispatchers/dispatcher.js'
]
fs.readFileSync [
  '/snapshot/dashlane-cli/node_modules/playwright-core/lib/server/dispatchers/dispatcher.js',
  'utf8'
]
fs.readSync []
fs.realpathSync [
  '/snapshot/dashlane-cli/node_modules/playwright-core/lib/protocol/validator.js'
]
fs.readFileSync [
  '/snapshot/dashlane-cli/node_modules/playwright-core/lib/protocol/validator.js',
  'utf8'
]
fs.readSync []
fs.realpathSync [
  '/snapshot/dashlane-cli/node_modules/playwright-core/lib/protocol/validatorPrimitives.js'
]
fs.readFileSync [
  '/snapshot/dashlane-cli/node_modules/playwright-core/lib/protocol/validatorPrimitives.js',
  'utf8'
]
fs.readSync []
fs.realpathSync [
  '/snapshot/dashlane-cli/node_modules/playwright-core/lib/utils/index.js'
]
fs.realpathSync [
  '/snapshot/dashlane-cli/node_modules/playwright-core/lib/utils/index.js'
]
fs.realpathSync [
  '/snapshot/dashlane-cli/node_modules/playwright-core/lib/server/errors.js'
]
fs.readFileSync [
  '/snapshot/dashlane-cli/node_modules/playwright-core/lib/server/errors.js',
  'utf8'
]
fs.readSync []
fs.realpathSync [
  '/snapshot/dashlane-cli/node_modules/playwright-core/lib/utils/index.js'
]
fs.realpathSync [
  '/snapshot/dashlane-cli/node_modules/playwright-core/lib/protocol/serializers.js'
]
fs.readFileSync [
  '/snapshot/dashlane-cli/node_modules/playwright-core/lib/protocol/serializers.js',
  'utf8'
]
fs.readSync []
fs.realpathSync [
  '/snapshot/dashlane-cli/node_modules/playwright-core/lib/server/instrumentation.js'
]
fs.readFileSync [
  '/snapshot/dashlane-cli/node_modules/playwright-core/lib/server/instrumentation.js',
  'utf8'
]
fs.readSync []
fs.realpathSync [
  '/snapshot/dashlane-cli/node_modules/playwright-core/lib/utils/eventsHelper.js'
]
fs.realpathSync [
  '/snapshot/dashlane-cli/node_modules/playwright-core/lib/server/protocolError.js'
]
fs.readFileSync [
  '/snapshot/dashlane-cli/node_modules/playwright-core/lib/server/protocolError.js',
  'utf8'
]
fs.readSync []
fs.realpathSync [
  '/snapshot/dashlane-cli/node_modules/playwright-core/lib/utils/stackTrace.js'
]
fs.realpathSync [
  '/snapshot/dashlane-cli/node_modules/playwright-core/lib/server/dispatchers/playwrightDispatcher.js'
]
fs.readFileSync [
  '/snapshot/dashlane-cli/node_modules/playwright-core/lib/server/dispatchers/playwrightDispatcher.js',
  'utf8'
]
fs.readSync []
fs.realpathSync [
  '/snapshot/dashlane-cli/node_modules/playwright-core/lib/server/fetch.js'
]
fs.readFileSync [
  '/snapshot/dashlane-cli/node_modules/playwright-core/lib/server/fetch.js',
  'utf8'
]
fs.readSync []
fs.realpathSync [
  '/snapshot/dashlane-cli/node_modules/playwright-core/lib/common/timeoutSettings.js'
]
fs.readFileSync [
  '/snapshot/dashlane-cli/node_modules/playwright-core/lib/common/timeoutSettings.js',
  'utf8'
]
fs.readSync []
fs.realpathSync [
  '/snapshot/dashlane-cli/node_modules/playwright-core/lib/utils/index.js'
]
fs.realpathSync [
  '/snapshot/dashlane-cli/node_modules/playwright-core/lib/utils/userAgent.js'
]
fs.realpathSync [
  '/snapshot/dashlane-cli/node_modules/playwright-core/lib/utilsBundle.js'
]
fs.realpathSync [
  '/snapshot/dashlane-cli/node_modules/playwright-core/lib/server/browserContext.js'
]
fs.readFileSync [
  '/snapshot/dashlane-cli/node_modules/playwright-core/lib/server/browserContext.js',
  'utf8'
]
fs.readSync []
fs.realpathSync [
  '/snapshot/dashlane-cli/node_modules/playwright-core/lib/utils/fileUtils.js'
]
fs.realpathSync [
  '/snapshot/dashlane-cli/node_modules/playwright-core/lib/server/helper.js'
]
fs.readFileSync [
  '/snapshot/dashlane-cli/node_modules/playwright-core/lib/server/helper.js',
  'utf8'
]
fs.readSync []
fs.realpathSync [
  '/snapshot/dashlane-cli/node_modules/playwright-core/lib/utils/debugLogger.js'
]
fs.realpathSync [
  '/snapshot/dashlane-cli/node_modules/playwright-core/lib/utils/eventsHelper.js'
]
fs.realpathSync [
  '/snapshot/dashlane-cli/node_modules/playwright-core/lib/server/network.js'
]
fs.readFileSync [
  '/snapshot/dashlane-cli/node_modules/playwright-core/lib/server/network.js',
  'utf8'
]
fs.readSync []
fs.realpathSync [
  '/snapshot/dashlane-cli/node_modules/playwright-core/lib/utils/manualPromise.js'
]
fs.realpathSync [
  '/snapshot/dashlane-cli/node_modules/playwright-core/lib/server/instrumentation.js'
]
fs.realpathSync [
  '/snapshot/dashlane-cli/node_modules/playwright-core/lib/server/fetch.js'
]
fs.realpathSync [
  '/snapshot/dashlane-cli/node_modules/playwright-core/lib/server/page.js'
]
fs.readFileSync [
  '/snapshot/dashlane-cli/node_modules/playwright-core/lib/server/page.js',
  'utf8'
]
fs.readSync []
fs.realpathSync [
  '/snapshot/dashlane-cli/node_modules/playwright-core/lib/server/frames.js'
]
fs.readFileSync [
  '/snapshot/dashlane-cli/node_modules/playwright-core/lib/server/frames.js',
  'utf8'
]
fs.readSync []
fs.realpathSync [
  '/snapshot/dashlane-cli/node_modules/playwright-core/lib/server/dom.js'
]
fs.readFileSync [
  '/snapshot/dashlane-cli/node_modules/playwright-core/lib/server/dom.js',
  'utf8'
]
fs.readSync []
fs.realpathSync [
  '/snapshot/dashlane-cli/node_modules/playwright-core/lib/generated/injectedScriptSource.js'
]
fs.readFileSync [
  '/snapshot/dashlane-cli/node_modules/playwright-core/lib/generated/injectedScriptSource.js',
  'utf8'
]
fs.readSync []
fs.realpathSync [
  '/snapshot/dashlane-cli/node_modules/playwright-core/lib/server/protocolError.js'
]
fs.realpathSync [
  '/snapshot/dashlane-cli/node_modules/playwright-core/lib/server/javascript.js'
]
fs.readFileSync [
  '/snapshot/dashlane-cli/node_modules/playwright-core/lib/server/javascript.js',
  'utf8'
]
fs.readSync []
fs.realpathSync [
  '/snapshot/dashlane-cli/node_modules/playwright-core/lib/generated/utilityScriptSource.js'
]
fs.readFileSync [
  '/snapshot/dashlane-cli/node_modules/playwright-core/lib/generated/utilityScriptSource.js',
  'utf8'
]
fs.readSync []
fs.realpathSync [
  '/snapshot/dashlane-cli/node_modules/playwright-core/lib/server/isomorphic/utilityScriptSerializers.js'
]
fs.readFileSync [
  '/snapshot/dashlane-cli/node_modules/playwright-core/lib/server/isomorphic/utilityScriptSerializers.js',
  'utf8'
]
fs.readSync []
fs.realpathSync [
  '/snapshot/dashlane-cli/node_modules/playwright-core/lib/server/progress.js'
]
fs.readFileSync [
  '/snapshot/dashlane-cli/node_modules/playwright-core/lib/server/progress.js',
  'utf8'
]
fs.readSync []
fs.realpathSync [
  '/snapshot/dashlane-cli/node_modules/playwright-core/lib/server/errors.js'
]
fs.realpathSync [
  '/snapshot/dashlane-cli/node_modules/playwright-core/lib/server/fileUploadUtils.js'
]
fs.readFileSync [
  '/snapshot/dashlane-cli/node_modules/playwright-core/lib/server/fileUploadUtils.js',
  'utf8'
]
fs.readSync []
fs.realpathSync [
  '/snapshot/dashlane-cli/node_modules/playwright-core/lib/server/types.js'
]
fs.readFileSync [
  '/snapshot/dashlane-cli/node_modules/playwright-core/lib/server/types.js',
  'utf8'
]
fs.readSync []
fs.realpathSync [
  '/snapshot/dashlane-cli/node_modules/playwright-core/lib/utils/isomorphic/selectorParser.js'
]
fs.realpathSync [
  '/snapshot/dashlane-cli/node_modules/playwright-core/lib/utils/isomorphic/locatorGenerators.js'
]
fs.realpathSync [
  '/snapshot/dashlane-cli/node_modules/playwright-core/lib/server/frameSelectors.js'
]
fs.readFileSync [
  '/snapshot/dashlane-cli/node_modules/playwright-core/lib/server/frameSelectors.js',
  'utf8'
]
fs.readSync []
fs.realpathSync [
  '/snapshot/dashlane-cli/node_modules/playwright-core/lib/server/input.js'
]
fs.readFileSync [
  '/snapshot/dashlane-cli/node_modules/playwright-core/lib/server/input.js',
  'utf8'
]
fs.readSync []
fs.realpathSync [
  '/snapshot/dashlane-cli/node_modules/playwright-core/lib/server/usKeyboardLayout.js'
]
fs.readFileSync [
  '/snapshot/dashlane-cli/node_modules/playwright-core/lib/server/usKeyboardLayout.js',
  'utf8'
]
fs.readSync []
fs.realpathSync [
  '/snapshot/dashlane-cli/node_modules/playwright-core/lib/server/screenshotter.js'
]
fs.readFileSync [
  '/snapshot/dashlane-cli/node_modules/playwright-core/lib/server/screenshotter.js',
  'utf8'
]
fs.readSync []
fs.realpathSync [
  '/snapshot/dashlane-cli/node_modules/playwright-core/lib/utils/multimap.js'
]
fs.realpathSync [
  '/snapshot/dashlane-cli/node_modules/playwright-core/lib/server/console.js'
]
fs.readFileSync [
  '/snapshot/dashlane-cli/node_modules/playwright-core/lib/server/console.js',
  'utf8'
]
fs.readSync []
fs.realpathSync [
  '/snapshot/dashlane-cli/node_modules/playwright-core/lib/server/accessibility.js'
]
fs.readFileSync [
  '/snapshot/dashlane-cli/node_modules/playwright-core/lib/server/accessibility.js',
  'utf8'
]
fs.readSync []
fs.realpathSync [
  '/snapshot/dashlane-cli/node_modules/playwright-core/lib/server/fileChooser.js'
]
fs.readFileSync [
  '/snapshot/dashlane-cli/node_modules/playwright-core/lib/server/fileChooser.js',
  'utf8'
]
fs.readSync []
fs.realpathSync [
  '/snapshot/dashlane-cli/node_modules/playwright-core/lib/utils/comparators.js'
]
fs.realpathSync [
  '/snapshot/dashlane-cli/node_modules/playwright-core/lib/server/debugger.js'
]
fs.readFileSync [
  '/snapshot/dashlane-cli/node_modules/playwright-core/lib/server/debugger.js',
  'utf8'
]
fs.readSync []
fs.realpathSync [
  '/snapshot/dashlane-cli/node_modules/playwright-core/lib/protocol/debug.js'
]
fs.readFileSync [
  '/snapshot/dashlane-cli/node_modules/playwright-core/lib/protocol/debug.js',
  'utf8'
]
fs.readSync []
fs.realpathSync [
  '/snapshot/dashlane-cli/node_modules/playwright-core/lib/server/trace/recorder/tracing.js'
]
fs.readFileSync [
  '/snapshot/dashlane-cli/node_modules/playwright-core/lib/server/trace/recorder/tracing.js',
  'utf8'
]
fs.readSync []
fs.realpathSync [
  '/snapshot/dashlane-cli/node_modules/playwright-core/lib/protocol/debug.js'
]
fs.realpathSync [
  '/snapshot/dashlane-cli/node_modules/playwright-core/lib/utils/manualPromise.js'
]
fs.realpathSync [
  '/snapshot/dashlane-cli/node_modules/playwright-core/lib/utils/eventsHelper.js'
]
fs.realpathSync [
  '/snapshot/dashlane-cli/node_modules/playwright-core/lib/utils/index.js'
]
fs.realpathSync [
  '/snapshot/dashlane-cli/node_modules/playwright-core/lib/utils/fileUtils.js'
]
fs.realpathSync [
  '/snapshot/dashlane-cli/node_modules/playwright-core/lib/server/artifact.js'
]
fs.readFileSync [
  '/snapshot/dashlane-cli/node_modules/playwright-core/lib/server/artifact.js',
  'utf8'
]
fs.readSync []
fs.realpathSync [
  '/snapshot/dashlane-cli/node_modules/playwright-core/lib/server/browserContext.js'
]
fs.realpathSync [
  '/snapshot/dashlane-cli/node_modules/playwright-core/lib/server/instrumentation.js'
]
fs.realpathSync [
  '/snapshot/dashlane-cli/node_modules/playwright-core/lib/server/page.js'
]
fs.realpathSync [
  '/snapshot/dashlane-cli/node_modules/playwright-core/lib/server/har/harTracer.js'
]
fs.readFileSync [
  '/snapshot/dashlane-cli/node_modules/playwright-core/lib/server/har/harTracer.js',
  'utf8'
]
fs.readSync []
fs.realpathSync [
  '/snapshot/dashlane-cli/node_modules/playwright-core/lib/server/browserContext.js'
]
fs.realpathSync [
  '/snapshot/dashlane-cli/node_modules/playwright-core/lib/server/fetch.js'
]
fs.realpathSync [
  '/snapshot/dashlane-cli/node_modules/playwright-core/lib/server/helper.js'
]
fs.realpathSync [
  '/snapshot/dashlane-cli/node_modules/playwright-core/lib/server/network.js'
]
fs.realpathSync [
  '/snapshot/dashlane-cli/node_modules/playwright-core/lib/utils/index.js'
]
fs.realpathSync [
  '/snapshot/dashlane-cli/node_modules/playwright-core/lib/utils/eventsHelper.js'
]
fs.realpathSync [
  '/snapshot/dashlane-cli/node_modules/playwright-core/lib/utilsBundle.js'
]
fs.realpathSync [
  '/snapshot/dashlane-cli/node_modules/playwright-core/lib/utils/manualPromise.js'
]
fs.realpathSync [
  '/snapshot/dashlane-cli/node_modules/playwright-core/lib/utils/userAgent.js'
]
fs.realpathSync [
  '/snapshot/dashlane-cli/node_modules/playwright-core/lib/utils/network.js'
]
fs.realpathSync [
  '/snapshot/dashlane-cli/node_modules/playwright-core/lib/server/frames.js'
]
fs.realpathSync [
  '/snapshot/dashlane-cli/node_modules/playwright-core/lib/utils/mimeType.js'
]
fs.realpathSync [
  '/snapshot/dashlane-cli/node_modules/playwright-core/lib/server/trace/recorder/snapshotter.js'
]
fs.readFileSync [
  '/snapshot/dashlane-cli/node_modules/playwright-core/lib/server/trace/recorder/snapshotter.js',
  'utf8'
]
fs.readSync []
fs.realpathSync [
  '/snapshot/dashlane-cli/node_modules/playwright-core/lib/utils/debugLogger.js'
]
fs.realpathSync [
  '/snapshot/dashlane-cli/node_modules/playwright-core/lib/server/trace/recorder/snapshotterInjected.js'
]
fs.readFileSync [
  '/snapshot/dashlane-cli/node_modules/playwright-core/lib/server/trace/recorder/snapshotterInjected.js',
  'utf8'
]
fs.readSync []
fs.realpathSync [
  '/snapshot/dashlane-cli/node_modules/playwright-core/lib/utilsBundle.js'
]
fs.realpathSync [
  '/snapshot/dashlane-cli/node_modules/playwright-core/lib/zipBundle.js'
]
fs.realpathSync [
  '/snapshot/dashlane-cli/node_modules/playwright-core/lib/server/dispatchers/dispatcher.js'
]
fs.realpathSync [
  '/snapshot/dashlane-cli/node_modules/playwright-core/lib/server/errors.js'
]
fs.realpathSync [
  '/snapshot/dashlane-cli/node_modules/playwright-core/lib/server/har/harRecorder.js'
]
fs.readFileSync [
  '/snapshot/dashlane-cli/node_modules/playwright-core/lib/server/har/harRecorder.js',
  'utf8'
]
fs.readSync []
fs.realpathSync [
  '/snapshot/dashlane-cli/node_modules/playwright-core/lib/server/artifact.js'
]
fs.realpathSync [
  '/snapshot/dashlane-cli/node_modules/playwright-core/lib/server/har/harTracer.js'
]
fs.realpathSync [
  '/snapshot/dashlane-cli/node_modules/playwright-core/lib/zipBundle.js'
]
fs.realpathSync [
  '/snapshot/dashlane-cli/node_modules/playwright-core/lib/server/recorder.js'
]
fs.readFileSync [
  '/snapshot/dashlane-cli/node_modules/playwright-core/lib/server/recorder.js',
  'utf8'
]
fs.readSync []
fs.realpathSync [
  '/snapshot/dashlane-cli/node_modules/playwright-core/lib/server/recorder/codeGenerator.js'
]
fs.readFileSync [
  '/snapshot/dashlane-cli/node_modules/playwright-core/lib/server/recorder/codeGenerator.js',
  'utf8'
]
fs.readSync []
fs.realpathSync [
  '/snapshot/dashlane-cli/node_modules/playwright-core/lib/server/recorder/utils.js'
]
fs.readFileSync [
  '/snapshot/dashlane-cli/node_modules/playwright-core/lib/server/recorder/utils.js',
  'utf8'
]
fs.readSync []
fs.realpathSync [
  '/snapshot/dashlane-cli/node_modules/playwright-core/lib/server/recorder/java.js'
]
fs.readFileSync [
  '/snapshot/dashlane-cli/node_modules/playwright-core/lib/server/recorder/java.js',
  'utf8'
]
fs.readSync []
fs.realpathSync [
  '/snapshot/dashlane-cli/node_modules/playwright-core/lib/server/recorder/language.js'
]
fs.readFileSync [
  '/snapshot/dashlane-cli/node_modules/playwright-core/lib/server/recorder/language.js',
  'utf8'
]
fs.readSync []
fs.realpathSync [
  '/snapshot/dashlane-cli/node_modules/playwright-core/lib/server/recorder/utils.js'
]
fs.realpathSync [
  '/snapshot/dashlane-cli/node_modules/playwright-core/lib/server/recorder/javascript.js'
]
fs.readFileSync [
  '/snapshot/dashlane-cli/node_modules/playwright-core/lib/server/recorder/javascript.js',
  'utf8'
]
fs.readSync []
fs.realpathSync [
  '/snapshot/dashlane-cli/node_modules/playwright-core/lib/utils/isomorphic/stringUtils.js'
]
fs.realpathSync [
  '/snapshot/dashlane-cli/node_modules/playwright-core/lib/utils/isomorphic/locatorGenerators.js'
]
fs.realpathSync [
  '/snapshot/dashlane-cli/node_modules/playwright-core/lib/server/deviceDescriptorsSource.json'
]
fs.readFileSync [
  '/snapshot/dashlane-cli/node_modules/playwright-core/lib/server/deviceDescriptorsSource.json',
  'utf8'
]
fs.readSync []
fs.realpathSync [
  '/snapshot/dashlane-cli/node_modules/playwright-core/lib/server/recorder/javascript.js'
]
fs.realpathSync [
  '/snapshot/dashlane-cli/node_modules/playwright-core/lib/server/recorder/jsonl.js'
]
fs.readFileSync [
  '/snapshot/dashlane-cli/node_modules/playwright-core/lib/server/recorder/jsonl.js',
  'utf8'
]
fs.readSync []
fs.realpathSync [
  '/snapshot/dashlane-cli/node_modules/playwright-core/lib/server/recorder/csharp.js'
]
fs.readFileSync [
  '/snapshot/dashlane-cli/node_modules/playwright-core/lib/server/recorder/csharp.js',
  'utf8'
]
fs.readSync []
fs.realpathSync [
  '/snapshot/dashlane-cli/node_modules/playwright-core/lib/server/recorder/python.js'
]
fs.readFileSync [
  '/snapshot/dashlane-cli/node_modules/playwright-core/lib/server/recorder/python.js',
  'utf8'
]
fs.readSync []
fs.realpathSync [
  '/snapshot/dashlane-cli/node_modules/playwright-core/lib/generated/recorderSource.js'
]
fs.readFileSync [
  '/snapshot/dashlane-cli/node_modules/playwright-core/lib/generated/recorderSource.js',
  'utf8'
]
fs.readSync []
fs.realpathSync [
  '/snapshot/dashlane-cli/node_modules/playwright-core/lib/generated/consoleApiSource.js'
]
fs.readFileSync [
  '/snapshot/dashlane-cli/node_modules/playwright-core/lib/generated/consoleApiSource.js',
  'utf8'
]
fs.readSync []
fs.realpathSync [
  '/snapshot/dashlane-cli/node_modules/playwright-core/lib/server/recorder/recorderApp.js'
]
fs.readFileSync [
  '/snapshot/dashlane-cli/node_modules/playwright-core/lib/server/recorder/recorderApp.js',
  'utf8'
]
fs.readSync []
fs.realpathSync [
  '/snapshot/dashlane-cli/node_modules/playwright-core/lib/server/progress.js'
]
fs.realpathSync [
  '/snapshot/dashlane-cli/node_modules/playwright-core/lib/server/instrumentation.js'
]
fs.realpathSync [
  '/snapshot/dashlane-cli/node_modules/playwright-core/lib/utils/index.js'
]
fs.realpathSync [
  '/snapshot/dashlane-cli/node_modules/playwright-core/lib/utilsBundle.js'
]
fs.realpathSync [
  '/snapshot/dashlane-cli/node_modules/playwright-core/lib/server/launchApp.js'
]
fs.readFileSync [
  '/snapshot/dashlane-cli/node_modules/playwright-core/lib/server/launchApp.js',
  'utf8'
]
fs.readSync []
fs.realpathSync [
  '/snapshot/dashlane-cli/node_modules/playwright-core/lib/server/recorder/recorderUtils.js'
]
fs.readFileSync [
  '/snapshot/dashlane-cli/node_modules/playwright-core/lib/server/recorder/recorderUtils.js',
  'utf8'
]
fs.readSync []
fs.realpathSync [
  '/snapshot/dashlane-cli/node_modules/playwright-core/lib/utils/timeoutRunner.js'
]
fs.realpathSync [
  '/snapshot/dashlane-cli/node_modules/playwright-core/lib/utils/isomorphic/locatorParser.js'
]
fs.readFileSync [
  '/snapshot/dashlane-cli/node_modules/playwright-core/lib/utils/isomorphic/locatorParser.js',
  'utf8'
]
fs.readSync []
fs.realpathSync [
  '/snapshot/dashlane-cli/node_modules/playwright-core/lib/utils/isomorphic/stringUtils.js'
]
fs.realpathSync [
  '/snapshot/dashlane-cli/node_modules/playwright-core/lib/utils/isomorphic/locatorGenerators.js'
]
fs.realpathSync [
  '/snapshot/dashlane-cli/node_modules/playwright-core/lib/utils/isomorphic/stringUtils.js'
]
fs.realpathSync [
  '/snapshot/dashlane-cli/node_modules/playwright-core/lib/utils/eventsHelper.js'
]
fs.realpathSync [
  '/snapshot/dashlane-cli/node_modules/playwright-core/lib/server/cookieStore.js'
]
fs.readFileSync [
  '/snapshot/dashlane-cli/node_modules/playwright-core/lib/server/cookieStore.js',
  'utf8'
]
fs.readSync []
fs.realpathSync [
  '/snapshot/dashlane-cli/node_modules/playwright-core/lib/server/formData.js'
]
fs.readFileSync [
  '/snapshot/dashlane-cli/node_modules/playwright-core/lib/server/formData.js',
  'utf8'
]
fs.readSync []
fs.realpathSync [
  '/snapshot/dashlane-cli/node_modules/playwright-core/lib/utils/happy-eyeballs.js'
]
fs.realpathSync [
  '/snapshot/dashlane-cli/node_modules/playwright-core/lib/common/socksProxy.js'
]
fs.readFileSync [
  '/snapshot/dashlane-cli/node_modules/playwright-core/lib/common/socksProxy.js',
  'utf8'
]
fs.readSync []
fs.realpathSync [
  '/snapshot/dashlane-cli/node_modules/playwright-core/lib/utils/debugLogger.js'
]
fs.realpathSync [
  '/snapshot/dashlane-cli/node_modules/playwright-core/lib/utils/happy-eyeballs.js'
]
fs.realpathSync [
  '/snapshot/dashlane-cli/node_modules/playwright-core/lib/server/dispatchers/androidDispatcher.js'
]
fs.readFileSync [
  '/snapshot/dashlane-cli/node_modules/playwright-core/lib/server/dispatchers/androidDispatcher.js',
  'utf8'
]
fs.readSync []
fs.realpathSync [
  '/snapshot/dashlane-cli/node_modules/playwright-core/lib/server/dispatchers/dispatcher.js'
]
fs.realpathSync [
  '/snapshot/dashlane-cli/node_modules/playwright-core/lib/server/android/android.js'
]
fs.readFileSync [
  '/snapshot/dashlane-cli/node_modules/playwright-core/lib/server/android/android.js',
  'utf8'
]
fs.readSync []
fs.realpathSync [
  '/snapshot/dashlane-cli/node_modules/playwright-core/lib/utilsBundle.js'
]
fs.realpathSync [
  '/snapshot/dashlane-cli/node_modules/playwright-core/lib/utils/index.js'
]
fs.realpathSync [
  '/snapshot/dashlane-cli/node_modules/playwright-core/lib/utils/fileUtils.js'
]
fs.realpathSync [
  '/snapshot/dashlane-cli/node_modules/playwright-core/lib/server/browserContext.js'
]
fs.realpathSync [
  '/snapshot/dashlane-cli/node_modules/playwright-core/lib/server/progress.js'
]
fs.realpathSync [
  '/snapshot/dashlane-cli/node_modules/playwright-core/lib/server/chromium/crBrowser.js'
]
fs.readFileSync [
  '/snapshot/dashlane-cli/node_modules/playwright-core/lib/server/chromium/crBrowser.js',
  'utf8'
]
fs.readSync []
fs.realpathSync [
  '/snapshot/dashlane-cli/node_modules/playwright-core/lib/server/browser.js'
]
fs.readFileSync [
  '/snapshot/dashlane-cli/node_modules/playwright-core/lib/server/browser.js',
  'utf8'
]
fs.readSync []
fs.realpathSync [
  '/snapshot/dashlane-cli/node_modules/playwright-core/lib/server/download.js'
]
fs.readFileSync [
  '/snapshot/dashlane-cli/node_modules/playwright-core/lib/server/download.js',
  'utf8'
]
fs.readSync []
fs.realpathSync [
  '/snapshot/dashlane-cli/node_modules/playwright-core/lib/server/artifact.js'
]
fs.realpathSync [
  '/snapshot/dashlane-cli/node_modules/playwright-core/lib/server/browserContext.js'
]
fs.realpathSync [
  '/snapshot/dashlane-cli/node_modules/playwright-core/lib/utils/index.js'
]
fs.realpathSync [
  '/snapshot/dashlane-cli/node_modules/playwright-core/lib/server/network.js'
]
fs.realpathSync [
  '/snapshot/dashlane-cli/node_modules/playwright-core/lib/server/page.js'
]
fs.realpathSync [
  '/snapshot/dashlane-cli/node_modules/playwright-core/lib/server/frames.js'
]
fs.realpathSync [
  '/snapshot/dashlane-cli/node_modules/playwright-core/lib/server/chromium/crConnection.js'
]
fs.readFileSync [
  '/snapshot/dashlane-cli/node_modules/playwright-core/lib/server/chromium/crConnection.js',
  'utf8'
]
fs.readSync []
fs.realpathSync [
  '/snapshot/dashlane-cli/node_modules/playwright-core/lib/utils/debugLogger.js'
]
fs.realpathSync [
  '/snapshot/dashlane-cli/node_modules/playwright-core/lib/server/helper.js'
]
fs.realpathSync [
  '/snapshot/dashlane-cli/node_modules/playwright-core/lib/server/protocolError.js'
]
fs.realpathSync [
  '/snapshot/dashlane-cli/node_modules/playwright-core/lib/server/chromium/crPage.js'
]
fs.readFileSync [
  '/snapshot/dashlane-cli/node_modules/playwright-core/lib/server/chromium/crPage.js',
  'utf8'
]
fs.readSync []
fs.realpathSync [
  '/snapshot/dashlane-cli/node_modules/playwright-core/lib/utils/eventsHelper.js'
]
fs.realpathSync [
  '/snapshot/dashlane-cli/node_modules/playwright-core/lib/server/registry/index.js'
]
fs.realpathSync [
  '/snapshot/dashlane-cli/node_modules/playwright-core/lib/utils/stackTrace.js'
]
fs.realpathSync [
  '/snapshot/dashlane-cli/node_modules/playwright-core/lib/server/dialog.js'
]
fs.readFileSync [
  '/snapshot/dashlane-cli/node_modules/playwright-core/lib/server/dialog.js',
  'utf8'
]
fs.readSync []
fs.realpathSync [
  '/snapshot/dashlane-cli/node_modules/playwright-core/lib/server/dom.js'
]
fs.realpathSync [
  '/snapshot/dashlane-cli/node_modules/playwright-core/lib/server/chromium/crAccessibility.js'
]
fs.readFileSync [
  '/snapshot/dashlane-cli/node_modules/playwright-core/lib/server/chromium/crAccessibility.js',
  'utf8'
]
fs.readSync []
fs.realpathSync [
  '/snapshot/dashlane-cli/node_modules/playwright-core/lib/server/chromium/crBrowser.js'
]
fs.realpathSync [
  '/snapshot/dashlane-cli/node_modules/playwright-core/lib/server/chromium/crCoverage.js'
]
fs.readFileSync [
  '/snapshot/dashlane-cli/node_modules/playwright-core/lib/server/chromium/crCoverage.js',
  'utf8'
]
fs.readSync []
fs.realpathSync [
  '/snapshot/dashlane-cli/node_modules/playwright-core/lib/server/chromium/crDragDrop.js'
]
fs.readFileSync [
  '/snapshot/dashlane-cli/node_modules/playwright-core/lib/server/chromium/crDragDrop.js',
  'utf8'
]
fs.readSync []
fs.realpathSync [
  '/snapshot/dashlane-cli/node_modules/playwright-core/lib/server/chromium/crProtocolHelper.js'
]
fs.readFileSync [
  '/snapshot/dashlane-cli/node_modules/playwright-core/lib/server/chromium/crProtocolHelper.js',
  'utf8'
]
fs.readSync []
fs.realpathSync [
  '/snapshot/dashlane-cli/node_modules/playwright-core/lib/utils/fileUtils.js'
]
fs.realpathSync [
  '/snapshot/dashlane-cli/node_modules/playwright-core/lib/server/chromium/crExecutionContext.js'
]
fs.readFileSync [
  '/snapshot/dashlane-cli/node_modules/playwright-core/lib/server/chromium/crExecutionContext.js',
  'utf8'
]
fs.readSync []
fs.realpathSync [
  '/snapshot/dashlane-cli/node_modules/playwright-core/lib/server/javascript.js'
]
fs.realpathSync [
  '/snapshot/dashlane-cli/node_modules/playwright-core/lib/server/isomorphic/utilityScriptSerializers.js'
]
fs.realpathSync [
  '/snapshot/dashlane-cli/node_modules/playwright-core/lib/server/chromium/crInput.js'
]
fs.readFileSync [
  '/snapshot/dashlane-cli/node_modules/playwright-core/lib/server/chromium/crInput.js',
  'utf8'
]
fs.readSync []
fs.realpathSync [
  '/snapshot/dashlane-cli/node_modules/playwright-core/lib/server/input.js'
]
fs.realpathSync [
  '/snapshot/dashlane-cli/node_modules/playwright-core/lib/server/macEditingCommands.js'
]
fs.readFileSync [
  '/snapshot/dashlane-cli/node_modules/playwright-core/lib/server/macEditingCommands.js',
  'utf8'
]
fs.readSync []
fs.realpathSync [
  '/snapshot/dashlane-cli/node_modules/playwright-core/lib/server/chromium/crNetworkManager.js'
]
fs.readFileSync [
  '/snapshot/dashlane-cli/node_modules/playwright-core/lib/server/chromium/crNetworkManager.js',
  'utf8'
]
fs.readSync []
fs.realpathSync [
  '/snapshot/dashlane-cli/node_modules/playwright-core/lib/server/chromium/crPdf.js'
]
fs.readFileSync [
  '/snapshot/dashlane-cli/node_modules/playwright-core/lib/server/chromium/crPdf.js',
  'utf8'
]
fs.readSync []
fs.realpathSync [
  '/snapshot/dashlane-cli/node_modules/playwright-core/lib/server/chromium/defaultFontFamilies.js'
]
fs.readFileSync [
  '/snapshot/dashlane-cli/node_modules/playwright-core/lib/server/chromium/defaultFontFamilies.js',
  'utf8'
]
fs.readSync []
fs.realpathSync [
  '/snapshot/dashlane-cli/node_modules/playwright-core/lib/server/chromium/videoRecorder.js'
]
fs.readFileSync [
  '/snapshot/dashlane-cli/node_modules/playwright-core/lib/server/chromium/videoRecorder.js',
  'utf8'
]
fs.readSync []
fs.realpathSync [
  '/snapshot/dashlane-cli/node_modules/playwright-core/lib/utils/processLauncher.js'
]
fs.realpathSync [
  '/snapshot/dashlane-cli/node_modules/playwright-core/lib/server/progress.js'
]
fs.realpathSync [
  '/snapshot/dashlane-cli/node_modules/playwright-core/lib/server/instrumentation.js'
]
fs.realpathSync [
  '/snapshot/dashlane-cli/node_modules/playwright-core/lib/server/errors.js'
]
fs.realpathSync [
  '/snapshot/dashlane-cli/node_modules/playwright-core/lib/server/chromium/crServiceWorker.js'
]
fs.readFileSync [
  '/snapshot/dashlane-cli/node_modules/playwright-core/lib/server/chromium/crServiceWorker.js',
  'utf8'
]
fs.readSync []
fs.realpathSync [
  '/snapshot/dashlane-cli/node_modules/playwright-core/lib/server/artifact.js'
]
fs.realpathSync [
  '/snapshot/dashlane-cli/node_modules/playwright-core/lib/server/helper.js'
]
fs.realpathSync [
  '/snapshot/dashlane-cli/node_modules/playwright-core/lib/protocol/transport.js'
]
fs.readFileSync [
  '/snapshot/dashlane-cli/node_modules/playwright-core/lib/protocol/transport.js',
  'utf8'
]
fs.readSync []
fs.realpathSync [
  '/snapshot/dashlane-cli/node_modules/playwright-core/lib/utils/debugLogger.js'
]
fs.realpathSync [
  '/snapshot/dashlane-cli/node_modules/playwright-core/lib/utils/processLauncher.js'
]
fs.realpathSync [
  '/snapshot/dashlane-cli/node_modules/playwright-core/lib/common/timeoutSettings.js'
]
fs.realpathSync [
  '/snapshot/dashlane-cli/node_modules/playwright-core/lib/server/instrumentation.js'
]
fs.realpathSync [
  '/snapshot/dashlane-cli/node_modules/playwright-core/lib/server/chromium/chromiumSwitches.js'
]
fs.readFileSync [
  '/snapshot/dashlane-cli/node_modules/playwright-core/lib/server/chromium/chromiumSwitches.js',
  'utf8'
]
fs.readSync []
fs.realpathSync [
  '/snapshot/dashlane-cli/node_modules/playwright-core/lib/server/registry/index.js'
]
fs.realpathSync [
  '/snapshot/dashlane-cli/node_modules/playwright-core/lib/server/dispatchers/browserContextDispatcher.js'
]
fs.readFileSync [
  '/snapshot/dashlane-cli/node_modules/playwright-core/lib/server/dispatchers/browserContextDispatcher.js',
  'utf8'
]
fs.readSync []
fs.realpathSync [
  '/snapshot/dashlane-cli/node_modules/playwright-core/lib/server/browserContext.js'
]
fs.realpathSync [
  '/snapshot/dashlane-cli/node_modules/playwright-core/lib/server/dispatchers/pageDispatcher.js'
]
fs.readFileSync [
  '/snapshot/dashlane-cli/node_modules/playwright-core/lib/server/dispatchers/pageDispatcher.js',
  'utf8'
]
fs.readSync []
fs.realpathSync [
  '/snapshot/dashlane-cli/node_modules/playwright-core/lib/server/page.js'
]
fs.realpathSync [
  '/snapshot/dashlane-cli/node_modules/playwright-core/lib/server/dispatchers/frameDispatcher.js'
]
fs.readFileSync [
  '/snapshot/dashlane-cli/node_modules/playwright-core/lib/server/dispatchers/frameDispatcher.js',
  'utf8'
]
fs.readSync []
fs.realpathSync [
  '/snapshot/dashlane-cli/node_modules/playwright-core/lib/server/frames.js'
]
fs.realpathSync [
  '/snapshot/dashlane-cli/node_modules/playwright-core/lib/server/dispatchers/elementHandlerDispatcher.js'
]
fs.readFileSync [
  '/snapshot/dashlane-cli/node_modules/playwright-core/lib/server/dispatchers/elementHandlerDispatcher.js',
  'utf8'
]
fs.readSync []
fs.realpathSync [
  '/snapshot/dashlane-cli/node_modules/playwright-core/lib/server/dispatchers/jsHandleDispatcher.js'
]
fs.readFileSync [
  '/snapshot/dashlane-cli/node_modules/playwright-core/lib/server/dispatchers/jsHandleDispatcher.js',
  'utf8'
]
fs.readSync []
fs.realpathSync [
  '/snapshot/dashlane-cli/node_modules/playwright-core/lib/protocol/serializers.js'
]
fs.realpathSync [
  '/snapshot/dashlane-cli/node_modules/playwright-core/lib/server/dispatchers/networkDispatchers.js'
]
fs.readFileSync [
  '/snapshot/dashlane-cli/node_modules/playwright-core/lib/server/dispatchers/networkDispatchers.js',
  'utf8'
]
fs.readSync []
fs.realpathSync [
  '/snapshot/dashlane-cli/node_modules/playwright-core/lib/server/network.js'
]
fs.realpathSync [
  '/snapshot/dashlane-cli/node_modules/playwright-core/lib/server/dispatchers/tracingDispatcher.js'
]
fs.readFileSync [
  '/snapshot/dashlane-cli/node_modules/playwright-core/lib/server/dispatchers/tracingDispatcher.js',
  'utf8'
]
fs.readSync []
fs.realpathSync [
  '/snapshot/dashlane-cli/node_modules/playwright-core/lib/server/dispatchers/artifactDispatcher.js'
]
fs.readFileSync [
  '/snapshot/dashlane-cli/node_modules/playwright-core/lib/server/dispatchers/artifactDispatcher.js',
  'utf8'
]
fs.readSync []
fs.realpathSync [
  '/snapshot/dashlane-cli/node_modules/playwright-core/lib/server/dispatchers/streamDispatcher.js'
]
fs.readFileSync [
  '/snapshot/dashlane-cli/node_modules/playwright-core/lib/server/dispatchers/streamDispatcher.js',
  'utf8'
]
fs.readSync []
fs.realpathSync [
  '/snapshot/dashlane-cli/node_modules/playwright-core/lib/utils/fileUtils.js'
]
fs.realpathSync [
  '/snapshot/dashlane-cli/node_modules/playwright-core/lib/server/chromium/crBrowser.js'
]
fs.realpathSync [
  '/snapshot/dashlane-cli/node_modules/playwright-core/lib/server/dispatchers/cdpSessionDispatcher.js'
]
fs.readFileSync [
  '/snapshot/dashlane-cli/node_modules/playwright-core/lib/server/dispatchers/cdpSessionDispatcher.js',
  'utf8'
]
fs.readSync []
fs.realpathSync [
  '/snapshot/dashlane-cli/node_modules/playwright-core/lib/server/chromium/crConnection.js'
]
fs.realpathSync [
  '/snapshot/dashlane-cli/node_modules/playwright-core/lib/server/recorder.js'
]
fs.realpathSync [
  '/snapshot/dashlane-cli/node_modules/playwright-core/lib/server/dispatchers/writableStreamDispatcher.js'
]
fs.readFileSync [
  '/snapshot/dashlane-cli/node_modules/playwright-core/lib/server/dispatchers/writableStreamDispatcher.js',
  'utf8'
]
fs.readSync []
fs.realpathSync [
  '/snapshot/dashlane-cli/node_modules/playwright-core/lib/server/dispatchers/dialogDispatcher.js'
]
fs.readFileSync [
  '/snapshot/dashlane-cli/node_modules/playwright-core/lib/server/dispatchers/dialogDispatcher.js',
  'utf8'
]
fs.readSync []
fs.realpathSync [
  '/snapshot/dashlane-cli/node_modules/playwright-core/lib/server/dispatchers/browserTypeDispatcher.js'
]
fs.readFileSync [
  '/snapshot/dashlane-cli/node_modules/playwright-core/lib/server/dispatchers/browserTypeDispatcher.js',
  'utf8'
]
fs.readSync []
fs.realpathSync [
  '/snapshot/dashlane-cli/node_modules/playwright-core/lib/server/dispatchers/browserDispatcher.js'
]
fs.readFileSync [
  '/snapshot/dashlane-cli/node_modules/playwright-core/lib/server/dispatchers/browserDispatcher.js',
  'utf8'
]
fs.readSync []
fs.realpathSync [
  '/snapshot/dashlane-cli/node_modules/playwright-core/lib/server/browser.js'
]
fs.realpathSync [
  '/snapshot/dashlane-cli/node_modules/playwright-core/lib/server/selectors.js'
]
fs.readFileSync [
  '/snapshot/dashlane-cli/node_modules/playwright-core/lib/server/selectors.js',
  'utf8'
]
fs.readSync []
fs.realpathSync [
  '/snapshot/dashlane-cli/node_modules/playwright-core/lib/server/dispatchers/electronDispatcher.js'
]
fs.readFileSync [
  '/snapshot/dashlane-cli/node_modules/playwright-core/lib/server/dispatchers/electronDispatcher.js',
  'utf8'
]
fs.readSync []
fs.realpathSync [
  '/snapshot/dashlane-cli/node_modules/playwright-core/lib/server/electron/electron.js'
]
fs.readFileSync [
  '/snapshot/dashlane-cli/node_modules/playwright-core/lib/server/electron/electron.js',
  'utf8'
]
fs.readSync []
fs.realpathSync [
  '/snapshot/dashlane-cli/node_modules/playwright-core/lib/server/chromium/crBrowser.js'
]
fs.realpathSync [
  '/snapshot/dashlane-cli/node_modules/playwright-core/lib/server/chromium/crConnection.js'
]
fs.realpathSync [
  '/snapshot/dashlane-cli/node_modules/playwright-core/lib/server/chromium/crExecutionContext.js'
]
fs.realpathSync [
  '/snapshot/dashlane-cli/node_modules/playwright-core/lib/server/javascript.js'
]
fs.realpathSync [
  '/snapshot/dashlane-cli/node_modules/playwright-core/lib/common/timeoutSettings.js'
]
fs.realpathSync [
  '/snapshot/dashlane-cli/node_modules/playwright-core/lib/utils/index.js'
]
fs.realpathSync [
  '/snapshot/dashlane-cli/node_modules/playwright-core/lib/server/transport.js'
]
fs.readFileSync [
  '/snapshot/dashlane-cli/node_modules/playwright-core/lib/server/transport.js',
  'utf8'
]
fs.readSync []
fs.realpathSync [
  '/snapshot/dashlane-cli/node_modules/playwright-core/lib/utils/processLauncher.js'
]
fs.realpathSync [
  '/snapshot/dashlane-cli/node_modules/playwright-core/lib/server/browserContext.js'
]
fs.realpathSync [
  '/snapshot/dashlane-cli/node_modules/playwright-core/lib/server/progress.js'
]
fs.realpathSync [
  '/snapshot/dashlane-cli/node_modules/playwright-core/lib/server/helper.js'
]
fs.realpathSync [
  '/snapshot/dashlane-cli/node_modules/playwright-core/lib/utils/eventsHelper.js'
]
fs.realpathSync [
  '/snapshot/dashlane-cli/node_modules/playwright-core/lib/utils/debugLogger.js'
]
fs.realpathSync [
  '/snapshot/dashlane-cli/node_modules/playwright-core/lib/server/instrumentation.js'
]
fs.realpathSync [
  '/snapshot/dashlane-cli/node_modules/playwright-core/lib/server/chromium/crProtocolHelper.js'
]
fs.realpathSync [
  '/snapshot/dashlane-cli/node_modules/playwright-core/lib/server/console.js'
]
fs.realpathSync [
  '/snapshot/dashlane-cli/node_modules/playwright-core/lib/server/dispatchers/localUtilsDispatcher.js'
]
fs.readFileSync [
  '/snapshot/dashlane-cli/node_modules/playwright-core/lib/server/dispatchers/localUtilsDispatcher.js',
  'utf8'
]
fs.readSync []
fs.realpathSync [
  '/snapshot/dashlane-cli/node_modules/playwright-core/lib/utils/manualPromise.js'
]
fs.realpathSync [
  '/snapshot/dashlane-cli/node_modules/playwright-core/lib/zipBundle.js'
]
fs.realpathSync [
  '/snapshot/dashlane-cli/node_modules/playwright-core/lib/utils/zipFile.js'
]
fs.realpathSync [
  '/snapshot/dashlane-cli/node_modules/playwright-core/lib/server/dispatchers/jsonPipeDispatcher.js'
]
fs.readFileSync [
  '/snapshot/dashlane-cli/node_modules/playwright-core/lib/server/dispatchers/jsonPipeDispatcher.js',
  'utf8'
]
fs.readSync []
fs.realpathSync [
  '/snapshot/dashlane-cli/node_modules/playwright-core/lib/server/transport.js'
]
fs.realpathSync [
  '/snapshot/dashlane-cli/node_modules/playwright-core/lib/server/socksInterceptor.js'
]
fs.readFileSync [
  '/snapshot/dashlane-cli/node_modules/playwright-core/lib/server/socksInterceptor.js',
  'utf8'
]
fs.readSync []
fs.realpathSync [
  '/snapshot/dashlane-cli/node_modules/playwright-core/lib/common/socksProxy.js'
]
fs.realpathSync [
  '/snapshot/dashlane-cli/node_modules/playwright-core/lib/protocol/validator.js'
]
fs.realpathSync [
  '/snapshot/dashlane-cli/node_modules/playwright-core/lib/utils/userAgent.js'
]
fs.realpathSync [
  '/snapshot/dashlane-cli/node_modules/playwright-core/lib/server/progress.js'
]
fs.realpathSync [
  '/snapshot/dashlane-cli/node_modules/playwright-core/lib/utils/network.js'
]
fs.realpathSync [
  '/snapshot/dashlane-cli/node_modules/playwright-core/lib/server/instrumentation.js'
]
fs.realpathSync [
  '/snapshot/dashlane-cli/node_modules/playwright-core/lib/server/dispatchers/selectorsDispatcher.js'
]
fs.readFileSync [
  '/snapshot/dashlane-cli/node_modules/playwright-core/lib/server/dispatchers/selectorsDispatcher.js',
  'utf8'
]
fs.readSync []
fs.realpathSync [
  '/snapshot/dashlane-cli/node_modules/playwright-core/lib/utils/eventsHelper.js'
]
fs.realpathSync [
  '/snapshot/dashlane-cli/node_modules/playwright-core/lib/server/playwright.js'
]
fs.readFileSync [
  '/snapshot/dashlane-cli/node_modules/playwright-core/lib/server/playwright.js',
  'utf8'
]
fs.readSync []
fs.realpathSync [
  '/snapshot/dashlane-cli/node_modules/playwright-core/lib/server/android/android.js'
]
fs.realpathSync [
  '/snapshot/dashlane-cli/node_modules/playwright-core/lib/server/android/backendAdb.js'
]
fs.readFileSync [
  '/snapshot/dashlane-cli/node_modules/playwright-core/lib/server/android/backendAdb.js',
  'utf8'
]
fs.readSync []
fs.realpathSync [
  '/snapshot/dashlane-cli/node_modules/playwright-core/lib/server/chromium/chromium.js'
]
fs.readFileSync [
  '/snapshot/dashlane-cli/node_modules/playwright-core/lib/server/chromium/chromium.js',
  'utf8'
]
fs.readSync []
fs.realpathSync [
  '/snapshot/dashlane-cli/node_modules/playwright-core/lib/server/browserType.js'
]
fs.readFileSync [
  '/snapshot/dashlane-cli/node_modules/playwright-core/lib/server/browserType.js',
  'utf8'
]
fs.readSync []
fs.realpathSync [
  '/snapshot/dashlane-cli/node_modules/playwright-core/lib/server/transport.js'
]
fs.realpathSync [
  '/snapshot/dashlane-cli/node_modules/playwright-core/lib/utils/processLauncher.js'
]
fs.realpathSync [
  '/snapshot/dashlane-cli/node_modules/playwright-core/lib/server/pipeTransport.js'
]
fs.readFileSync [
  '/snapshot/dashlane-cli/node_modules/playwright-core/lib/server/pipeTransport.js',
  'utf8'
]
fs.readSync []
fs.realpathSync [
  '/snapshot/dashlane-cli/node_modules/playwright-core/lib/server/transport.js'
]
fs.realpathSync [
  '/snapshot/dashlane-cli/node_modules/playwright-core/lib/server/chromium/crDevTools.js'
]
fs.readFileSync [
  '/snapshot/dashlane-cli/node_modules/playwright-core/lib/server/chromium/crDevTools.js',
  'utf8'
]
fs.readSync []
fs.realpathSync [
  '/snapshot/dashlane-cli/node_modules/playwright-core/lib/utils/network.js'
]
fs.realpathSync [
  '/snapshot/dashlane-cli/node_modules/playwright-core/lib/utils/userAgent.js'
]
fs.realpathSync [
  '/snapshot/dashlane-cli/node_modules/playwright-core/lib/utils/ascii.js'
]
fs.realpathSync [
  '/snapshot/dashlane-cli/node_modules/playwright-core/lib/common/timeoutSettings.js'
]
fs.realpathSync [
  '/snapshot/dashlane-cli/node_modules/playwright-core/lib/utils/manualPromise.js'
]
fs.realpathSync [
  '/snapshot/dashlane-cli/node_modules/playwright-core/lib/server/chromium/chromiumSwitches.js'
]
fs.realpathSync [
  '/snapshot/dashlane-cli/node_modules/playwright-core/lib/server/electron/electron.js'
]
fs.realpathSync [
  '/snapshot/dashlane-cli/node_modules/playwright-core/lib/server/firefox/firefox.js'
]
fs.readFileSync [
  '/snapshot/dashlane-cli/node_modules/playwright-core/lib/server/firefox/firefox.js',
  'utf8'
]
fs.readSync []
fs.realpathSync [
  '/snapshot/dashlane-cli/node_modules/playwright-core/lib/server/firefox/ffBrowser.js'
]
fs.readFileSync [
  '/snapshot/dashlane-cli/node_modules/playwright-core/lib/server/firefox/ffBrowser.js',
  'utf8'
]
fs.readSync []
fs.realpathSync [
  '/snapshot/dashlane-cli/node_modules/playwright-core/lib/server/errors.js'
]
fs.realpathSync [
  '/snapshot/dashlane-cli/node_modules/playwright-core/lib/utils/index.js'
]
fs.realpathSync [
  '/snapshot/dashlane-cli/node_modules/playwright-core/lib/server/browser.js'
]
fs.realpathSync [
  '/snapshot/dashlane-cli/node_modules/playwright-core/lib/server/browserContext.js'
]
fs.realpathSync [
  '/snapshot/dashlane-cli/node_modules/playwright-core/lib/server/network.js'
]
fs.realpathSync [
  '/snapshot/dashlane-cli/node_modules/playwright-core/lib/server/firefox/ffConnection.js'
]
fs.readFileSync [
  '/snapshot/dashlane-cli/node_modules/playwright-core/lib/server/firefox/ffConnection.js',
  'utf8'
]
fs.readSync []
fs.realpathSync [
  '/snapshot/dashlane-cli/node_modules/playwright-core/lib/utils/debugLogger.js'
]
fs.realpathSync [
  '/snapshot/dashlane-cli/node_modules/playwright-core/lib/server/helper.js'
]
fs.realpathSync [
  '/snapshot/dashlane-cli/node_modules/playwright-core/lib/server/protocolError.js'
]
fs.realpathSync [
  '/snapshot/dashlane-cli/node_modules/playwright-core/lib/server/firefox/ffPage.js'
]
fs.readFileSync [
  '/snapshot/dashlane-cli/node_modules/playwright-core/lib/server/firefox/ffPage.js',
  'utf8'
]
fs.readSync []
fs.realpathSync [
  '/snapshot/dashlane-cli/node_modules/playwright-core/lib/server/dialog.js'
]
fs.realpathSync [
  '/snapshot/dashlane-cli/node_modules/playwright-core/lib/server/dom.js'
]
fs.realpathSync [
  '/snapshot/dashlane-cli/node_modules/playwright-core/lib/utils/eventsHelper.js'
]
fs.realpathSync [
  '/snapshot/dashlane-cli/node_modules/playwright-core/lib/server/page.js'
]
fs.realpathSync [
  '/snapshot/dashlane-cli/node_modules/playwright-core/lib/server/firefox/ffAccessibility.js'
]
fs.readFileSync [
  '/snapshot/dashlane-cli/node_modules/playwright-core/lib/server/firefox/ffAccessibility.js',
  'utf8'
]
fs.readSync []
fs.realpathSync [
  '/snapshot/dashlane-cli/node_modules/playwright-core/lib/server/firefox/ffExecutionContext.js'
]
fs.readFileSync [
  '/snapshot/dashlane-cli/node_modules/playwright-core/lib/server/firefox/ffExecutionContext.js',
  'utf8'
]
fs.readSync []
fs.realpathSync [
  '/snapshot/dashlane-cli/node_modules/playwright-core/lib/server/javascript.js'
]
fs.realpathSync [
  '/snapshot/dashlane-cli/node_modules/playwright-core/lib/utils/stackTrace.js'
]
fs.realpathSync [
  '/snapshot/dashlane-cli/node_modules/playwright-core/lib/server/isomorphic/utilityScriptSerializers.js'
]
fs.realpathSync [
  '/snapshot/dashlane-cli/node_modules/playwright-core/lib/server/firefox/ffInput.js'
]
fs.readFileSync [
  '/snapshot/dashlane-cli/node_modules/playwright-core/lib/server/firefox/ffInput.js',
  'utf8'
]
fs.readSync []
fs.realpathSync [
  '/snapshot/dashlane-cli/node_modules/playwright-core/lib/server/firefox/ffNetworkManager.js'
]
fs.readFileSync [
  '/snapshot/dashlane-cli/node_modules/playwright-core/lib/server/firefox/ffNetworkManager.js',
  'utf8'
]
fs.readSync []
fs.realpathSync [
  '/snapshot/dashlane-cli/node_modules/playwright-core/lib/utils/manualPromise.js'
]
fs.realpathSync [
  '/snapshot/dashlane-cli/node_modules/playwright-core/lib/server/browserType.js'
]
fs.realpathSync [
  '/snapshot/dashlane-cli/node_modules/playwright-core/lib/server/selectors.js'
]
fs.realpathSync [
  '/snapshot/dashlane-cli/node_modules/playwright-core/lib/server/webkit/webkit.js'
]
fs.readFileSync [
  '/snapshot/dashlane-cli/node_modules/playwright-core/lib/server/webkit/webkit.js',
  'utf8'
]
fs.readSync []
fs.realpathSync [
  '/snapshot/dashlane-cli/node_modules/playwright-core/lib/server/webkit/wkBrowser.js'
]
fs.readFileSync [
  '/snapshot/dashlane-cli/node_modules/playwright-core/lib/server/webkit/wkBrowser.js',
  'utf8'
]
fs.readSync []
fs.realpathSync [
  '/snapshot/dashlane-cli/node_modules/playwright-core/lib/server/browser.js'
]
fs.realpathSync [
  '/snapshot/dashlane-cli/node_modules/playwright-core/lib/server/browserContext.js'
]
fs.realpathSync [
  '/snapshot/dashlane-cli/node_modules/playwright-core/lib/utils/index.js'
]
fs.realpathSync [
  '/snapshot/dashlane-cli/node_modules/playwright-core/lib/utils/eventsHelper.js'
]
fs.realpathSync [
  '/snapshot/dashlane-cli/node_modules/playwright-core/lib/server/network.js'
]
fs.realpathSync [
  '/snapshot/dashlane-cli/node_modules/playwright-core/lib/server/webkit/wkConnection.js'
]
fs.readFileSync [
  '/snapshot/dashlane-cli/node_modules/playwright-core/lib/server/webkit/wkConnection.js',
  'utf8'
]
fs.readSync []
fs.realpathSync [
  '/snapshot/dashlane-cli/node_modules/playwright-core/lib/utils/debugLogger.js'
]
fs.realpathSync [
  '/snapshot/dashlane-cli/node_modules/playwright-core/lib/server/helper.js'
]
fs.realpathSync [
  '/snapshot/dashlane-cli/node_modules/playwright-core/lib/server/protocolError.js'
]
fs.realpathSync [
  '/snapshot/dashlane-cli/node_modules/playwright-core/lib/server/webkit/wkPage.js'
]
fs.readFileSync [
  '/snapshot/dashlane-cli/node_modules/playwright-core/lib/server/webkit/wkPage.js',
  'utf8'
]
fs.readSync []
fs.realpathSync [
  '/snapshot/dashlane-cli/node_modules/playwright-core/lib/utilsBundle.js'
]
fs.realpathSync [
  '/snapshot/dashlane-cli/node_modules/playwright-core/lib/utils/stackTrace.js'
]
fs.realpathSync [
  '/snapshot/dashlane-cli/node_modules/playwright-core/lib/utils/hostPlatform.js'
]
fs.realpathSync [
  '/snapshot/dashlane-cli/node_modules/playwright-core/lib/server/dialog.js'
]
fs.realpathSync [
  '/snapshot/dashlane-cli/node_modules/playwright-core/lib/server/dom.js'
]
fs.realpathSync [
  '/snapshot/dashlane-cli/node_modules/playwright-core/lib/server/page.js'
]
fs.realpathSync [
  '/snapshot/dashlane-cli/node_modules/playwright-core/lib/server/webkit/wkAccessibility.js'
]
fs.readFileSync [
  '/snapshot/dashlane-cli/node_modules/playwright-core/lib/server/webkit/wkAccessibility.js',
  'utf8'
]
fs.readSync []
fs.realpathSync [
  '/snapshot/dashlane-cli/node_modules/playwright-core/lib/server/webkit/wkExecutionContext.js'
]
fs.readFileSync [
  '/snapshot/dashlane-cli/node_modules/playwright-core/lib/server/webkit/wkExecutionContext.js',
  'utf8'
]
fs.readSync []
fs.realpathSync [
  '/snapshot/dashlane-cli/node_modules/playwright-core/lib/server/javascript.js'
]
fs.realpathSync [
  '/snapshot/dashlane-cli/node_modules/playwright-core/lib/server/isomorphic/utilityScriptSerializers.js'
]
fs.realpathSync [
  '/snapshot/dashlane-cli/node_modules/playwright-core/lib/server/webkit/wkInput.js'
]
fs.readFileSync [
  '/snapshot/dashlane-cli/node_modules/playwright-core/lib/server/webkit/wkInput.js',
  'utf8'
]
fs.readSync []
fs.realpathSync [
  '/snapshot/dashlane-cli/node_modules/playwright-core/lib/server/input.js'
]
fs.realpathSync [
  '/snapshot/dashlane-cli/node_modules/playwright-core/lib/server/macEditingCommands.js'
]
fs.realpathSync [
  '/snapshot/dashlane-cli/node_modules/playwright-core/lib/server/webkit/wkInterceptableRequest.js'
]
fs.readFileSync [
  '/snapshot/dashlane-cli/node_modules/playwright-core/lib/server/webkit/wkInterceptableRequest.js',
  'utf8'
]
fs.readSync []
fs.realpathSync [
  '/snapshot/dashlane-cli/node_modules/playwright-core/lib/server/webkit/wkProvisionalPage.js'
]
fs.readFileSync [
  '/snapshot/dashlane-cli/node_modules/playwright-core/lib/server/webkit/wkProvisionalPage.js',
  'utf8'
]
fs.readSync []
fs.realpathSync [
  '/snapshot/dashlane-cli/node_modules/playwright-core/lib/server/webkit/wkWorkers.js'
]
fs.readFileSync [
  '/snapshot/dashlane-cli/node_modules/playwright-core/lib/server/webkit/wkWorkers.js',
  'utf8'
]
fs.readSync []
fs.realpathSync [
  '/snapshot/dashlane-cli/node_modules/playwright-core/lib/utils/manualPromise.js'
]
fs.realpathSync [
  '/snapshot/dashlane-cli/node_modules/playwright-core/lib/server/errors.js'
]
fs.realpathSync [
  '/snapshot/dashlane-cli/node_modules/playwright-core/lib/server/browserType.js'
]
fs.realpathSync [
  '/snapshot/dashlane-cli/node_modules/playwright-core/lib/server/debugController.js'
]
fs.readFileSync [
  '/snapshot/dashlane-cli/node_modules/playwright-core/lib/server/debugController.js',
  'utf8'
]
fs.readSync []
fs.realpathSync [
  '/snapshot/dashlane-cli/node_modules/playwright-core/lib/server/trace/viewer/traceViewer.js'
]
fs.readFileSync [
  '/snapshot/dashlane-cli/node_modules/playwright-core/lib/server/trace/viewer/traceViewer.js',
  'utf8'
]
fs.readSync []
fs.realpathSync [
  '/snapshot/dashlane-cli/node_modules/playwright-core/lib/utils/httpServer.js'
]
fs.realpathSync [
  '/snapshot/dashlane-cli/node_modules/playwright-core/lib/utils/index.js'
]
fs.realpathSync [
  '/snapshot/dashlane-cli/node_modules/playwright-core/lib/server/launchApp.js'
]
fs.realpathSync [
  '/snapshot/dashlane-cli/node_modules/playwright-core/lib/server/instrumentation.js'
]
fs.realpathSync [
  '/snapshot/dashlane-cli/node_modules/playwright-core/lib/server/playwright.js'
]
fs.realpathSync [
  '/snapshot/dashlane-cli/node_modules/playwright-core/lib/server/progress.js'
]
fs.realpathSync [
  '/snapshot/dashlane-cli/node_modules/playwright-core/lib/utilsBundle.js'
]
fs.realpathSync [
  '/snapshot/dashlane-cli/node_modules/playwright-core/lib/client/connection.js'
]
fs.readFileSync [
  '/snapshot/dashlane-cli/node_modules/playwright-core/lib/client/connection.js',
  'utf8'
]
fs.readSync []
fs.realpathSync [
  '/snapshot/dashlane-cli/node_modules/playwright-core/lib/client/browser.js'
]
fs.readFileSync [
  '/snapshot/dashlane-cli/node_modules/playwright-core/lib/client/browser.js',
  'utf8'
]
fs.readSync []
fs.realpathSync [
  '/snapshot/dashlane-cli/node_modules/playwright-core/lib/client/browserContext.js'
]
fs.readFileSync [
  '/snapshot/dashlane-cli/node_modules/playwright-core/lib/client/browserContext.js',
  'utf8'
]
fs.readSync []
fs.realpathSync [
  '/snapshot/dashlane-cli/node_modules/playwright-core/lib/client/page.js'
]
fs.readFileSync [
  '/snapshot/dashlane-cli/node_modules/playwright-core/lib/client/page.js',
  'utf8'
]
fs.readSync []
fs.realpathSync [
  '/snapshot/dashlane-cli/node_modules/playwright-core/lib/client/errors.js'
]
fs.readFileSync [
  '/snapshot/dashlane-cli/node_modules/playwright-core/lib/client/errors.js',
  'utf8'
]
fs.readSync []
fs.realpathSync [
  '/snapshot/dashlane-cli/node_modules/playwright-core/lib/utils/index.js'
]
fs.realpathSync [
  '/snapshot/dashlane-cli/node_modules/playwright-core/lib/protocol/serializers.js'
]
fs.realpathSync [
  '/snapshot/dashlane-cli/node_modules/playwright-core/lib/utils/network.js'
]
fs.realpathSync [
  '/snapshot/dashlane-cli/node_modules/playwright-core/lib/common/timeoutSettings.js'
]
fs.realpathSync [
  '/snapshot/dashlane-cli/node_modules/playwright-core/lib/utils/fileUtils.js'
]
fs.realpathSync [
  '/snapshot/dashlane-cli/node_modules/playwright-core/lib/client/accessibility.js'
]
fs.readFileSync [
  '/snapshot/dashlane-cli/node_modules/playwright-core/lib/client/accessibility.js',
  'utf8'
]
fs.readSync []
fs.realpathSync [
  '/snapshot/dashlane-cli/node_modules/playwright-core/lib/client/artifact.js'
]
fs.readFileSync [
  '/snapshot/dashlane-cli/node_modules/playwright-core/lib/client/artifact.js',
  'utf8'
]
fs.readSync []
fs.realpathSync [
  '/snapshot/dashlane-cli/node_modules/playwright-core/lib/client/stream.js'
]
fs.readFileSync [
  '/snapshot/dashlane-cli/node_modules/playwright-core/lib/client/stream.js',
  'utf8'
]
fs.readSync []
fs.realpathSync [
  '/snapshot/dashlane-cli/node_modules/playwright-core/lib/client/channelOwner.js'
]
fs.readFileSync [
  '/snapshot/dashlane-cli/node_modules/playwright-core/lib/client/channelOwner.js',
  'utf8'
]
fs.readSync []
fs.realpathSync [
  '/snapshot/dashlane-cli/node_modules/playwright-core/lib/protocol/validator.js'
]
fs.realpathSync [
  '/snapshot/dashlane-cli/node_modules/playwright-core/lib/utils/debugLogger.js'
]
fs.realpathSync [
  '/snapshot/dashlane-cli/node_modules/playwright-core/lib/utils/stackTrace.js'
]
fs.realpathSync [
  '/snapshot/dashlane-cli/node_modules/playwright-core/lib/utils/zones.js'
]
fs.realpathSync [
  '/snapshot/dashlane-cli/node_modules/playwright-core/lib/client/clientHelper.js'
]
fs.readFileSync [
  '/snapshot/dashlane-cli/node_modules/playwright-core/lib/client/clientHelper.js',
  'utf8'
]
fs.readSync []
fs.realpathSync [
  '/snapshot/dashlane-cli/node_modules/playwright-core/lib/client/coverage.js'
]
fs.readFileSync [
  '/snapshot/dashlane-cli/node_modules/playwright-core/lib/client/coverage.js',
  'utf8'
]
fs.readSync []
fs.realpathSync [
  '/snapshot/dashlane-cli/node_modules/playwright-core/lib/client/download.js'
]
fs.readFileSync [
  '/snapshot/dashlane-cli/node_modules/playwright-core/lib/client/download.js',
  'utf8'
]
fs.readSync []
fs.realpathSync [
  '/snapshot/dashlane-cli/node_modules/playwright-core/lib/client/elementHandle.js'
]
fs.readFileSync [
  '/snapshot/dashlane-cli/node_modules/playwright-core/lib/client/elementHandle.js',
  'utf8'
]
fs.readSync []
fs.realpathSync [
  '/snapshot/dashlane-cli/node_modules/playwright-core/lib/client/frame.js'
]
fs.readFileSync [
  '/snapshot/dashlane-cli/node_modules/playwright-core/lib/client/frame.js',
  'utf8'
]
fs.readSync []
fs.realpathSync [
  '/snapshot/dashlane-cli/node_modules/playwright-core/lib/client/locator.js'
]
fs.readFileSync [
  '/snapshot/dashlane-cli/node_modules/playwright-core/lib/client/locator.js',
  'utf8'
]
fs.readSync []
fs.realpathSync [
  '/snapshot/dashlane-cli/node_modules/playwright-core/lib/client/jsHandle.js'
]
fs.readFileSync [
  '/snapshot/dashlane-cli/node_modules/playwright-core/lib/client/jsHandle.js',
  'utf8'
]
fs.readSync []
fs.realpathSync [
  '/snapshot/dashlane-cli/node_modules/playwright-core/lib/utils/isomorphic/stringUtils.js'
]
fs.realpathSync [
  '/snapshot/dashlane-cli/node_modules/playwright-core/lib/utils/isomorphic/locatorUtils.js'
]
fs.readFileSync [
  '/snapshot/dashlane-cli/node_modules/playwright-core/lib/utils/isomorphic/locatorUtils.js',
  'utf8'
]
fs.readSync []
fs.realpathSync [
  '/snapshot/dashlane-cli/node_modules/playwright-core/lib/client/network.js'
]
fs.readFileSync [
  '/snapshot/dashlane-cli/node_modules/playwright-core/lib/client/network.js',
  'utf8'
]
fs.readSync []
fs.realpathSync [
  '/snapshot/dashlane-cli/node_modules/playwright-core/lib/client/worker.js'
]
fs.readFileSync [
  '/snapshot/dashlane-cli/node_modules/playwright-core/lib/client/worker.js',
  'utf8'
]
fs.readSync []
fs.realpathSync [
  '/snapshot/dashlane-cli/node_modules/playwright-core/lib/client/events.js'
]
fs.readFileSync [
  '/snapshot/dashlane-cli/node_modules/playwright-core/lib/client/events.js',
  'utf8'
]
fs.readSync []
fs.realpathSync [
  '/snapshot/dashlane-cli/node_modules/playwright-core/lib/utilsBundle.js'
]
fs.realpathSync [
  '/snapshot/dashlane-cli/node_modules/playwright-core/lib/utils/manualPromise.js'
]
fs.realpathSync [
  '/snapshot/dashlane-cli/node_modules/playwright-core/lib/client/waiter.js'
]
fs.readFileSync [
  '/snapshot/dashlane-cli/node_modules/playwright-core/lib/client/waiter.js',
  'utf8'
]
fs.readSync []
fs.realpathSync [
  '/snapshot/dashlane-cli/node_modules/playwright-core/lib/utils/multimap.js'
]
fs.realpathSync [
  '/snapshot/dashlane-cli/node_modules/playwright-core/lib/client/fetch.js'
]
fs.readFileSync [
  '/snapshot/dashlane-cli/node_modules/playwright-core/lib/client/fetch.js',
  'utf8'
]
fs.readSync []
fs.realpathSync [
  '/snapshot/dashlane-cli/node_modules/playwright-core/lib/client/tracing.js'
]
fs.readFileSync [
  '/snapshot/dashlane-cli/node_modules/playwright-core/lib/client/tracing.js',
  'utf8'
]
fs.readSync []
fs.realpathSync [
  '/snapshot/dashlane-cli/node_modules/playwright-core/lib/client/types.js'
]
fs.readFileSync [
  '/snapshot/dashlane-cli/node_modules/playwright-core/lib/client/types.js',
  'utf8'
]
fs.readSync []
fs.realpathSync [
  '/snapshot/dashlane-cli/node_modules/playwright-core/lib/client/writableStream.js'
]
fs.readFileSync [
  '/snapshot/dashlane-cli/node_modules/playwright-core/lib/client/writableStream.js',
  'utf8'
]
fs.readSync []
fs.realpathSync [
  '/snapshot/dashlane-cli/node_modules/playwright-core/lib/client/fileChooser.js'
]
fs.readFileSync [
  '/snapshot/dashlane-cli/node_modules/playwright-core/lib/client/fileChooser.js',
  'utf8'
]
fs.readSync []
fs.realpathSync [
  '/snapshot/dashlane-cli/node_modules/playwright-core/lib/client/input.js'
]
fs.readFileSync [
  '/snapshot/dashlane-cli/node_modules/playwright-core/lib/client/input.js',
  'utf8'
]
fs.readSync []
fs.realpathSync [
  '/snapshot/dashlane-cli/node_modules/playwright-core/lib/client/video.js'
]
fs.readFileSync [
  '/snapshot/dashlane-cli/node_modules/playwright-core/lib/client/video.js',
  'utf8'
]
fs.readSync []
fs.realpathSync [
  '/snapshot/dashlane-cli/node_modules/playwright-core/lib/client/harRouter.js'
]
fs.readFileSync [
  '/snapshot/dashlane-cli/node_modules/playwright-core/lib/client/harRouter.js',
  'utf8'
]
fs.readSync []
fs.realpathSync [
  '/snapshot/dashlane-cli/node_modules/playwright-core/lib/client/cdpSession.js'
]
fs.readFileSync [
  '/snapshot/dashlane-cli/node_modules/playwright-core/lib/client/cdpSession.js',
  'utf8'
]
fs.readSync []
fs.realpathSync [
  '/snapshot/dashlane-cli/node_modules/playwright-core/lib/client/consoleMessage.js'
]
fs.readFileSync [
  '/snapshot/dashlane-cli/node_modules/playwright-core/lib/client/consoleMessage.js',
  'utf8'
]
fs.readSync []
fs.realpathSync [
  '/snapshot/dashlane-cli/node_modules/playwright-core/lib/client/dialog.js'
]
fs.readFileSync [
  '/snapshot/dashlane-cli/node_modules/playwright-core/lib/client/dialog.js',
  'utf8'
]
fs.readSync []
fs.realpathSync [
  '/snapshot/dashlane-cli/node_modules/playwright-core/lib/client/webError.js'
]
fs.readFileSync [
  '/snapshot/dashlane-cli/node_modules/playwright-core/lib/client/webError.js',
  'utf8'
]
fs.readSync []
fs.realpathSync [
  '/snapshot/dashlane-cli/node_modules/playwright-core/lib/client/browserType.js'
]
fs.readFileSync [
  '/snapshot/dashlane-cli/node_modules/playwright-core/lib/client/browserType.js',
  'utf8'
]
fs.readSync []
fs.realpathSync [
  '/snapshot/dashlane-cli/node_modules/playwright-core/lib/client/connection.js'
]
fs.realpathSync [
  '/snapshot/dashlane-cli/node_modules/playwright-core/lib/utils/timeoutRunner.js'
]
fs.realpathSync [
  '/snapshot/dashlane-cli/node_modules/playwright-core/lib/client/playwright.js'
]
fs.readFileSync [
  '/snapshot/dashlane-cli/node_modules/playwright-core/lib/client/playwright.js',
  'utf8'
]
fs.readSync []
fs.realpathSync [
  '/snapshot/dashlane-cli/node_modules/playwright-core/lib/client/android.js'
]
fs.readFileSync [
  '/snapshot/dashlane-cli/node_modules/playwright-core/lib/client/android.js',
  'utf8'
]
fs.readSync []
fs.realpathSync [
  '/snapshot/dashlane-cli/node_modules/playwright-core/lib/client/electron.js'
]
fs.readFileSync [
  '/snapshot/dashlane-cli/node_modules/playwright-core/lib/client/electron.js',
  'utf8'
]
fs.readSync []
fs.realpathSync [
  '/snapshot/dashlane-cli/node_modules/playwright-core/lib/client/selectors.js'
]
fs.readFileSync [
  '/snapshot/dashlane-cli/node_modules/playwright-core/lib/client/selectors.js',
  'utf8'
]
fs.readSync []
fs.realpathSync [
  '/snapshot/dashlane-cli/node_modules/playwright-core/lib/client/jsonPipe.js'
]
fs.readFileSync [
  '/snapshot/dashlane-cli/node_modules/playwright-core/lib/client/jsonPipe.js',
  'utf8'
]
fs.readSync []
fs.realpathSync [
  '/snapshot/dashlane-cli/node_modules/playwright-core/lib/client/localUtils.js'
]
fs.readFileSync [
  '/snapshot/dashlane-cli/node_modules/playwright-core/lib/client/localUtils.js',
  'utf8'
]
fs.readSync []
fs.realpathSync [
  '/snapshot/dashlane-cli/node_modules/playwright-core/lib/client/clientInstrumentation.js'
]
fs.readFileSync [
  '/snapshot/dashlane-cli/node_modules/playwright-core/lib/client/clientInstrumentation.js',
  'utf8'
]
fs.readSync []
fs.realpathSync [
  '/snapshot/dashlane-cli/node_modules/playwright-core/lib/browserServerImpl.js'
]
fs.readFileSync [
  '/snapshot/dashlane-cli/node_modules/playwright-core/lib/browserServerImpl.js',
  'utf8'
]
fs.readSync []
fs.realpathSync [
  '/snapshot/dashlane-cli/node_modules/playwright-core/lib/utilsBundle.js'
]
fs.realpathSync [
  '/snapshot/dashlane-cli/node_modules/playwright-core/lib/client/clientHelper.js'
]
fs.realpathSync [
  '/snapshot/dashlane-cli/node_modules/playwright-core/lib/utils/index.js'
]
fs.realpathSync [
  '/snapshot/dashlane-cli/node_modules/playwright-core/lib/server/instrumentation.js'
]
fs.realpathSync [
  '/snapshot/dashlane-cli/node_modules/playwright-core/lib/server/playwright.js'
]
fs.realpathSync [
  '/snapshot/dashlane-cli/node_modules/playwright-core/lib/remote/playwrightServer.js'
]
fs.readFileSync [
  '/snapshot/dashlane-cli/node_modules/playwright-core/lib/remote/playwrightServer.js',
  'utf8'
]
fs.readSync []
fs.realpathSync [
  '/snapshot/dashlane-cli/node_modules/playwright-core/lib/server/playwright.js'
]
fs.realpathSync [
  '/snapshot/dashlane-cli/node_modules/playwright-core/lib/remote/playwrightConnection.js'
]
fs.readFileSync [
  '/snapshot/dashlane-cli/node_modules/playwright-core/lib/remote/playwrightConnection.js',
  'utf8'
]
fs.readSync []
fs.realpathSync [
  '/snapshot/dashlane-cli/node_modules/playwright-core/lib/server/index.js'
]
fs.realpathSync [
  '/snapshot/dashlane-cli/node_modules/playwright-core/lib/server/browser.js'
]
fs.realpathSync [
  '/snapshot/dashlane-cli/node_modules/playwright-core/lib/server/instrumentation.js'
]
fs.realpathSync [
  '/snapshot/dashlane-cli/node_modules/playwright-core/lib/common/socksProxy.js'
]
fs.realpathSync [
  '/snapshot/dashlane-cli/node_modules/playwright-core/lib/utils/index.js'
]
fs.realpathSync [
  '/snapshot/dashlane-cli/node_modules/playwright-core/lib/server/android/android.js'
]
fs.realpathSync [
  '/snapshot/dashlane-cli/node_modules/playwright-core/lib/server/dispatchers/debugControllerDispatcher.js'
]
fs.readFileSync [
  '/snapshot/dashlane-cli/node_modules/playwright-core/lib/server/dispatchers/debugControllerDispatcher.js',
  'utf8'
]
fs.readSync []
fs.realpathSync [
  '/snapshot/dashlane-cli/node_modules/playwright-core/lib/server/debugController.js'
]
fs.realpathSync [
  '/snapshot/dashlane-cli/node_modules/playwright-core/lib/utils/debugLogger.js'
]
fs.realpathSync [
  '/snapshot/dashlane-cli/node_modules/playwright-core/lib/utils/semaphore.js'
]
fs.realpathSync [
  '/snapshot/dashlane-cli/node_modules/playwright-core/lib/utils/wsServer.js'
]
fs.realpathSync [
  '/snapshot/dashlane-cli/node_modules/playwright-core/lib/server/helper.js'
]
fs.realpathSync [
  '/snapshot/dashlane-cli/node_modules/playwright-core/lib/utils/stackTrace.js'
]
fs.realpathSync [
  '/snapshot/dashlane-cli/node_modules/playwright-core/lib/common/socksProxy.js'
]
fs.realpathSync [
  '/snapshot/dashlane-cli/node_modules/playwright-core/lib/androidServerImpl.js'
]
fs.readFileSync [
  '/snapshot/dashlane-cli/node_modules/playwright-core/lib/androidServerImpl.js',
  'utf8'
]
fs.readSync []
fs.realpathSync [
  '/snapshot/dashlane-cli/node_modules/playwright-core/lib/server/deviceDescriptors.js'
]
fs.readFileSync [
  '/snapshot/dashlane-cli/node_modules/playwright-core/lib/server/deviceDescriptors.js',
  'utf8'
]
fs.readSync []
fs.realpathSync [
  '/snapshot/dashlane-cli/node_modules/playwright-core/lib/server/deviceDescriptorsSource.json'
]
fs.readSync []
fs.realpathSync [
  '/snapshot/dashlane-cli/node_modules/@dashlane/nsm-attestation/dist/index.js'
]
fs.readFileSync [
  '/snapshot/dashlane-cli/node_modules/@dashlane/nsm-attestation/dist/index.js',
  'utf8'
]
fs.readSync []
fs.realpathSync [
  '/snapshot/dashlane-cli/node_modules/@dashlane/nsm-attestation/dist/mockAttestation.js'
]
fs.readFileSync [
  '/snapshot/dashlane-cli/node_modules/@dashlane/nsm-attestation/dist/mockAttestation.js',
  'utf8'
]
fs.readSync []
fs.readSync []
fs.realpathSync [ '/snapshot/dashlane-cli/node_modules/cbor/lib/cbor.js' ]
fs.readFileSync [ '/snapshot/dashlane-cli/node_modules/cbor/lib/cbor.js', 'utf8' ]
fs.readSync []
fs.realpathSync [ '/snapshot/dashlane-cli/node_modules/cbor/lib/commented.js' ]
fs.readFileSync [ '/snapshot/dashlane-cli/node_modules/cbor/lib/commented.js', 'utf8' ]
fs.readSync []
fs.realpathSync [ '/snapshot/dashlane-cli/node_modules/cbor/lib/utils.js' ]
fs.readFileSync [ '/snapshot/dashlane-cli/node_modules/cbor/lib/utils.js', 'utf8' ]
fs.readSync []
fs.readSync []
fs.realpathSync [ '/snapshot/dashlane-cli/node_modules/nofilter/lib/index.js' ]
fs.readFileSync [ '/snapshot/dashlane-cli/node_modules/nofilter/lib/index.js', 'utf8' ]
fs.readSync []
fs.realpathSync [ '/snapshot/dashlane-cli/node_modules/cbor/lib/constants.js' ]
fs.readFileSync [ '/snapshot/dashlane-cli/node_modules/cbor/lib/constants.js', 'utf8' ]
fs.readSync []
fs.realpathSync [ '/snapshot/dashlane-cli/node_modules/cbor/lib/decoder.js' ]
fs.readFileSync [ '/snapshot/dashlane-cli/node_modules/cbor/lib/decoder.js', 'utf8' ]
fs.readSync []
fs.realpathSync [
  '/snapshot/dashlane-cli/node_modules/cbor/vendor/binary-parse-stream/index.js'
]
fs.readFileSync [
  '/snapshot/dashlane-cli/node_modules/cbor/vendor/binary-parse-stream/index.js',
  'utf8'
]
fs.readSync []
fs.realpathSync [ '/snapshot/dashlane-cli/node_modules/nofilter/lib/index.js' ]
fs.realpathSync [ '/snapshot/dashlane-cli/node_modules/cbor/lib/tagged.js' ]
fs.readFileSync [ '/snapshot/dashlane-cli/node_modules/cbor/lib/tagged.js', 'utf8' ]
fs.readSync []
fs.realpathSync [ '/snapshot/dashlane-cli/node_modules/cbor/lib/simple.js' ]
fs.readFileSync [ '/snapshot/dashlane-cli/node_modules/cbor/lib/simple.js', 'utf8' ]
fs.readSync []
fs.realpathSync [ '/snapshot/dashlane-cli/node_modules/cbor/lib/diagnose.js' ]
fs.readFileSync [ '/snapshot/dashlane-cli/node_modules/cbor/lib/diagnose.js', 'utf8' ]
fs.readSync []
fs.realpathSync [ '/snapshot/dashlane-cli/node_modules/cbor/lib/encoder.js' ]
fs.readFileSync [ '/snapshot/dashlane-cli/node_modules/cbor/lib/encoder.js', 'utf8' ]
fs.readSync []
fs.realpathSync [ '/snapshot/dashlane-cli/node_modules/cbor/lib/map.js' ]
fs.readFileSync [ '/snapshot/dashlane-cli/node_modules/cbor/lib/map.js', 'utf8' ]
fs.readSync []
fs.realpathSync [
  '/snapshot/dashlane-cli/node_modules/cbor/lib/sharedValueEncoder.js'
]
fs.readFileSync [
  '/snapshot/dashlane-cli/node_modules/cbor/lib/sharedValueEncoder.js',
  'utf8'
]
fs.readSync []
fs.realpathSync [ '/snapshot/dashlane-cli/node_modules/cbor/lib/objectRecorder.js' ]
fs.readFileSync [
  '/snapshot/dashlane-cli/node_modules/cbor/lib/objectRecorder.js',
  'utf8'
]
fs.readSync []
fs.readSync []
fs.realpathSync [ '/snapshot/dashlane-cli/node_modules/cose-js/lib/index.js' ]
fs.readFileSync [ '/snapshot/dashlane-cli/node_modules/cose-js/lib/index.js', 'utf8' ]
fs.readSync []
fs.realpathSync [ '/snapshot/dashlane-cli/node_modules/cose-js/lib/common.js' ]
fs.readFileSync [ '/snapshot/dashlane-cli/node_modules/cose-js/lib/common.js', 'utf8' ]
fs.readSync []
fs.realpathSync [ '/snapshot/dashlane-cli/node_modules/cose-js/lib/mac.js' ]
fs.readFileSync [ '/snapshot/dashlane-cli/node_modules/cose-js/lib/mac.js', 'utf8' ]
fs.readSync []
fs.readSync []
fs.realpathSync [
  '/snapshot/dashlane-cli/node_modules/cose-js/node_modules/cbor/lib/cbor.js'
]
fs.readFileSync [
  '/snapshot/dashlane-cli/node_modules/cose-js/node_modules/cbor/lib/cbor.js',
  'utf8'
]
fs.readSync []
fs.realpathSync [
  '/snapshot/dashlane-cli/node_modules/cose-js/node_modules/cbor/lib/commented.js'
]
fs.readFileSync [
  '/snapshot/dashlane-cli/node_modules/cose-js/node_modules/cbor/lib/commented.js',
  'utf8'
]
fs.readSync []
fs.realpathSync [
  '/snapshot/dashlane-cli/node_modules/cose-js/node_modules/cbor/lib/utils.js'
]
fs.readFileSync [
  '/snapshot/dashlane-cli/node_modules/cose-js/node_modules/cbor/lib/utils.js',
  'utf8'
]
fs.readSync []
fs.realpathSync [ '/snapshot/dashlane-cli/node_modules/nofilter/lib/index.js' ]
fs.realpathSync [
  '/snapshot/dashlane-cli/node_modules/cose-js/node_modules/cbor/lib/constants.js'
]
fs.readFileSync [
  '/snapshot/dashlane-cli/node_modules/cose-js/node_modules/cbor/lib/constants.js',
  'utf8'
]
fs.readSync []
fs.realpathSync [
  '/snapshot/dashlane-cli/node_modules/cose-js/node_modules/cbor/lib/decoder.js'
]
fs.readFileSync [
  '/snapshot/dashlane-cli/node_modules/cose-js/node_modules/cbor/lib/decoder.js',
  'utf8'
]
fs.readSync []
fs.realpathSync [
  '/snapshot/dashlane-cli/node_modules/cose-js/node_modules/cbor/vendor/binary-parse-stream/index.js'
]
fs.readFileSync [
  '/snapshot/dashlane-cli/node_modules/cose-js/node_modules/cbor/vendor/binary-parse-stream/index.js',
  'utf8'
]
fs.readSync []
fs.realpathSync [ '/snapshot/dashlane-cli/node_modules/nofilter/lib/index.js' ]
fs.realpathSync [
  '/snapshot/dashlane-cli/node_modules/cose-js/node_modules/cbor/lib/tagged.js'
]
fs.readFileSync [
  '/snapshot/dashlane-cli/node_modules/cose-js/node_modules/cbor/lib/tagged.js',
  'utf8'
]
fs.readSync []
fs.realpathSync [
  '/snapshot/dashlane-cli/node_modules/cose-js/node_modules/cbor/lib/simple.js'
]
fs.readFileSync [
  '/snapshot/dashlane-cli/node_modules/cose-js/node_modules/cbor/lib/simple.js',
  'utf8'
]
fs.readSync []
fs.realpathSync [
  '/snapshot/dashlane-cli/node_modules/cose-js/node_modules/cbor/lib/diagnose.js'
]
fs.readFileSync [
  '/snapshot/dashlane-cli/node_modules/cose-js/node_modules/cbor/lib/diagnose.js',
  'utf8'
]
fs.readSync []
fs.realpathSync [
  '/snapshot/dashlane-cli/node_modules/cose-js/node_modules/cbor/lib/encoder.js'
]
fs.readFileSync [
  '/snapshot/dashlane-cli/node_modules/cose-js/node_modules/cbor/lib/encoder.js',
  'utf8'
]
fs.readSync []
fs.realpathSync [
  '/snapshot/dashlane-cli/node_modules/cose-js/node_modules/cbor/lib/map.js'
]
fs.readFileSync [
  '/snapshot/dashlane-cli/node_modules/cose-js/node_modules/cbor/lib/map.js',
  'utf8'
]
fs.readSync []
fs.readSync []
fs.realpathSync [ '/snapshot/dashlane-cli/node_modules/aes-cbc-mac/lib/index.js' ]
fs.readFileSync [
  '/snapshot/dashlane-cli/node_modules/aes-cbc-mac/lib/index.js',
  'utf8'
]
fs.readSync []
fs.readSync []
fs.realpathSync [ '/snapshot/dashlane-cli/node_modules/any-promise/index.js' ]
fs.readFileSync [ '/snapshot/dashlane-cli/node_modules/any-promise/index.js', 'utf8' ]
fs.readSync []
fs.realpathSync [ '/snapshot/dashlane-cli/node_modules/any-promise/register.js' ]
fs.readFileSync [
  '/snapshot/dashlane-cli/node_modules/any-promise/register.js',
  'utf8'
]
fs.readSync []
fs.realpathSync [ '/snapshot/dashlane-cli/node_modules/any-promise/loader.js' ]
fs.readFileSync [ '/snapshot/dashlane-cli/node_modules/any-promise/loader.js', 'utf8' ]
fs.readSync []
fs.realpathSync [ '/snapshot/dashlane-cli/node_modules/cose-js/lib/sign.js' ]
fs.readFileSync [ '/snapshot/dashlane-cli/node_modules/cose-js/lib/sign.js', 'utf8' ]
fs.readSync []
fs.readSync []
fs.realpathSync [ '/snapshot/dashlane-cli/node_modules/elliptic/lib/elliptic.js' ]
fs.readFileSync [
  '/snapshot/dashlane-cli/node_modules/elliptic/lib/elliptic.js',
  'utf8'
]
fs.readSync []
fs.realpathSync [ '/snapshot/dashlane-cli/node_modules/elliptic/package.json' ]
fs.readFileSync [ '/snapshot/dashlane-cli/node_modules/elliptic/package.json', 'utf8' ]
fs.readSync []
fs.realpathSync [
  '/snapshot/dashlane-cli/node_modules/elliptic/lib/elliptic/utils.js'
]
fs.readFileSync [
  '/snapshot/dashlane-cli/node_modules/elliptic/lib/elliptic/utils.js',
  'utf8'
]
fs.readSync []
fs.readSync []
fs.realpathSync [ '/snapshot/dashlane-cli/node_modules/bn.js/lib/bn.js' ]
fs.readFileSync [ '/snapshot/dashlane-cli/node_modules/bn.js/lib/bn.js', 'utf8' ]
fs.readSync []
fs.readSync []
fs.realpathSync [ '/snapshot/dashlane-cli/node_modules/minimalistic-assert/index.js' ]
fs.readFileSync [
  '/snapshot/dashlane-cli/node_modules/minimalistic-assert/index.js',
  'utf8'
]
fs.readSync []
fs.readSync []
fs.realpathSync [
  '/snapshot/dashlane-cli/node_modules/minimalistic-crypto-utils/lib/utils.js'
]
fs.readFileSync [
  '/snapshot/dashlane-cli/node_modules/minimalistic-crypto-utils/lib/utils.js',
  'utf8'
]
fs.readSync []
fs.readSync []
fs.realpathSync [ '/snapshot/dashlane-cli/node_modules/brorand/index.js' ]
fs.readFileSync [ '/snapshot/dashlane-cli/node_modules/brorand/index.js', 'utf8' ]
fs.readSync []
fs.realpathSync [
  '/snapshot/dashlane-cli/node_modules/elliptic/lib/elliptic/curve/index.js'
]
fs.readFileSync [
  '/snapshot/dashlane-cli/node_modules/elliptic/lib/elliptic/curve/index.js',
  'utf8'
]
fs.readSync []
fs.realpathSync [
  '/snapshot/dashlane-cli/node_modules/elliptic/lib/elliptic/curve/base.js'
]
fs.readFileSync [
  '/snapshot/dashlane-cli/node_modules/elliptic/lib/elliptic/curve/base.js',
  'utf8'
]
fs.readSync []
fs.realpathSync [ '/snapshot/dashlane-cli/node_modules/bn.js/lib/bn.js' ]
fs.realpathSync [
  '/snapshot/dashlane-cli/node_modules/elliptic/lib/elliptic/utils.js'
]
fs.realpathSync [
  '/snapshot/dashlane-cli/node_modules/elliptic/lib/elliptic/curve/short.js'
]
fs.readFileSync [
  '/snapshot/dashlane-cli/node_modules/elliptic/lib/elliptic/curve/short.js',
  'utf8'
]
fs.readSync []
fs.readSync []
fs.realpathSync [ '/snapshot/dashlane-cli/node_modules/inherits/inherits.js' ]
fs.readFileSync [ '/snapshot/dashlane-cli/node_modules/inherits/inherits.js', 'utf8' ]
fs.readSync []
fs.realpathSync [
  '/snapshot/dashlane-cli/node_modules/elliptic/lib/elliptic/curve/mont.js'
]
fs.readFileSync [
  '/snapshot/dashlane-cli/node_modules/elliptic/lib/elliptic/curve/mont.js',
  'utf8'
]
fs.readSync []
fs.realpathSync [
  '/snapshot/dashlane-cli/node_modules/elliptic/lib/elliptic/curve/edwards.js'
]
fs.readFileSync [
  '/snapshot/dashlane-cli/node_modules/elliptic/lib/elliptic/curve/edwards.js',
  'utf8'
]
fs.readSync []
fs.realpathSync [
  '/snapshot/dashlane-cli/node_modules/elliptic/lib/elliptic/curves.js'
]
fs.readFileSync [
  '/snapshot/dashlane-cli/node_modules/elliptic/lib/elliptic/curves.js',
  'utf8'
]
fs.readSync []
fs.readSync []
fs.realpathSync [ '/snapshot/dashlane-cli/node_modules/hash.js/lib/hash.js' ]
fs.readFileSync [ '/snapshot/dashlane-cli/node_modules/hash.js/lib/hash.js', 'utf8' ]
fs.readSync []
fs.realpathSync [ '/snapshot/dashlane-cli/node_modules/hash.js/lib/hash/utils.js' ]
fs.readFileSync [
  '/snapshot/dashlane-cli/node_modules/hash.js/lib/hash/utils.js',
  'utf8'
]
fs.readSync []
fs.realpathSync [ '/snapshot/dashlane-cli/node_modules/minimalistic-assert/index.js' ]
fs.realpathSync [ '/snapshot/dashlane-cli/node_modules/inherits/inherits.js' ]
fs.realpathSync [ '/snapshot/dashlane-cli/node_modules/hash.js/lib/hash/common.js' ]
fs.readFileSync [
  '/snapshot/dashlane-cli/node_modules/hash.js/lib/hash/common.js',
  'utf8'
]
fs.readSync []
fs.realpathSync [ '/snapshot/dashlane-cli/node_modules/hash.js/lib/hash/utils.js' ]
fs.realpathSync [ '/snapshot/dashlane-cli/node_modules/hash.js/lib/hash/sha.js' ]
fs.readFileSync [
  '/snapshot/dashlane-cli/node_modules/hash.js/lib/hash/sha.js',
  'utf8'
]
fs.readSync []
fs.realpathSync [ '/snapshot/dashlane-cli/node_modules/hash.js/lib/hash/sha/1.js' ]
fs.readFileSync [
  '/snapshot/dashlane-cli/node_modules/hash.js/lib/hash/sha/1.js',
  'utf8'
]
fs.readSync []
fs.realpathSync [ '/snapshot/dashlane-cli/node_modules/hash.js/lib/hash/utils.js' ]
fs.realpathSync [ '/snapshot/dashlane-cli/node_modules/hash.js/lib/hash/common.js' ]
fs.realpathSync [
  '/snapshot/dashlane-cli/node_modules/hash.js/lib/hash/sha/common.js'
]
fs.readFileSync [
  '/snapshot/dashlane-cli/node_modules/hash.js/lib/hash/sha/common.js',
  'utf8'
]
fs.readSync []
fs.realpathSync [ '/snapshot/dashlane-cli/node_modules/hash.js/lib/hash/sha/224.js' ]
fs.readFileSync [
  '/snapshot/dashlane-cli/node_modules/hash.js/lib/hash/sha/224.js',
  'utf8'
]
fs.readSync []
fs.realpathSync [ '/snapshot/dashlane-cli/node_modules/hash.js/lib/hash/sha/256.js' ]
fs.readFileSync [
  '/snapshot/dashlane-cli/node_modules/hash.js/lib/hash/sha/256.js',
  'utf8'
]
fs.readSync []
fs.realpathSync [ '/snapshot/dashlane-cli/node_modules/minimalistic-assert/index.js' ]
fs.realpathSync [ '/snapshot/dashlane-cli/node_modules/hash.js/lib/hash/sha/256.js' ]
fs.realpathSync [ '/snapshot/dashlane-cli/node_modules/hash.js/lib/hash/sha/384.js' ]
fs.readFileSync [
  '/snapshot/dashlane-cli/node_modules/hash.js/lib/hash/sha/384.js',
  'utf8'
]
fs.readSync []
fs.realpathSync [ '/snapshot/dashlane-cli/node_modules/hash.js/lib/hash/sha/512.js' ]
fs.readFileSync [
  '/snapshot/dashlane-cli/node_modules/hash.js/lib/hash/sha/512.js',
  'utf8'
]
fs.readSync []
fs.realpathSync [ '/snapshot/dashlane-cli/node_modules/hash.js/lib/hash/sha/512.js' ]
fs.realpathSync [ '/snapshot/dashlane-cli/node_modules/hash.js/lib/hash/ripemd.js' ]
fs.readFileSync [
  '/snapshot/dashlane-cli/node_modules/hash.js/lib/hash/ripemd.js',
  'utf8'
]
fs.readSync []
fs.realpathSync [ '/snapshot/dashlane-cli/node_modules/hash.js/lib/hash/common.js' ]
fs.realpathSync [ '/snapshot/dashlane-cli/node_modules/hash.js/lib/hash/hmac.js' ]
fs.readFileSync [
  '/snapshot/dashlane-cli/node_modules/hash.js/lib/hash/hmac.js',
  'utf8'
]
fs.readSync []
fs.realpathSync [
  '/snapshot/dashlane-cli/node_modules/elliptic/lib/elliptic/curve/index.js'
]
fs.realpathSync [
  '/snapshot/dashlane-cli/node_modules/elliptic/lib/elliptic/utils.js'
]
fs.realpathSync [
  '/snapshot/dashlane-cli/node_modules/elliptic/lib/elliptic/precomputed/secp256k1.js'
]
fs.readFileSync [
  '/snapshot/dashlane-cli/node_modules/elliptic/lib/elliptic/precomputed/secp256k1.js',
  'utf8'
]
fs.readSync []
fs.realpathSync [
  '/snapshot/dashlane-cli/node_modules/elliptic/lib/elliptic/ec/index.js'
]
fs.readFileSync [
  '/snapshot/dashlane-cli/node_modules/elliptic/lib/elliptic/ec/index.js',
  'utf8'
]
fs.readSync []
fs.realpathSync [ '/snapshot/dashlane-cli/node_modules/bn.js/lib/bn.js' ]
fs.readSync []
fs.realpathSync [ '/snapshot/dashlane-cli/node_modules/hmac-drbg/lib/hmac-drbg.js' ]
fs.readFileSync [
  '/snapshot/dashlane-cli/node_modules/hmac-drbg/lib/hmac-drbg.js',
  'utf8'
]
fs.readSync []
fs.realpathSync [ '/snapshot/dashlane-cli/node_modules/hash.js/lib/hash.js' ]
fs.realpathSync [
  '/snapshot/dashlane-cli/node_modules/minimalistic-crypto-utils/lib/utils.js'
]
fs.realpathSync [ '/snapshot/dashlane-cli/node_modules/minimalistic-assert/index.js' ]
fs.realpathSync [
  '/snapshot/dashlane-cli/node_modules/elliptic/lib/elliptic/utils.js'
]
fs.realpathSync [
  '/snapshot/dashlane-cli/node_modules/elliptic/lib/elliptic/curves.js'
]
fs.realpathSync [ '/snapshot/dashlane-cli/node_modules/brorand/index.js' ]
fs.realpathSync [
  '/snapshot/dashlane-cli/node_modules/elliptic/lib/elliptic/ec/key.js'
]
fs.readFileSync [
  '/snapshot/dashlane-cli/node_modules/elliptic/lib/elliptic/ec/key.js',
  'utf8'
]
fs.readSync []
fs.realpathSync [
  '/snapshot/dashlane-cli/node_modules/elliptic/lib/elliptic/ec/signature.js'
]
fs.readFileSync [
  '/snapshot/dashlane-cli/node_modules/elliptic/lib/elliptic/ec/signature.js',
  'utf8'
]
fs.readSync []
fs.realpathSync [
  '/snapshot/dashlane-cli/node_modules/elliptic/lib/elliptic/eddsa/index.js'
]
fs.readFileSync [
  '/snapshot/dashlane-cli/node_modules/elliptic/lib/elliptic/eddsa/index.js',
  'utf8'
]
fs.readSync []
fs.realpathSync [ '/snapshot/dashlane-cli/node_modules/hash.js/lib/hash.js' ]
fs.realpathSync [
  '/snapshot/dashlane-cli/node_modules/elliptic/lib/elliptic/curves.js'
]
fs.realpathSync [
  '/snapshot/dashlane-cli/node_modules/elliptic/lib/elliptic/utils.js'
]
fs.realpathSync [
  '/snapshot/dashlane-cli/node_modules/elliptic/lib/elliptic/eddsa/key.js'
]
fs.readFileSync [
  '/snapshot/dashlane-cli/node_modules/elliptic/lib/elliptic/eddsa/key.js',
  'utf8'
]
fs.readSync []
fs.realpathSync [
  '/snapshot/dashlane-cli/node_modules/elliptic/lib/elliptic/eddsa/signature.js'
]
fs.readFileSync [
  '/snapshot/dashlane-cli/node_modules/elliptic/lib/elliptic/eddsa/signature.js',
  'utf8'
]
fs.readSync []
fs.realpathSync [ '/snapshot/dashlane-cli/node_modules/bn.js/lib/bn.js' ]
fs.readSync []
fs.realpathSync [ '/snapshot/dashlane-cli/node_modules/node-rsa/src/NodeRSA.js' ]
fs.readFileSync [
  '/snapshot/dashlane-cli/node_modules/node-rsa/src/NodeRSA.js',
  'utf8'
]
fs.readSync []
fs.realpathSync [ '/snapshot/dashlane-cli/node_modules/node-rsa/src/libs/rsa.js' ]
fs.readFileSync [
  '/snapshot/dashlane-cli/node_modules/node-rsa/src/libs/rsa.js',
  'utf8'
]
fs.readSync []
fs.realpathSync [ '/snapshot/dashlane-cli/node_modules/node-rsa/src/utils.js' ]
fs.readFileSync [ '/snapshot/dashlane-cli/node_modules/node-rsa/src/utils.js', 'utf8' ]
fs.readSync []
fs.realpathSync [ '/snapshot/dashlane-cli/node_modules/node-rsa/src/libs/jsbn.js' ]
fs.readFileSync [
  '/snapshot/dashlane-cli/node_modules/node-rsa/src/libs/jsbn.js',
  'utf8'
]
fs.readSync []
fs.realpathSync [ '/snapshot/dashlane-cli/node_modules/node-rsa/src/utils.js' ]
fs.realpathSync [
  '/snapshot/dashlane-cli/node_modules/node-rsa/src/schemes/schemes.js'
]
fs.readFileSync [
  '/snapshot/dashlane-cli/node_modules/node-rsa/src/schemes/schemes.js',
  'utf8'
]
fs.readSync []
fs.realpathSync [ '/snapshot/dashlane-cli/node_modules/node-rsa/src/schemes/pkcs1.js' ]
fs.readFileSync [
  '/snapshot/dashlane-cli/node_modules/node-rsa/src/schemes/pkcs1.js',
  'utf8'
]
fs.readSync []
fs.realpathSync [ '/snapshot/dashlane-cli/node_modules/node-rsa/src/libs/jsbn.js' ]
fs.realpathSync [ '/snapshot/dashlane-cli/node_modules/node-rsa/src/schemes/oaep.js' ]
fs.readFileSync [
  '/snapshot/dashlane-cli/node_modules/node-rsa/src/schemes/oaep.js',
  'utf8'
]
fs.readSync []
fs.realpathSync [ '/snapshot/dashlane-cli/node_modules/node-rsa/src/schemes/pss.js' ]
fs.readFileSync [
  '/snapshot/dashlane-cli/node_modules/node-rsa/src/schemes/pss.js',
  'utf8'
]
fs.readSync []
fs.realpathSync [
  '/snapshot/dashlane-cli/node_modules/node-rsa/src/encryptEngines/encryptEngines.js'
]
fs.readFileSync [
  '/snapshot/dashlane-cli/node_modules/node-rsa/src/encryptEngines/encryptEngines.js',
  'utf8'
]
fs.readSync []
fs.readSync []
fs.realpathSync [ '/snapshot/dashlane-cli/node_modules/asn1/lib/index.js' ]
fs.readFileSync [ '/snapshot/dashlane-cli/node_modules/asn1/lib/index.js', 'utf8' ]
fs.readSync []
fs.realpathSync [ '/snapshot/dashlane-cli/node_modules/asn1/lib/ber/index.js' ]
fs.readFileSync [ '/snapshot/dashlane-cli/node_modules/asn1/lib/ber/index.js', 'utf8' ]
fs.readSync []
fs.realpathSync [ '/snapshot/dashlane-cli/node_modules/asn1/lib/ber/errors.js' ]
fs.readFileSync [
  '/snapshot/dashlane-cli/node_modules/asn1/lib/ber/errors.js',
  'utf8'
]
fs.readSync []
fs.realpathSync [ '/snapshot/dashlane-cli/node_modules/asn1/lib/ber/types.js' ]
fs.readFileSync [ '/snapshot/dashlane-cli/node_modules/asn1/lib/ber/types.js', 'utf8' ]
fs.readSync []
fs.realpathSync [ '/snapshot/dashlane-cli/node_modules/asn1/lib/ber/reader.js' ]
fs.readFileSync [
  '/snapshot/dashlane-cli/node_modules/asn1/lib/ber/reader.js',
  'utf8'
]
fs.readSync []
fs.readSync []
fs.realpathSync [ '/snapshot/dashlane-cli/node_modules/safer-buffer/safer.js' ]
fs.readFileSync [ '/snapshot/dashlane-cli/node_modules/safer-buffer/safer.js', 'utf8' ]
fs.readSync []
fs.realpathSync [ '/snapshot/dashlane-cli/node_modules/asn1/lib/ber/writer.js' ]
fs.readFileSync [
  '/snapshot/dashlane-cli/node_modules/asn1/lib/ber/writer.js',
  'utf8'
]
fs.readSync []
fs.realpathSync [ '/snapshot/dashlane-cli/node_modules/node-rsa/src/utils.js' ]
fs.realpathSync [
  '/snapshot/dashlane-cli/node_modules/node-rsa/src/schemes/schemes.js'
]
fs.realpathSync [
  '/snapshot/dashlane-cli/node_modules/node-rsa/src/formats/formats.js'
]
fs.readFileSync [
  '/snapshot/dashlane-cli/node_modules/node-rsa/src/formats/formats.js',
  'utf8'
]
fs.readSync []
fs.realpathSync [ '/snapshot/dashlane-cli/node_modules/node-rsa/src/utils.js' ]
fs.realpathSync [ '/snapshot/dashlane-cli/node_modules/node-rsa/src/formats/pkcs1.js' ]
fs.readFileSync [
  '/snapshot/dashlane-cli/node_modules/node-rsa/src/formats/pkcs1.js',
  'utf8'
]
fs.readSync []
fs.realpathSync [ '/snapshot/dashlane-cli/node_modules/asn1/lib/index.js' ]
fs.realpathSync [ '/snapshot/dashlane-cli/node_modules/node-rsa/src/formats/pkcs8.js' ]
fs.readFileSync [
  '/snapshot/dashlane-cli/node_modules/node-rsa/src/formats/pkcs8.js',
  'utf8'
]
fs.readSync []
fs.realpathSync [
  '/snapshot/dashlane-cli/node_modules/node-rsa/src/formats/components.js'
]
fs.readFileSync [
  '/snapshot/dashlane-cli/node_modules/node-rsa/src/formats/components.js',
  'utf8'
]
fs.readSync []
fs.realpathSync [
  '/snapshot/dashlane-cli/node_modules/node-rsa/src/formats/openssh.js'
]
fs.readFileSync [
  '/snapshot/dashlane-cli/node_modules/node-rsa/src/formats/openssh.js',
  'utf8'
]
fs.readSync []
fs.realpathSync [ '/snapshot/dashlane-cli/node_modules/node-rsa/src/libs/jsbn.js' ]
fs.realpathSync [ '/snapshot/dashlane-cli/node_modules/cose-js/lib/encrypt.js' ]
fs.readFileSync [
  '/snapshot/dashlane-cli/node_modules/cose-js/lib/encrypt.js',
  'utf8'
]
fs.readSync []
fs.readSync []
fs.realpathSync [ '/snapshot/dashlane-cli/node_modules/node-hkdf-sync/index.js' ]
fs.readFileSync [
  '/snapshot/dashlane-cli/node_modules/node-hkdf-sync/index.js',
  'utf8'
]
fs.readSync []
fs.realpathSync [ '/snapshot/dashlane-cli/node_modules/node-hkdf-sync/lib/hkdf.js' ]
fs.readFileSync [
  '/snapshot/dashlane-cli/node_modules/node-hkdf-sync/lib/hkdf.js',
  'utf8'
]
fs.readSync []
fs.realpathSync [
  '/snapshot/dashlane-cli/node_modules/@dashlane/nsm-attestation/dist/utils.js'
]
fs.readFileSync [
  '/snapshot/dashlane-cli/node_modules/@dashlane/nsm-attestation/dist/utils.js',
  'utf8'
]
fs.readSync []
fs.realpathSync [
  '/snapshot/dashlane-cli/node_modules/@dashlane/nsm-attestation/dist/verifyAttestation.js'
]
fs.readFileSync [
  '/snapshot/dashlane-cli/node_modules/@dashlane/nsm-attestation/dist/verifyAttestation.js',
  'utf8'
]
fs.readSync []
fs.readSync []
fs.realpathSync [ '/snapshot/dashlane-cli/node_modules/pem/dist/index.js' ]
fs.readFileSync [ '/snapshot/dashlane-cli/node_modules/pem/dist/index.js', 'utf8' ]
fs.readSync []
fs.realpathSync [
  '/snapshot/dashlane-cli/node_modules/pem/dist/sourcemap-register.js'
]
fs.readFileSync [
  '/snapshot/dashlane-cli/node_modules/pem/dist/sourcemap-register.js',
  'utf8'
]
fs.readSync []
fs.realpathSync [
  '/snapshot/dashlane-cli/node_modules/@dashlane/nsm-attestation/dist/verifyAttestationSteps/index.js'
]
fs.readFileSync [
  '/snapshot/dashlane-cli/node_modules/@dashlane/nsm-attestation/dist/verifyAttestationSteps/index.js',
  'utf8'
]
fs.readSync []
fs.realpathSync [
  '/snapshot/dashlane-cli/node_modules/@dashlane/nsm-attestation/dist/verifyAttestationSteps/parsePayload.js'
]
fs.readFileSync [
  '/snapshot/dashlane-cli/node_modules/@dashlane/nsm-attestation/dist/verifyAttestationSteps/parsePayload.js',
  'utf8'
]
fs.readSync []
fs.realpathSync [ '/snapshot/dashlane-cli/node_modules/cbor/lib/cbor.js' ]
fs.realpathSync [
  '/snapshot/dashlane-cli/node_modules/@dashlane/nsm-attestation/dist/verifyAttestationSteps/parseSignedMessage.js'
]
fs.readFileSync [
  '/snapshot/dashlane-cli/node_modules/@dashlane/nsm-attestation/dist/verifyAttestationSteps/parseSignedMessage.js',
  'utf8'
]
fs.readSync []
fs.realpathSync [
  '/snapshot/dashlane-cli/node_modules/@dashlane/nsm-attestation/dist/verifyAttestationSteps/verifySignature.js'
]
fs.readFileSync [
  '/snapshot/dashlane-cli/node_modules/@dashlane/nsm-attestation/dist/verifyAttestationSteps/verifySignature.js',
  'utf8'
]
fs.readSync []
fs.realpathSync [ '/snapshot/dashlane-cli/node_modules/cose-js/lib/index.js' ]
fs.realpathSync [
  '/snapshot/dashlane-cli/node_modules/@dashlane/nsm-attestation/dist/types.js'
]
fs.readFileSync [
  '/snapshot/dashlane-cli/node_modules/@dashlane/nsm-attestation/dist/types.js',
  'utf8'
]
fs.readSync []
fs.readSync []
fs.realpathSync [ '/snapshot/dashlane-cli/node_modules/@napi-rs/clipboard/index.js' ]
fs.readFileSync [
  '/snapshot/dashlane-cli/node_modules/@napi-rs/clipboard/index.js',
  'utf8'
]
fs.readSync []
fs.existsSync [
  '/snapshot/dashlane-cli/node_modules/@napi-rs/clipboard/clipboard.darwin-universal.node'
]
fs.existsSync [
  '/Users/cmors/dev/dashlane-cli/bundle/clipboard.darwin-universal.node'
]
fs.existsSync [
  '/Users/cmors/dev/dashlane-cli/bundle/node_modules/@napi-rs/clipboard/clipboard.darwin-universal.node'
]
fs.existsSync [
  '/Users/cmors/dev/dashlane-cli/bundle/@napi-rs/clipboard/clipboard.darwin-universal.node'
]
fs.existsSync [
  '/Users/cmors/dev/dashlane-cli/node_modules/@napi-rs/clipboard/clipboard.darwin-universal.node'
]
fs.existsSync [
  '/Users/cmors/dev/dashlane-cli/@napi-rs/clipboard/clipboard.darwin-universal.node'
]
fs.existsSync [
  '/Users/cmors/dev/node_modules/@napi-rs/clipboard/clipboard.darwin-universal.node'
]
fs.existsSync [
  '/Users/cmors/dev/@napi-rs/clipboard/clipboard.darwin-universal.node'
]
fs.existsSync [
  '/Users/cmors/node_modules/@napi-rs/clipboard/clipboard.darwin-universal.node'
]
fs.existsSync [ '/Users/cmors/@napi-rs/clipboard/clipboard.darwin-universal.node' ]
fs.existsSync [
  '/Users/node_modules/@napi-rs/clipboard/clipboard.darwin-universal.node'
]
fs.existsSync [ '/Users/@napi-rs/clipboard/clipboard.darwin-universal.node' ]
fs.existsSync [ '/node_modules/@napi-rs/clipboard/clipboard.darwin-universal.node' ]
fs.existsSync [ '/@napi-rs/clipboard/clipboard.darwin-universal.node' ]
fs.existsSync [
  '/Users/cmors/dev/dashlane-cli/bundle/clipboard-darwin-universal.node'
]
fs.existsSync [
  '/Users/cmors/dev/dashlane-cli/bundle/node_modules/@napi-rs/clipboard-darwin-universal.node'
]
fs.existsSync [
  '/Users/cmors/dev/dashlane-cli/bundle/@napi-rs/clipboard-darwin-universal.node'
]
fs.existsSync [
  '/Users/cmors/dev/dashlane-cli/node_modules/@napi-rs/clipboard-darwin-universal.node'
]
fs.existsSync [
  '/Users/cmors/dev/dashlane-cli/@napi-rs/clipboard-darwin-universal.node'
]
fs.existsSync [
  '/Users/cmors/dev/node_modules/@napi-rs/clipboard-darwin-universal.node'
]
fs.existsSync [ '/Users/cmors/dev/@napi-rs/clipboard-darwin-universal.node' ]
fs.existsSync [
  '/Users/cmors/node_modules/@napi-rs/clipboard-darwin-universal.node'
]
fs.existsSync [ '/Users/cmors/@napi-rs/clipboard-darwin-universal.node' ]
fs.existsSync [ '/Users/node_modules/@napi-rs/clipboard-darwin-universal.node' ]
fs.existsSync [ '/Users/@napi-rs/clipboard-darwin-universal.node' ]
fs.existsSync [ '/node_modules/@napi-rs/clipboard-darwin-universal.node' ]
fs.existsSync [ '/@napi-rs/clipboard-darwin-universal.node' ]
fs.existsSync [
  '/snapshot/dashlane-cli/node_modules/@napi-rs/clipboard/clipboard.darwin-arm64.node'
]
fs.existsSync [ '/Users/cmors/dev/dashlane-cli/bundle/clipboard.darwin-arm64.node' ]
fs.existsSync [
  '/Users/cmors/dev/dashlane-cli/bundle/node_modules/@napi-rs/clipboard/clipboard.darwin-arm64.node'
]
fs.existsSync [
  '/Users/cmors/dev/dashlane-cli/bundle/@napi-rs/clipboard/clipboard.darwin-arm64.node'
]
fs.existsSync [
  '/Users/cmors/dev/dashlane-cli/node_modules/@napi-rs/clipboard/clipboard.darwin-arm64.node'
]
fs.existsSync [
  '/Users/cmors/dev/dashlane-cli/@napi-rs/clipboard/clipboard.darwin-arm64.node'
]
fs.existsSync [
  '/Users/cmors/dev/node_modules/@napi-rs/clipboard/clipboard.darwin-arm64.node'
]
fs.existsSync [ '/Users/cmors/dev/@napi-rs/clipboard/clipboard.darwin-arm64.node' ]
fs.existsSync [
  '/Users/cmors/node_modules/@napi-rs/clipboard/clipboard.darwin-arm64.node'
]
fs.existsSync [ '/Users/cmors/@napi-rs/clipboard/clipboard.darwin-arm64.node' ]
fs.existsSync [
  '/Users/node_modules/@napi-rs/clipboard/clipboard.darwin-arm64.node'
]
fs.existsSync [ '/Users/@napi-rs/clipboard/clipboard.darwin-arm64.node' ]
fs.existsSync [ '/node_modules/@napi-rs/clipboard/clipboard.darwin-arm64.node' ]
fs.existsSync [ '/@napi-rs/clipboard/clipboard.darwin-arm64.node' ]
fs.readSync []
fs.realpathSync [
  '/snapshot/dashlane-cli/node_modules/@napi-rs/clipboard-darwin-arm64/clipboard.darwin-arm64.node'
]
fs.readFileSync [
  '/snapshot/dashlane-cli/node_modules/@napi-rs/clipboard-darwin-arm64/clipboard.darwin-arm64.node'
]
fs.readSync []
fs.existsSync [
  '/var/folders/n_/gy00qm_s2wx3mn0xfnf_ll_m0000gq/T/pkg/826a881a62c4647401f5da5ad7202a3de2496ab81e74a51f4eeb2c99030e2de0'
]
fs.existsSync [
  '/var/folders/n_/gy00qm_s2wx3mn0xfnf_ll_m0000gq/T/pkg/826a881a62c4647401f5da5ad7202a3de2496ab81e74a51f4eeb2c99030e2de0/@napi-rs'
]
fs.lstatSync [ '/snapshot/dashlane-cli/node_modules/@napi-rs' ]
fs.readSync []
fs.readdirSync [ '/snapshot/dashlane-cli/node_modules/@napi-rs' ]
fs.readSync []
fs.lstatSync [ '/snapshot/dashlane-cli/node_modules/@napi-rs/clipboard' ]
fs.readSync []
fs.existsSync [
  '/var/folders/n_/gy00qm_s2wx3mn0xfnf_ll_m0000gq/T/pkg/826a881a62c4647401f5da5ad7202a3de2496ab81e74a51f4eeb2c99030e2de0/@napi-rs/clipboard'
]
fs.lstatSync [ '/snapshot/dashlane-cli/node_modules/@napi-rs/clipboard' ]
fs.readSync []
fs.readdirSync [ '/snapshot/dashlane-cli/node_modules/@napi-rs/clipboard' ]
fs.readSync []
fs.lstatSync [
  '/snapshot/dashlane-cli/node_modules/@napi-rs/clipboard/package.json'
]
fs.readSync []
fs.existsSync [
  '/var/folders/n_/gy00qm_s2wx3mn0xfnf_ll_m0000gq/T/pkg/826a881a62c4647401f5da5ad7202a3de2496ab81e74a51f4eeb2c99030e2de0/@napi-rs/clipboard/package.json'
]
fs.readFileSync [
  '/snapshot/dashlane-cli/node_modules/@napi-rs/clipboard/package.json'
]
fs.readSync []
fs.readFileSync [
  '/var/folders/n_/gy00qm_s2wx3mn0xfnf_ll_m0000gq/T/pkg/826a881a62c4647401f5da5ad7202a3de2496ab81e74a51f4eeb2c99030e2de0/@napi-rs/clipboard/package.json'
]
fs.openSync [
  '/var/folders/n_/gy00qm_s2wx3mn0xfnf_ll_m0000gq/T/pkg/826a881a62c4647401f5da5ad7202a3de2496ab81e74a51f4eeb2c99030e2de0/@napi-rs/clipboard/package.json'
]
fs.readSync []
fs.closeSync []
fs.lstatSync [ '/snapshot/dashlane-cli/node_modules/@napi-rs/clipboard/index.js' ]
fs.readSync []
fs.existsSync [
  '/var/folders/n_/gy00qm_s2wx3mn0xfnf_ll_m0000gq/T/pkg/826a881a62c4647401f5da5ad7202a3de2496ab81e74a51f4eeb2c99030e2de0/@napi-rs/clipboard/index.js'
]
fs.readFileSync [ '/snapshot/dashlane-cli/node_modules/@napi-rs/clipboard/index.js' ]
fs.readSync []
fs.readFileSync [
  '/var/folders/n_/gy00qm_s2wx3mn0xfnf_ll_m0000gq/T/pkg/826a881a62c4647401f5da5ad7202a3de2496ab81e74a51f4eeb2c99030e2de0/@napi-rs/clipboard/index.js'
]
fs.openSync [
  '/var/folders/n_/gy00qm_s2wx3mn0xfnf_ll_m0000gq/T/pkg/826a881a62c4647401f5da5ad7202a3de2496ab81e74a51f4eeb2c99030e2de0/@napi-rs/clipboard/index.js'
]
fs.readSync []
fs.closeSync []
fs.lstatSync [ '/snapshot/dashlane-cli/node_modules/@napi-rs/keyring' ]
fs.readSync []
fs.existsSync [
  '/var/folders/n_/gy00qm_s2wx3mn0xfnf_ll_m0000gq/T/pkg/826a881a62c4647401f5da5ad7202a3de2496ab81e74a51f4eeb2c99030e2de0/@napi-rs/keyring'
]
fs.lstatSync [ '/snapshot/dashlane-cli/node_modules/@napi-rs/keyring' ]
fs.readSync []
fs.readdirSync [ '/snapshot/dashlane-cli/node_modules/@napi-rs/keyring' ]
fs.readSync []
fs.lstatSync [ '/snapshot/dashlane-cli/node_modules/@napi-rs/keyring/package.json' ]
fs.readSync []
fs.existsSync [
  '/var/folders/n_/gy00qm_s2wx3mn0xfnf_ll_m0000gq/T/pkg/826a881a62c4647401f5da5ad7202a3de2496ab81e74a51f4eeb2c99030e2de0/@napi-rs/keyring/package.json'
]
fs.readFileSync [ '/snapshot/dashlane-cli/node_modules/@napi-rs/keyring/package.json' ]
fs.readSync []
fs.readFileSync [
  '/var/folders/n_/gy00qm_s2wx3mn0xfnf_ll_m0000gq/T/pkg/826a881a62c4647401f5da5ad7202a3de2496ab81e74a51f4eeb2c99030e2de0/@napi-rs/keyring/package.json'
]
fs.openSync [
  '/var/folders/n_/gy00qm_s2wx3mn0xfnf_ll_m0000gq/T/pkg/826a881a62c4647401f5da5ad7202a3de2496ab81e74a51f4eeb2c99030e2de0/@napi-rs/keyring/package.json'
]
fs.readSync []
fs.closeSync []
fs.lstatSync [ '/snapshot/dashlane-cli/node_modules/@napi-rs/keyring/index.js' ]
fs.readSync []
fs.existsSync [
  '/var/folders/n_/gy00qm_s2wx3mn0xfnf_ll_m0000gq/T/pkg/826a881a62c4647401f5da5ad7202a3de2496ab81e74a51f4eeb2c99030e2de0/@napi-rs/keyring/index.js'
]
fs.readFileSync [ '/snapshot/dashlane-cli/node_modules/@napi-rs/keyring/index.js' ]
fs.readSync []
fs.readFileSync [
  '/var/folders/n_/gy00qm_s2wx3mn0xfnf_ll_m0000gq/T/pkg/826a881a62c4647401f5da5ad7202a3de2496ab81e74a51f4eeb2c99030e2de0/@napi-rs/keyring/index.js'
]
fs.openSync [
  '/var/folders/n_/gy00qm_s2wx3mn0xfnf_ll_m0000gq/T/pkg/826a881a62c4647401f5da5ad7202a3de2496ab81e74a51f4eeb2c99030e2de0/@napi-rs/keyring/index.js'
]
fs.readSync []
fs.closeSync []
fs.lstatSync [ '/snapshot/dashlane-cli/node_modules/@napi-rs/keyring/index.d.ts' ]
fs.readSync []
fs.existsSync [
  '/var/folders/n_/gy00qm_s2wx3mn0xfnf_ll_m0000gq/T/pkg/826a881a62c4647401f5da5ad7202a3de2496ab81e74a51f4eeb2c99030e2de0/@napi-rs/keyring/index.d.ts'
]
fs.readFileSync [ '/snapshot/dashlane-cli/node_modules/@napi-rs/keyring/index.d.ts' ]
fs.readSync []
fs.readFileSync [
  '/var/folders/n_/gy00qm_s2wx3mn0xfnf_ll_m0000gq/T/pkg/826a881a62c4647401f5da5ad7202a3de2496ab81e74a51f4eeb2c99030e2de0/@napi-rs/keyring/index.d.ts'
]
fs.openSync [
  '/var/folders/n_/gy00qm_s2wx3mn0xfnf_ll_m0000gq/T/pkg/826a881a62c4647401f5da5ad7202a3de2496ab81e74a51f4eeb2c99030e2de0/@napi-rs/keyring/index.d.ts'
]
fs.readSync []
fs.closeSync []
fs.lstatSync [ '/snapshot/dashlane-cli/node_modules/@napi-rs/keyring/keytar.js' ]
fs.readSync []
fs.existsSync [
  '/var/folders/n_/gy00qm_s2wx3mn0xfnf_ll_m0000gq/T/pkg/826a881a62c4647401f5da5ad7202a3de2496ab81e74a51f4eeb2c99030e2de0/@napi-rs/keyring/keytar.js'
]
fs.readFileSync [ '/snapshot/dashlane-cli/node_modules/@napi-rs/keyring/keytar.js' ]
fs.readSync []
fs.readFileSync [
  '/var/folders/n_/gy00qm_s2wx3mn0xfnf_ll_m0000gq/T/pkg/826a881a62c4647401f5da5ad7202a3de2496ab81e74a51f4eeb2c99030e2de0/@napi-rs/keyring/keytar.js'
]
fs.openSync [
  '/var/folders/n_/gy00qm_s2wx3mn0xfnf_ll_m0000gq/T/pkg/826a881a62c4647401f5da5ad7202a3de2496ab81e74a51f4eeb2c99030e2de0/@napi-rs/keyring/keytar.js'
]
fs.readSync []
fs.closeSync []
fs.lstatSync [ '/snapshot/dashlane-cli/node_modules/@napi-rs/keyring/keytar.d.ts' ]
fs.readSync []
fs.existsSync [
  '/var/folders/n_/gy00qm_s2wx3mn0xfnf_ll_m0000gq/T/pkg/826a881a62c4647401f5da5ad7202a3de2496ab81e74a51f4eeb2c99030e2de0/@napi-rs/keyring/keytar.d.ts'
]
fs.readFileSync [ '/snapshot/dashlane-cli/node_modules/@napi-rs/keyring/keytar.d.ts' ]
fs.readSync []
fs.readFileSync [
  '/var/folders/n_/gy00qm_s2wx3mn0xfnf_ll_m0000gq/T/pkg/826a881a62c4647401f5da5ad7202a3de2496ab81e74a51f4eeb2c99030e2de0/@napi-rs/keyring/keytar.d.ts'
]
fs.openSync [
  '/var/folders/n_/gy00qm_s2wx3mn0xfnf_ll_m0000gq/T/pkg/826a881a62c4647401f5da5ad7202a3de2496ab81e74a51f4eeb2c99030e2de0/@napi-rs/keyring/keytar.d.ts'
]
fs.readSync []
fs.closeSync []
fs.lstatSync [
  '/snapshot/dashlane-cli/node_modules/@napi-rs/clipboard-darwin-arm64'
]
fs.readSync []
fs.existsSync [
  '/var/folders/n_/gy00qm_s2wx3mn0xfnf_ll_m0000gq/T/pkg/826a881a62c4647401f5da5ad7202a3de2496ab81e74a51f4eeb2c99030e2de0/@napi-rs/clipboard-darwin-arm64'
]
fs.lstatSync [
  '/snapshot/dashlane-cli/node_modules/@napi-rs/clipboard-darwin-arm64'
]
fs.readSync []
fs.readdirSync [
  '/snapshot/dashlane-cli/node_modules/@napi-rs/clipboard-darwin-arm64'
]
fs.readSync []
fs.lstatSync [
  '/snapshot/dashlane-cli/node_modules/@napi-rs/clipboard-darwin-arm64/package.json'
]
fs.readSync []
fs.existsSync [
  '/var/folders/n_/gy00qm_s2wx3mn0xfnf_ll_m0000gq/T/pkg/826a881a62c4647401f5da5ad7202a3de2496ab81e74a51f4eeb2c99030e2de0/@napi-rs/clipboard-darwin-arm64/package.json'
]
fs.readFileSync [
  '/snapshot/dashlane-cli/node_modules/@napi-rs/clipboard-darwin-arm64/package.json'
]
fs.readSync []
fs.readFileSync [
  '/var/folders/n_/gy00qm_s2wx3mn0xfnf_ll_m0000gq/T/pkg/826a881a62c4647401f5da5ad7202a3de2496ab81e74a51f4eeb2c99030e2de0/@napi-rs/clipboard-darwin-arm64/package.json'
]
fs.openSync [
  '/var/folders/n_/gy00qm_s2wx3mn0xfnf_ll_m0000gq/T/pkg/826a881a62c4647401f5da5ad7202a3de2496ab81e74a51f4eeb2c99030e2de0/@napi-rs/clipboard-darwin-arm64/package.json'
]
fs.readSync []
fs.closeSync []
fs.lstatSync [
  '/snapshot/dashlane-cli/node_modules/@napi-rs/clipboard-darwin-arm64/clipboard.darwin-arm64.node'
]
fs.readSync []
fs.existsSync [
  '/var/folders/n_/gy00qm_s2wx3mn0xfnf_ll_m0000gq/T/pkg/826a881a62c4647401f5da5ad7202a3de2496ab81e74a51f4eeb2c99030e2de0/@napi-rs/clipboard-darwin-arm64/clipboard.darwin-arm64.node'
]
fs.readFileSync [
  '/snapshot/dashlane-cli/node_modules/@napi-rs/clipboard-darwin-arm64/clipboard.darwin-arm64.node'
]
fs.readSync []
fs.readFileSync [
  '/var/folders/n_/gy00qm_s2wx3mn0xfnf_ll_m0000gq/T/pkg/826a881a62c4647401f5da5ad7202a3de2496ab81e74a51f4eeb2c99030e2de0/@napi-rs/clipboard-darwin-arm64/clipboard.darwin-arm64.node'
]
fs.openSync [
  '/var/folders/n_/gy00qm_s2wx3mn0xfnf_ll_m0000gq/T/pkg/826a881a62c4647401f5da5ad7202a3de2496ab81e74a51f4eeb2c99030e2de0/@napi-rs/clipboard-darwin-arm64/clipboard.darwin-arm64.node'
]
fs.readSync []
fs.closeSync []
fs.lstatSync [ '/snapshot/dashlane-cli/node_modules/@napi-rs/keyring-darwin-arm64' ]
fs.readSync []
fs.existsSync [
  '/var/folders/n_/gy00qm_s2wx3mn0xfnf_ll_m0000gq/T/pkg/826a881a62c4647401f5da5ad7202a3de2496ab81e74a51f4eeb2c99030e2de0/@napi-rs/keyring-darwin-arm64'
]
fs.lstatSync [ '/snapshot/dashlane-cli/node_modules/@napi-rs/keyring-darwin-arm64' ]
fs.readSync []
fs.readdirSync [ '/snapshot/dashlane-cli/node_modules/@napi-rs/keyring-darwin-arm64' ]
fs.readSync []
fs.lstatSync [
  '/snapshot/dashlane-cli/node_modules/@napi-rs/keyring-darwin-arm64/package.json'
]
fs.readSync []
fs.existsSync [
  '/var/folders/n_/gy00qm_s2wx3mn0xfnf_ll_m0000gq/T/pkg/826a881a62c4647401f5da5ad7202a3de2496ab81e74a51f4eeb2c99030e2de0/@napi-rs/keyring-darwin-arm64/package.json'
]
fs.readFileSync [
  '/snapshot/dashlane-cli/node_modules/@napi-rs/keyring-darwin-arm64/package.json'
]
fs.readSync []
fs.readFileSync [
  '/var/folders/n_/gy00qm_s2wx3mn0xfnf_ll_m0000gq/T/pkg/826a881a62c4647401f5da5ad7202a3de2496ab81e74a51f4eeb2c99030e2de0/@napi-rs/keyring-darwin-arm64/package.json'
]
fs.openSync [
  '/var/folders/n_/gy00qm_s2wx3mn0xfnf_ll_m0000gq/T/pkg/826a881a62c4647401f5da5ad7202a3de2496ab81e74a51f4eeb2c99030e2de0/@napi-rs/keyring-darwin-arm64/package.json'
]
fs.readSync []
fs.closeSync []
fs.lstatSync [
  '/snapshot/dashlane-cli/node_modules/@napi-rs/keyring-darwin-arm64/keyring.darwin-arm64.node'
]
fs.readSync []
fs.existsSync [
  '/var/folders/n_/gy00qm_s2wx3mn0xfnf_ll_m0000gq/T/pkg/826a881a62c4647401f5da5ad7202a3de2496ab81e74a51f4eeb2c99030e2de0/@napi-rs/keyring-darwin-arm64/keyring.darwin-arm64.node'
]
fs.readFileSync [
  '/snapshot/dashlane-cli/node_modules/@napi-rs/keyring-darwin-arm64/keyring.darwin-arm64.node'
]
fs.readSync []
fs.readFileSync [
  '/var/folders/n_/gy00qm_s2wx3mn0xfnf_ll_m0000gq/T/pkg/826a881a62c4647401f5da5ad7202a3de2496ab81e74a51f4eeb2c99030e2de0/@napi-rs/keyring-darwin-arm64/keyring.darwin-arm64.node'
]
fs.openSync [
  '/var/folders/n_/gy00qm_s2wx3mn0xfnf_ll_m0000gq/T/pkg/826a881a62c4647401f5da5ad7202a3de2496ab81e74a51f4eeb2c99030e2de0/@napi-rs/keyring-darwin-arm64/keyring.darwin-arm64.node'
]
fs.readSync []
fs.closeSync []
